2026-09-02 09:32:55,830 78 WARNING ? odoo.tools.config: missing --http-interface/http_interface, using 0.0.0.0 by default, will change to 127.0.0.1 in 20.0 
2026-09-02 09:32:55,831 78 INFO ? odoo: Odoo version 19.0-20260817 
2026-09-02 09:32:55,836 78 INFO ? odoo: Using configuration file at /etc/odoo/odoo.conf 
2026-09-02 09:32:55,836 78 INFO ? odoo: addons paths: _NamespacePath(['/usr/lib/python3/dist-packages/odoo/addons', '/var/lib/odoo/addons/19.0', '/mnt/extra-addons', '/usr/lib/python3/dist-packages/addons']) 
2026-09-02 09:32:55,836 78 INFO ? odoo: database: odoo@wave3_pg:default 
2026-09-02 09:32:58,314 78 INFO sgc_install odoo.modules.loading: Initializing database sgc_install 
2026-09-02 09:33:08,113 78 INFO sgc_install odoo.modules.loading: loading 1 modules... 
2026-09-02 09:33:08,114 78 INFO sgc_install odoo.modules.loading: Loading module base (1/1) 
2026-09-02 09:33:08,212 78 INFO sgc_install odoo.registry: module base: creating or updating database tables 
2026-09-02 09:33:10,528 78 INFO sgc_install odoo.models: Prepare computation of ir.module.module.menus_by_module 
2026-09-02 09:33:10,528 78 INFO sgc_install odoo.models: Prepare computation of ir.module.module.reports_by_module 
2026-09-02 09:33:10,528 78 INFO sgc_install odoo.models: Prepare computation of ir.module.module.views_by_module 
2026-09-02 09:33:11,203 78 INFO sgc_install odoo.models: Prepare computation of res.partner.user_id 
2026-09-02 09:33:11,203 78 INFO sgc_install odoo.models: Prepare computation of res.partner.commercial_partner_id 
2026-09-02 09:33:11,203 78 INFO sgc_install odoo.models: Prepare computation of res.partner.complete_name 
2026-09-02 09:33:11,203 78 INFO sgc_install odoo.models: Prepare computation of res.partner.lang 
2026-09-02 09:33:11,204 78 INFO sgc_install odoo.models: Prepare computation of res.partner.company_registry 
2026-09-02 09:33:11,204 78 INFO sgc_install odoo.models: Prepare computation of res.partner.commercial_company_name 
2026-09-02 09:33:11,204 78 INFO sgc_install odoo.models: Prepare computation of res.partner.properties 
2026-09-02 09:33:11,204 78 INFO sgc_install odoo.models: Prepare computation of res.partner.partner_share 
2026-09-02 09:33:11,369 78 INFO sgc_install odoo.models: Prepare computation of res.currency.decimal_places 
2026-09-02 09:33:11,554 78 INFO sgc_install odoo.models: Prepare computation of res.company.uses_default_logo 
2026-09-02 09:33:11,554 78 INFO sgc_install odoo.models: Prepare computation of res.company.logo_web 
2026-09-02 09:33:11,566 78 INFO sgc_install odoo.models: Computing parent_path for table res_company... 
2026-09-02 09:33:11,741 78 INFO sgc_install odoo.models: Prepare computation of res.users.signature 
2026-09-02 09:33:11,741 78 INFO sgc_install odoo.models: Prepare computation of res.users.share 
2026-09-02 09:33:20,689 78 INFO sgc_install odoo.modules.loading: loading base/data/res_bank.xml 
2026-09-02 09:33:20,719 78 INFO sgc_install odoo.modules.loading: loading base/data/res.lang.csv 
2026-09-02 09:33:20,940 78 INFO sgc_install odoo.modules.loading: loading base/data/res_lang_data.xml 
2026-09-02 09:33:21,097 78 INFO sgc_install odoo.modules.loading: loading base/data/res_partner_data.xml 
2026-09-02 09:33:21,357 78 INFO sgc_install odoo.modules.loading: loading base/data/res_currency_data.xml 
2026-09-02 09:33:23,842 78 INFO sgc_install odoo.modules.loading: loading base/data/res_company_data.xml 
2026-09-02 09:33:23,867 78 INFO sgc_install odoo.modules.loading: loading base/data/res_users_data.xml 
2026-09-02 09:33:28,008 78 INFO sgc_install odoo.modules.loading: loading base/data/report_paperformat_data.xml 
2026-09-02 09:33:28,058 78 INFO sgc_install odoo.modules.loading: loading base/data/res_country_data.xml 
2026-09-02 09:33:31,286 78 INFO sgc_install odoo.modules.loading: loading base/data/ir_demo_data.xml 
2026-09-02 09:33:31,342 78 INFO sgc_install odoo.modules.loading: loading base/security/base_groups.xml 
2026-09-02 09:33:32,265 78 INFO sgc_install odoo.modules.loading: loading base/security/base_security.xml 
2026-09-02 09:33:33,646 78 INFO sgc_install odoo.modules.loading: loading base/wizard/wizard_ir_model_menu_create_views.xml 
2026-09-02 09:33:34,881 78 INFO sgc_install odoo.modules.loading: loading base/views/base_menus.xml 
2026-09-02 09:33:36,808 78 INFO sgc_install odoo.modules.loading: loading base/views/decimal_precision_views.xml 
2026-09-02 09:33:36,911 78 INFO sgc_install odoo.modules.loading: loading base/views/res_config_views.xml 
2026-09-02 09:33:36,943 78 INFO sgc_install odoo.modules.loading: loading base/data/res.country.state.csv 
2026-09-02 09:33:38,605 78 INFO sgc_install odoo.modules.loading: loading base/views/ir_actions_views.xml 
2026-09-02 09:33:39,331 78 INFO sgc_install odoo.modules.loading: loading base/views/ir_asset_views.xml 
2026-09-02 09:33:39,427 78 INFO sgc_install odoo.modules.loading: loading base/views/ir_config_parameter_views.xml 
2026-09-02 09:33:39,521 78 INFO sgc_install odoo.modules.loading: loading base/views/ir_cron_views.xml 
2026-09-02 09:33:39,687 78 INFO sgc_install odoo.modules.loading: loading base/views/ir_cron_trigger_views.xml 
2026-09-02 09:33:39,787 78 INFO sgc_install odoo.modules.loading: loading base/views/ir_filters_views.xml 
2026-09-02 09:33:39,915 78 INFO sgc_install odoo.modules.loading: loading base/views/ir_mail_server_views.xml 
2026-09-02 09:33:40,041 78 INFO sgc_install odoo.modules.loading: loading base/views/ir_model_views.xml 
2026-09-02 09:33:40,760 78 INFO sgc_install odoo.modules.loading: loading base/views/ir_attachment_views.xml 
2026-09-02 09:33:40,869 78 INFO sgc_install odoo.modules.loading: loading base/views/ir_rule_views.xml 
2026-09-02 09:33:40,998 78 INFO sgc_install odoo.modules.loading: loading base/views/ir_sequence_views.xml 
2026-09-02 09:33:41,139 78 INFO sgc_install odoo.modules.loading: loading base/views/ir_ui_menu_views.xml 
2026-09-02 09:33:41,228 78 INFO sgc_install odoo.modules.loading: loading base/views/ir_ui_view_views.xml 
2026-09-02 09:33:41,485 78 INFO sgc_install odoo.modules.loading: loading base/views/ir_default_views.xml 
2026-09-02 09:33:41,607 78 INFO sgc_install odoo.modules.loading: loading base/data/ir_config_parameter_data.xml 
2026-09-02 09:33:41,625 78 INFO sgc_install odoo.modules.loading: loading base/data/ir_cron_data.xml 
2026-09-02 09:33:41,699 78 INFO sgc_install odoo.modules.loading: loading base/report/ir_model_report.xml 
2026-09-02 09:33:41,727 78 INFO sgc_install odoo.modules.loading: loading base/report/ir_model_templates.xml 
2026-09-02 09:33:41,765 78 INFO sgc_install odoo.modules.loading: loading base/views/ir_logging_views.xml 
2026-09-02 09:33:41,894 78 INFO sgc_install odoo.modules.loading: loading base/views/ir_qweb_widget_templates.xml 
2026-09-02 09:33:41,977 78 INFO sgc_install odoo.modules.loading: loading base/views/ir_module_views.xml 
2026-09-02 09:33:42,271 78 INFO sgc_install odoo.modules.loading: loading base/data/ir_module_category_data.xml 
2026-09-02 09:33:42,474 78 INFO sgc_install odoo.modules.loading: loading base/data/ir_module_module.xml 
2026-09-02 09:33:42,945 78 INFO sgc_install odoo.modules.loading: loading base/report/ir_module_reports.xml 
2026-09-02 09:33:42,963 78 INFO sgc_install odoo.modules.loading: loading base/report/ir_module_report_templates.xml 
2026-09-02 09:33:42,999 78 INFO sgc_install odoo.modules.loading: loading base/wizard/base_module_update_views.xml 
2026-09-02 09:33:43,063 78 INFO sgc_install odoo.modules.loading: loading base/wizard/base_language_install_views.xml 
2026-09-02 09:33:43,154 78 INFO sgc_install odoo.modules.loading: loading base/wizard/base_import_language_views.xml 
2026-09-02 09:33:43,208 78 INFO sgc_install odoo.modules.loading: loading base/wizard/base_module_upgrade_views.xml 
2026-09-02 09:33:43,277 78 INFO sgc_install odoo.modules.loading: loading base/wizard/base_module_uninstall_views.xml 
2026-09-02 09:33:43,324 78 INFO sgc_install odoo.modules.loading: loading base/wizard/base_export_language_views.xml 
2026-09-02 09:33:43,375 78 INFO sgc_install odoo.modules.loading: loading base/wizard/base_partner_merge_views.xml 
2026-09-02 09:33:43,445 78 INFO sgc_install odoo.modules.loading: loading base/data/ir_demo_failure_data.xml 
2026-09-02 09:33:43,527 78 INFO sgc_install odoo.modules.loading: loading base/views/ir_profile_views.xml 
2026-09-02 09:33:43,646 78 INFO sgc_install odoo.modules.loading: loading base/views/res_company_views.xml 
2026-09-02 09:33:43,746 78 INFO sgc_install odoo.modules.loading: loading base/views/res_lang_views.xml 
2026-09-02 09:33:43,846 78 INFO sgc_install odoo.modules.loading: loading base/views/res_partner_views.xml 
2026-09-02 09:33:44,339 78 INFO sgc_install odoo.modules.loading: loading base/views/res_bank_views.xml 
2026-09-02 09:33:44,505 78 INFO sgc_install odoo.modules.loading: loading base/views/res_country_views.xml 
2026-09-02 09:33:44,752 78 INFO sgc_install odoo.modules.loading: loading base/views/res_currency_views.xml 
2026-09-02 09:33:44,948 78 INFO sgc_install odoo.modules.loading: loading base/views/res_groups_views.xml 
2026-09-02 09:33:45,183 78 INFO sgc_install odoo.modules.loading: loading base/views/res_users_views.xml 
2026-09-02 09:33:45,717 78 INFO sgc_install odoo.modules.loading: loading base/views/res_users_apikeys_views.xml 
2026-09-02 09:33:45,765 78 INFO sgc_install odoo.modules.loading: loading base/views/res_device_views.xml 
2026-09-02 09:33:45,891 78 INFO sgc_install odoo.modules.loading: loading base/views/res_users_identitycheck_views.xml 
2026-09-02 09:33:45,964 78 INFO sgc_install odoo.modules.loading: loading base/views/res_config_settings_views.xml 
2026-09-02 09:33:46,009 78 INFO sgc_install odoo.modules.loading: loading base/views/report_paperformat_views.xml 
2026-09-02 09:33:46,117 78 INFO sgc_install odoo.modules.loading: loading base/security/ir.model.access.csv 
2026-09-02 09:33:46,984 78 INFO sgc_install odoo.modules.loading: Module base loaded in 38.87s, 8454 queries (+8454 other) 
2026-09-02 09:33:46,984 78 INFO sgc_install odoo.modules.loading: 1 modules loaded in 38.87s, 8454 queries (+8454 extra) 
2026-09-02 09:33:47,002 78 INFO sgc_install odoo.modules.loading: updating modules list 
2026-09-02 09:33:47,004 78 INFO sgc_install odoo.addons.base.models.ir_module: ALLOW access to module.update_list on [] to user __system__ #1 via n/a 
2026-09-02 09:33:51,815 78 INFO sgc_install odoo.addons.base.models.ir_module: ALLOW access to module.button_install on ['SGC Regulatory Rules Pack', 'SGC Process Control', 'SGC Tenant Readiness'] to user __system__ #1 via n/a 
2026-09-02 09:33:52,241 78 INFO sgc_install odoo.modules.loading: loading 30 modules... 
2026-09-02 09:33:52,242 78 INFO sgc_install odoo.modules.loading: Loading module rpc (2/30) 
2026-09-02 09:33:52,382 78 INFO sgc_install odoo.modules.loading: Module rpc loaded in 0.14s, 9 queries (+9 other) 
2026-09-02 09:33:52,383 78 INFO sgc_install odoo.modules.loading: Loading module web (3/30) 
2026-09-02 09:33:52,571 78 INFO sgc_install odoo.registry: module web: creating or updating database tables 
2026-09-02 09:33:55,652 78 INFO sgc_install odoo.modules.loading: loading web/security/ir.model.access.csv 
2026-09-02 09:33:55,687 78 INFO sgc_install odoo.modules.loading: loading web/security/web_security.xml 
2026-09-02 09:33:55,732 78 INFO sgc_install odoo.modules.loading: loading web/views/webclient_templates.xml 
2026-09-02 09:33:55,978 78 INFO sgc_install odoo.modules.loading: loading web/views/report_templates.xml 
2026-09-02 09:33:56,439 78 INFO sgc_install odoo.modules.loading: loading web/views/base_document_layout_views.xml 
2026-09-02 09:33:56,497 78 INFO sgc_install odoo.modules.loading: loading web/views/partner_view.xml 
2026-09-02 09:33:56,528 78 INFO sgc_install odoo.modules.loading: loading web/views/speedscope_template.xml 
2026-09-02 09:33:56,540 78 INFO sgc_install odoo.modules.loading: loading web/views/memory_template.xml 
2026-09-02 09:33:56,570 78 INFO sgc_install odoo.modules.loading: loading web/views/speedscope_config_wizard.xml 
2026-09-02 09:33:56,625 78 INFO sgc_install odoo.modules.loading: loading web/views/neutralize_views.xml 
2026-09-02 09:33:56,670 78 INFO sgc_install odoo.modules.loading: loading web/views/ir_ui_view_views.xml 
2026-09-02 09:33:56,752 78 INFO sgc_install odoo.modules.loading: loading web/data/ir_attachment.xml 
2026-09-02 09:33:56,778 78 INFO sgc_install odoo.modules.loading: loading web/data/report_layout.xml 
2026-09-02 09:33:57,088 78 INFO sgc_install odoo.modules.loading: Module web loaded in 4.71s, 1232 queries (+1232 other) 
2026-09-02 09:33:57,088 78 INFO sgc_install odoo.modules.loading: Loading module api_doc (4/30) 
2026-09-02 09:33:57,136 78 INFO sgc_install odoo.registry: module api_doc: creating or updating database tables 
2026-09-02 09:33:57,242 78 INFO sgc_install odoo.modules.loading: loading api_doc/security/res_groups.xml 
2026-09-02 09:33:57,332 78 INFO sgc_install odoo.modules.loading: loading api_doc/views/docclient.xml 
2026-09-02 09:33:57,413 78 INFO sgc_install odoo.modules.loading: Module api_doc loaded in 0.32s, 63 queries (+63 other) 
2026-09-02 09:33:57,413 78 INFO sgc_install odoo.modules.loading: Loading module auth_totp (5/30) 
2026-09-02 09:33:57,581 78 INFO sgc_install odoo.registry: module auth_totp: creating or updating database tables 
2026-09-02 09:33:58,038 78 INFO sgc_install odoo.modules.loading: loading auth_totp/security/security.xml 
2026-09-02 09:33:58,142 78 INFO sgc_install odoo.modules.loading: loading auth_totp/security/ir.model.access.csv 
2026-09-02 09:33:58,173 78 INFO sgc_install odoo.modules.loading: loading auth_totp/data/ir_action_data.xml 
2026-09-02 09:33:58,209 78 INFO sgc_install odoo.modules.loading: loading auth_totp/views/res_users_views.xml 
2026-09-02 09:33:58,367 78 INFO sgc_install odoo.modules.loading: loading auth_totp/views/templates.xml 
2026-09-02 09:33:58,488 78 INFO sgc_install odoo.modules.loading: loading auth_totp/wizard/auth_totp_wizard_views.xml 
2026-09-02 09:33:58,570 78 INFO sgc_install odoo.modules.loading: Module auth_totp loaded in 1.16s, 218 queries (+218 other) 
2026-09-02 09:33:58,574 78 INFO sgc_install odoo.modules.loading: Loading module base_import (6/30) 
2026-09-02 09:33:58,685 78 INFO sgc_install odoo.registry: module base_import: creating or updating database tables 
2026-09-02 09:34:01,029 78 INFO sgc_install odoo.modules.loading: loading base_import/security/ir.model.access.csv 
2026-09-02 09:34:01,112 78 INFO sgc_install odoo.modules.loading: Module base_import loaded in 2.54s, 956 queries (+956 other) 
2026-09-02 09:34:01,112 78 INFO sgc_install odoo.modules.loading: Loading module base_import_module (7/30) 
2026-09-02 09:34:01,136 78 INFO sgc_install odoo.registry: module base_import_module: creating or updating database tables 
2026-09-02 09:34:01,551 78 INFO sgc_install odoo.modules.loading: loading base_import_module/security/ir.model.access.csv 
2026-09-02 09:34:01,585 78 INFO sgc_install odoo.modules.loading: loading base_import_module/views/base_import_module_view.xml 
2026-09-02 09:34:01,664 78 INFO sgc_install odoo.modules.loading: loading base_import_module/views/ir_module_views.xml 
2026-09-02 09:34:01,913 78 INFO sgc_install odoo.modules.loading: Module base_import_module loaded in 0.80s, 172 queries (+172 other) 
2026-09-02 09:34:01,913 78 INFO sgc_install odoo.modules.loading: Loading module base_setup (8/30) 
2026-09-02 09:34:01,961 78 INFO sgc_install odoo.registry: module base_setup: creating or updating database tables 
2026-09-02 09:34:02,178 78 INFO sgc_install odoo.modules.loading: loading base_setup/data/base_setup_data.xml 
2026-09-02 09:34:02,204 78 INFO sgc_install odoo.modules.loading: loading base_setup/views/res_config_settings_views.xml 
2026-09-02 09:34:02,360 78 INFO sgc_install odoo.modules.loading: loading base_setup/views/res_partner_views.xml 
2026-09-02 09:34:02,606 78 INFO sgc_install odoo.modules.loading: Module base_setup loaded in 0.69s, 152 queries (+152 other) 
2026-09-02 09:34:02,607 78 INFO sgc_install odoo.modules.loading: Loading module bus (9/30) 
2026-09-02 09:34:02,701 78 INFO sgc_install odoo.registry: module bus: creating or updating database tables 
2026-09-02 09:34:03,298 78 INFO sgc_install odoo.modules.loading: loading bus/security/ir.model.access.csv 
2026-09-02 09:34:03,338 78 INFO sgc_install odoo.modules.loading: Module bus loaded in 0.73s, 159 queries (+159 other) 
2026-09-02 09:34:03,338 78 INFO sgc_install odoo.modules.loading: Loading module web_tour (10/30) 
2026-09-02 09:34:03,385 78 INFO sgc_install odoo.registry: module web_tour: creating or updating database tables 
2026-09-02 09:34:03,403 78 INFO sgc_install odoo.models: Prepare computation of res.users.tour_enabled 
2026-09-02 09:34:03,858 78 INFO sgc_install odoo.modules.loading: loading web_tour/security/ir.model.access.csv 
2026-09-02 09:34:03,911 78 INFO sgc_install odoo.modules.loading: loading web_tour/views/tour_views.xml 
2026-09-02 09:34:04,202 78 INFO sgc_install odoo.modules.loading: Module web_tour loaded in 0.86s, 180 queries (+180 other) 
2026-09-02 09:34:04,202 78 INFO sgc_install odoo.modules.loading: Loading module auth_passkey (11/30) 
2026-09-02 09:34:04,450 78 INFO sgc_install odoo.registry: module auth_passkey: creating or updating database tables 
2026-09-02 09:34:05,084 78 INFO sgc_install odoo.modules.loading: loading auth_passkey/views/auth_passkey_key_views.xml 
2026-09-02 09:34:05,234 78 INFO sgc_install odoo.modules.loading: loading auth_passkey/views/auth_passkey_login_templates.xml 
2026-09-02 09:34:05,306 78 INFO sgc_install odoo.modules.loading: loading auth_passkey/views/res_users_identitycheck_views.xml 
2026-09-02 09:34:05,368 78 INFO sgc_install odoo.modules.loading: loading auth_passkey/views/res_users_views.xml 
2026-09-02 09:34:05,487 78 INFO sgc_install odoo.modules.loading: loading auth_passkey/security/ir.model.access.csv 
2026-09-02 09:34:05,540 78 INFO sgc_install odoo.modules.loading: loading auth_passkey/security/security.xml 
2026-09-02 09:34:05,673 78 INFO sgc_install odoo.modules.loading: Module auth_passkey loaded in 1.47s, 218 queries (+218 other) 
2026-09-02 09:34:05,673 78 INFO sgc_install odoo.modules.loading: Loading module html_editor (12/30) 
2026-09-02 09:34:09,595 78 INFO sgc_install odoo.registry: module html_editor: creating or updating database tables 
2026-09-02 09:34:12,212 78 INFO sgc_install odoo.modules.loading: loading html_editor/security/ir.model.access.csv 
2026-09-02 09:34:12,296 78 INFO sgc_install odoo.modules.loading: Module html_editor loaded in 6.62s, 1034 queries (+1034 other) 
2026-09-02 09:34:12,297 78 INFO sgc_install odoo.modules.loading: Loading module iap (13/30) 
2026-09-02 09:34:12,315 78 INFO sgc_install odoo.registry: module iap: creating or updating database tables 
2026-09-02 09:34:12,832 78 INFO sgc_install odoo.modules.loading: loading iap/data/services.xml 
2026-09-02 09:34:12,873 78 INFO sgc_install odoo.modules.loading: loading iap/security/ir.model.access.csv 
2026-09-02 09:34:12,919 78 INFO sgc_install odoo.modules.loading: loading iap/security/ir_rule.xml 
2026-09-02 09:34:12,963 78 INFO sgc_install odoo.modules.loading: loading iap/views/iap_views.xml 
2026-09-02 09:34:13,089 78 INFO sgc_install odoo.modules.loading: loading iap/views/res_config_settings.xml 
2026-09-02 09:34:13,211 78 INFO sgc_install odoo.modules.loading: Module iap loaded in 0.91s, 182 queries (+182 other) 
2026-09-02 09:34:13,211 78 INFO sgc_install odoo.modules.loading: Loading module mail (14/30) 
2026-09-02 09:34:13,642 78 INFO sgc_install odoo.registry: module mail: creating or updating database tables 
2026-09-02 09:34:16,574 78 INFO sgc_install odoo.models: Prepare computation of ir.actions.server.partner_ids 
2026-09-02 09:34:16,576 78 INFO sgc_install odoo.models: Prepare computation of ir.actions.server.activity_user_id 
2026-09-02 09:34:16,576 78 INFO sgc_install odoo.models: Prepare computation of ir.actions.server.activity_type_id 
2026-09-02 09:34:16,576 78 INFO sgc_install odoo.models: Prepare computation of ir.actions.server.template_id 
2026-09-02 09:34:16,576 78 INFO sgc_install odoo.models: Prepare computation of ir.actions.server.activity_date_deadline_range 
2026-09-02 09:34:16,577 78 INFO sgc_install odoo.models: Prepare computation of ir.actions.server.activity_summary 
2026-09-02 09:34:16,577 78 INFO sgc_install odoo.models: Prepare computation of ir.actions.server.followers_type 
2026-09-02 09:34:16,577 78 INFO sgc_install odoo.models: Prepare computation of ir.actions.server.followers_partner_field_name 
2026-09-02 09:34:16,577 78 INFO sgc_install odoo.models: Prepare computation of ir.actions.server.mail_post_method 
2026-09-02 09:34:16,577 78 INFO sgc_install odoo.models: Prepare computation of ir.actions.server.activity_date_deadline_range_type 
2026-09-02 09:34:16,577 78 INFO sgc_install odoo.models: Prepare computation of ir.actions.server.activity_user_type 
2026-09-02 09:34:16,577 78 INFO sgc_install odoo.models: Prepare computation of ir.actions.server.activity_user_field_name 
2026-09-02 09:34:16,577 78 INFO sgc_install odoo.models: Prepare computation of ir.actions.server.activity_note 
2026-09-02 09:34:16,578 78 INFO sgc_install odoo.models: Prepare computation of ir.actions.server.mail_post_autofollow 
2026-09-02 09:34:16,944 78 INFO sgc_install odoo.models: Prepare computation of res.users.notification_type 
2026-09-02 09:34:17,715 78 INFO sgc_install odoo.models: Prepare computation of res.partner.email_normalized 
<string>:38: (ERROR/3) Unexpected indentation.
<string>:43: (WARNING/2) Block quote ends without a blank line; unexpected unindent.
2026-09-02 09:34:28,310 78 INFO sgc_install odoo.modules.loading: loading mail/data/mail_groups.xml 
2026-09-02 09:34:28,465 78 INFO sgc_install odoo.modules.loading: loading mail/wizard/mail_activity_schedule_views.xml 
2026-09-02 09:34:28,511 78 INFO sgc_install odoo.modules.loading: loading mail/wizard/mail_blacklist_remove_views.xml 
2026-09-02 09:34:28,539 78 INFO sgc_install odoo.modules.loading: loading mail/wizard/mail_compose_message_views.xml 
2026-09-02 09:34:28,623 78 INFO sgc_install odoo.modules.loading: loading mail/wizard/mail_template_preview_views.xml 
2026-09-02 09:34:28,667 78 INFO sgc_install odoo.modules.loading: loading mail/wizard/mail_followers_edit_views.xml 
2026-09-02 09:34:28,720 78 INFO sgc_install odoo.modules.loading: loading mail/wizard/mail_template_reset_views.xml 
2026-09-02 09:34:28,765 78 INFO sgc_install odoo.modules.loading: loading mail/views/fetchmail_views.xml 
2026-09-02 09:34:28,855 78 INFO sgc_install odoo.modules.loading: loading mail/views/ir_cron_views.xml 
2026-09-02 09:34:28,950 78 INFO sgc_install odoo.modules.loading: loading mail/views/ir_filters_views.xml 
2026-09-02 09:34:29,038 78 INFO sgc_install odoo.modules.loading: loading mail/views/ir_mail_server_views.xml 
2026-09-02 09:34:29,086 78 INFO sgc_install odoo.modules.loading: loading mail/views/mail_message_subtype_views.xml 
2026-09-02 09:34:29,156 78 INFO sgc_install odoo.modules.loading: loading mail/views/mail_tracking_value_views.xml 
2026-09-02 09:34:29,217 78 INFO sgc_install odoo.modules.loading: loading mail/views/mail_notification_views.xml 
2026-09-02 09:34:29,275 78 INFO sgc_install odoo.modules.loading: loading mail/views/mail_message_views.xml 
2026-09-02 09:34:29,465 78 INFO sgc_install odoo.modules.loading: loading mail/views/mail_message_schedule_views.xml 
2026-09-02 09:34:29,539 78 INFO sgc_install odoo.modules.loading: loading mail/views/mail_mail_views.xml 
2026-09-02 09:34:29,638 78 INFO sgc_install odoo.modules.loading: loading mail/views/mail_followers_views.xml 
2026-09-02 09:34:29,686 78 INFO sgc_install odoo.modules.loading: loading mail/views/mail_ice_server_views.xml 
2026-09-02 09:34:29,753 78 INFO sgc_install odoo.modules.loading: loading mail/views/discuss_channel_member_views.xml 
2026-09-02 09:34:29,805 78 INFO sgc_install odoo.modules.loading: loading mail/views/discuss_channel_rtc_session_views.xml 
2026-09-02 09:34:29,880 78 INFO sgc_install odoo.modules.loading: loading mail/views/mail_link_preview_views.xml 
2026-09-02 09:34:29,957 78 INFO sgc_install odoo.modules.loading: loading mail/views/discuss/discuss_gif_favorite_views.xml 
2026-09-02 09:34:30,014 78 INFO sgc_install odoo.modules.loading: loading mail/views/discuss_channel_views.xml 
2026-09-02 09:34:30,195 78 INFO sgc_install odoo.modules.loading: loading mail/views/mail_canned_response_views.xml 
2026-09-02 09:34:30,311 78 INFO sgc_install odoo.modules.loading: loading mail/views/res_role_views.xml 
2026-09-02 09:34:30,394 78 INFO sgc_install odoo.modules.loading: loading mail/views/mail_activity_views.xml 
2026-09-02 09:34:30,992 78 INFO sgc_install odoo.modules.loading: loading mail/views/mail_activity_plan_views.xml 
2026-09-02 09:34:31,259 78 INFO sgc_install odoo.modules.loading: loading mail/views/mail_activity_plan_template_views.xml 
2026-09-02 09:34:31,338 78 INFO sgc_install odoo.modules.loading: loading mail/views/res_config_settings_views.xml 
2026-09-02 09:34:31,460 78 INFO sgc_install odoo.modules.loading: loading mail/data/ir_config_parameter_data.xml 
2026-09-02 09:34:31,491 78 INFO sgc_install odoo.modules.loading: loading mail/data/res_partner_data.xml 
2026-09-02 09:34:31,925 78 INFO sgc_install odoo.modules.loading: loading mail/data/mail_message_subtype_data.xml 
2026-09-02 09:34:31,959 78 INFO sgc_install odoo.modules.loading: loading mail/data/mail_templates_chatter.xml 
2026-09-02 09:34:32,071 78 INFO sgc_install odoo.modules.loading: loading mail/data/mail_templates_email_layouts.xml 
2026-09-02 09:34:32,161 78 INFO sgc_install odoo.modules.loading: loading mail/data/mail_templates_mailgateway.xml 
2026-09-02 09:34:32,214 78 INFO sgc_install odoo.modules.loading: loading mail/data/discuss_channel_data.xml 
2026-09-02 09:34:32,493 78 INFO sgc_install odoo.modules.loading: loading mail/data/mail_activity_type_data.xml 
2026-09-02 09:34:32,553 78 INFO sgc_install odoo.modules.loading: loading mail/data/security_notifications_templates.xml 
2026-09-02 09:34:32,582 78 INFO sgc_install odoo.modules.loading: loading mail/data/ir_cron_data.xml 
2026-09-02 09:34:33,181 78 INFO sgc_install odoo.modules.loading: loading mail/data/ir_actions_client.xml 
2026-09-02 09:34:33,213 78 INFO sgc_install odoo.modules.loading: loading mail/security/mail_security.xml 
2026-09-02 09:34:33,994 78 INFO sgc_install odoo.modules.loading: loading mail/security/ir.model.access.csv 
2026-09-02 09:34:34,182 78 INFO sgc_install odoo.modules.loading: loading mail/views/discuss_public_templates.xml 
2026-09-02 09:34:34,207 78 INFO sgc_install odoo.modules.loading: loading mail/views/mail_alias_domain_views.xml 
2026-09-02 09:34:34,298 78 INFO sgc_install odoo.modules.loading: loading mail/views/mail_alias_views.xml 
2026-09-02 09:34:34,406 78 INFO sgc_install odoo.modules.loading: loading mail/views/mail_gateway_allowed_views.xml 
2026-09-02 09:34:34,466 78 INFO sgc_install odoo.modules.loading: loading mail/views/mail_guest_views.xml 
2026-09-02 09:34:34,539 78 INFO sgc_install odoo.modules.loading: loading mail/views/mail_message_reaction_views.xml 
2026-09-02 09:34:34,638 78 INFO sgc_install odoo.modules.loading: loading mail/views/mail_templates_public.xml 
2026-09-02 09:34:34,702 78 INFO sgc_install odoo.modules.loading: loading mail/views/res_users_views.xml 
2026-09-02 09:34:34,892 78 INFO sgc_install odoo.modules.loading: loading mail/views/res_users_settings_views.xml 
2026-09-02 09:34:34,975 78 INFO sgc_install odoo.modules.loading: loading mail/views/mail_template_views.xml 
2026-09-02 09:34:35,135 78 INFO sgc_install odoo.modules.loading: loading mail/views/ir_actions_server_views.xml 
2026-09-02 09:34:35,229 78 INFO sgc_install odoo.modules.loading: loading mail/views/ir_model_views.xml 
2026-09-02 09:34:35,402 78 INFO sgc_install odoo.modules.loading: loading mail/views/res_partner_views.xml 
2026-09-02 09:34:35,622 78 INFO sgc_install odoo.modules.loading: loading mail/views/mail_blacklist_views.xml 
2026-09-02 09:34:35,717 78 INFO sgc_install odoo.modules.loading: loading mail/views/mail_menus.xml 
2026-09-02 09:34:36,426 78 INFO sgc_install odoo.modules.loading: loading mail/views/discuss/discuss_menus.xml 
2026-09-02 09:34:36,456 78 INFO sgc_install odoo.modules.loading: loading mail/views/discuss/discuss_call_history_views.xml 
2026-09-02 09:34:36,537 78 INFO sgc_install odoo.modules.loading: loading mail/views/res_company_views.xml 
2026-09-02 09:34:36,570 78 INFO sgc_install odoo.modules.loading: loading mail/views/mail_scheduled_message_views.xml 
2026-09-02 09:34:36,608 78 INFO sgc_install odoo.modules.loading: loading mail/data/mail_canned_response_data.xml 
2026-09-02 09:34:36,660 78 INFO sgc_install odoo.modules.loading: loading mail/data/mail_templates_invite.xml 
2026-09-02 09:34:36,769 78 INFO sgc_install odoo.modules.loading: loading mail/data/web_tour_tour.xml 
2026-09-02 09:34:37,091 78 INFO sgc_install odoo.modules.loading: Module mail loaded in 23.88s, 4977 queries (+4978 other) 
2026-09-02 09:34:37,091 78 INFO sgc_install odoo.modules.loading: Loading module web_unsplash (15/30) 
2026-09-02 09:34:37,252 78 INFO sgc_install odoo.registry: module web_unsplash: creating or updating database tables 
2026-09-02 09:34:37,536 78 INFO sgc_install odoo.modules.loading: loading web_unsplash/views/res_config_settings_view.xml 
2026-09-02 09:34:37,742 78 INFO sgc_install odoo.modules.loading: Module web_unsplash loaded in 0.65s, 103 queries (+103 other) 
2026-09-02 09:34:37,742 78 INFO sgc_install odoo.modules.loading: Loading module auth_signup (16/30) 
2026-09-02 09:34:37,831 78 INFO sgc_install odoo.registry: module auth_signup: creating or updating database tables 
2026-09-02 09:34:38,314 78 INFO sgc_install odoo.modules.loading: loading auth_signup/data/ir_config_parameter_data.xml 
2026-09-02 09:34:38,343 78 INFO sgc_install odoo.modules.loading: loading auth_signup/data/ir_cron_data.xml 
2026-09-02 09:34:38,489 78 INFO sgc_install odoo.modules.loading: loading auth_signup/data/mail_template_data.xml 
2026-09-02 09:34:38,906 78 INFO sgc_install odoo.modules.loading: loading auth_signup/views/res_config_settings_views.xml 
2026-09-02 09:34:38,961 78 INFO sgc_install odoo.modules.loading: loading auth_signup/views/res_users_views.xml 
2026-09-02 09:34:39,114 78 INFO sgc_install odoo.modules.loading: loading auth_signup/views/auth_signup_login_templates.xml 
2026-09-02 09:34:39,214 78 INFO sgc_install odoo.modules.loading: loading auth_signup/views/auth_signup_templates_email.xml 
2026-09-02 09:34:39,258 78 INFO sgc_install odoo.modules.loading: loading auth_signup/views/webclient_templates.xml 
2026-09-02 09:34:40,593 78 INFO sgc_install odoo.modules.loading: Module auth_signup loaded in 2.85s, 255 queries (+255 other) 
2026-09-02 09:34:40,593 78 INFO sgc_install odoo.modules.loading: Loading module auth_totp_mail (17/30) 
2026-09-02 09:34:40,661 78 INFO sgc_install odoo.registry: module auth_totp_mail: creating or updating database tables 
2026-09-02 09:34:42,452 78 INFO sgc_install odoo.modules.loading: loading auth_totp_mail/data/ir_action_data.xml 
2026-09-02 09:34:42,551 78 INFO sgc_install odoo.modules.loading: loading auth_totp_mail/data/mail_template_data.xml 
2026-09-02 09:34:42,925 78 INFO sgc_install odoo.modules.loading: loading auth_totp_mail/data/security_notifications_template.xml 
2026-09-02 09:34:42,956 78 INFO sgc_install odoo.modules.loading: loading auth_totp_mail/views/res_config_settings_views.xml 
2026-09-02 09:34:43,053 78 INFO sgc_install odoo.modules.loading: loading auth_totp_mail/views/res_users_views.xml 
2026-09-02 09:34:43,170 78 INFO sgc_install odoo.modules.loading: loading auth_totp_mail/views/templates.xml 
2026-09-02 09:34:43,411 78 INFO sgc_install odoo.modules.loading: Module auth_totp_mail loaded in 2.82s, 189 queries (+189 other) 
2026-09-02 09:34:43,412 78 INFO sgc_install odoo.modules.loading: Loading module base_install_request (18/30) 
2026-09-02 09:34:43,474 78 INFO sgc_install odoo.registry: module base_install_request: creating or updating database tables 
2026-09-02 09:34:43,767 78 INFO sgc_install odoo.modules.loading: loading base_install_request/security/ir.model.access.csv 
2026-09-02 09:34:43,808 78 INFO sgc_install odoo.modules.loading: loading base_install_request/wizard/base_module_install_request_views.xml 
2026-09-02 09:34:43,878 78 INFO sgc_install odoo.modules.loading: loading base_install_request/data/mail_template_data.xml 
2026-09-02 09:34:43,901 78 INFO sgc_install odoo.modules.loading: loading base_install_request/data/mail_templates_module_install.xml 
2026-09-02 09:34:43,915 78 INFO sgc_install odoo.modules.loading: loading base_install_request/views/ir_module_module_views.xml 
2026-09-02 09:34:44,033 78 INFO sgc_install odoo.modules.loading: Module base_install_request loaded in 0.62s, 154 queries (+154 other) 
2026-09-02 09:34:44,033 78 INFO sgc_install odoo.modules.loading: Loading module google_gmail (19/30) 
2026-09-02 09:34:44,126 78 INFO sgc_install odoo.registry: module google_gmail: creating or updating database tables 
2026-09-02 09:34:44,579 78 INFO sgc_install odoo.modules.loading: loading google_gmail/views/fetchmail_server_views.xml 
2026-09-02 09:34:44,676 78 INFO sgc_install odoo.modules.loading: loading google_gmail/views/ir_mail_server_views.xml 
2026-09-02 09:34:44,704 78 INFO sgc_install odoo.modules.loading: loading google_gmail/views/res_config_settings_views.xml 
2026-09-02 09:34:44,819 78 INFO sgc_install odoo.modules.loading: loading google_gmail/views/templates.xml 
2026-09-02 09:34:44,927 78 INFO sgc_install odoo.modules.loading: Module google_gmail loaded in 0.89s, 155 queries (+155 other) 
2026-09-02 09:34:44,928 78 INFO sgc_install odoo.modules.loading: Loading module iap_mail (20/30) 
2026-09-02 09:34:44,946 78 INFO sgc_install odoo.registry: module iap_mail: creating or updating database tables 
2026-09-02 09:34:45,138 78 INFO sgc_install odoo.modules.loading: loading iap_mail/data/mail_templates.xml 
2026-09-02 09:34:45,216 78 INFO sgc_install odoo.modules.loading: loading iap_mail/views/iap_views.xml 
2026-09-02 09:34:45,431 78 INFO sgc_install odoo.modules.loading: Module iap_mail loaded in 0.50s, 70 queries (+70 other) 
2026-09-02 09:34:45,431 78 INFO sgc_install odoo.modules.loading: Loading module mail_bot (21/30) 
2026-09-02 09:34:45,506 78 INFO sgc_install odoo.registry: module mail_bot: creating or updating database tables 
2026-09-02 09:34:45,724 78 INFO sgc_install odoo.modules.loading: loading mail_bot/views/res_users_views.xml 
2026-09-02 09:34:45,817 78 INFO sgc_install odoo.modules.loading: loading mail_bot/data/mailbot_data.xml 
2026-09-02 09:34:45,876 78 INFO sgc_install odoo.modules.loading: Module mail_bot loaded in 0.44s, 109 queries (+109 other) 
2026-09-02 09:34:45,876 78 INFO sgc_install odoo.modules.loading: Loading module microsoft_outlook (22/30) 
2026-09-02 09:34:45,952 78 INFO sgc_install odoo.registry: module microsoft_outlook: creating or updating database tables 
2026-09-02 09:34:46,252 78 INFO sgc_install odoo.modules.loading: loading microsoft_outlook/views/fetchmail_server_views.xml 
2026-09-02 09:34:46,341 78 INFO sgc_install odoo.modules.loading: loading microsoft_outlook/views/ir_mail_server_views.xml 
2026-09-02 09:34:46,390 78 INFO sgc_install odoo.modules.loading: loading microsoft_outlook/views/res_config_settings_views.xml 
2026-09-02 09:34:46,533 78 INFO sgc_install odoo.modules.loading: loading microsoft_outlook/views/templates.xml 
2026-09-02 09:34:46,606 78 INFO sgc_install odoo.modules.loading: Module microsoft_outlook loaded in 0.73s, 158 queries (+158 other) 
2026-09-02 09:34:46,607 78 INFO sgc_install odoo.modules.loading: Loading module phone_validation (23/30) 
2026-09-02 09:34:47,697 78 INFO sgc_install odoo.registry: module phone_validation: creating or updating database tables 
2026-09-02 09:34:48,222 78 INFO sgc_install odoo.models: Prepare computation of res.partner.phone_sanitized 
2026-09-02 09:34:53,249 78 INFO sgc_install odoo.modules.loading: loading phone_validation/security/ir.model.access.csv 
2026-09-02 09:34:53,310 78 INFO sgc_install odoo.modules.loading: loading phone_validation/views/phone_blacklist_views.xml 
2026-09-02 09:34:53,469 78 INFO sgc_install odoo.modules.loading: loading phone_validation/views/res_partner_views.xml 
2026-09-02 09:34:53,537 78 INFO sgc_install odoo.modules.loading: loading phone_validation/wizard/phone_blacklist_remove_view.xml 
2026-09-02 09:34:53,634 78 INFO sgc_install odoo.modules.loading: Module phone_validation loaded in 7.03s, 1629 queries (+1629 other) 
2026-09-02 09:34:53,634 78 INFO sgc_install odoo.modules.loading: Loading module privacy_lookup (24/30) 
2026-09-02 09:34:53,701 78 INFO sgc_install odoo.registry: module privacy_lookup: creating or updating database tables 
2026-09-02 09:34:54,549 78 INFO sgc_install odoo.modules.loading: loading privacy_lookup/wizard/privacy_lookup_wizard_views.xml 
2026-09-02 09:34:54,853 78 INFO sgc_install odoo.modules.loading: loading privacy_lookup/views/privacy_log_views.xml 
2026-09-02 09:34:54,962 78 INFO sgc_install odoo.modules.loading: loading privacy_lookup/security/ir.model.access.csv 
2026-09-02 09:34:55,035 78 INFO sgc_install odoo.modules.loading: loading privacy_lookup/data/ir_actions_server_data.xml 
2026-09-02 09:34:55,297 78 INFO sgc_install odoo.modules.loading: Module privacy_lookup loaded in 1.66s, 294 queries (+294 other) 
2026-09-02 09:34:55,297 78 INFO sgc_install odoo.modules.loading: Loading module sgc_process_control (25/30) 
2026-09-02 09:34:57,148 78 ERROR sgc_install odoo.tests.common: Importing test framework, avoid importing from business modules and when not running in test mode 
Stack (most recent call last):
  File "/usr/bin/odoo", line 6, in <module>
    odoo.cli.main()
  File "/usr/lib/python3/dist-packages/odoo/cli/command.py", line 133, in main
    command().run(args)
  File "/usr/lib/python3/dist-packages/odoo/cli/server.py", line 127, in run
    main(args)
  File "/usr/lib/python3/dist-packages/odoo/cli/server.py", line 118, in main
    rc = server.start(preload=config['db_name'], stop=stop)
  File "/usr/lib/python3/dist-packages/odoo/service/server.py", line 1671, in start
    rc = server.run(preload, stop)
  File "/usr/lib/python3/dist-packages/odoo/service/server.py", line 708, in run
    rc = preload_registries(preload)
  File "/usr/lib/python3/dist-packages/odoo/service/server.py", line 1585, in preload_registries
    registry = Registry.new(dbname, update_module=update_module, install_modules=config['init'], upgrade_modules=config['update'], reinit_modules=config['reinit'])
  File "/usr/lib/python3/dist-packages/odoo/tools/func.py", line 88, in locked
    return func(inst, *args, **kwargs)
  File "/usr/lib/python3/dist-packages/odoo/orm/registry.py", line 189, in new
    load_modules(
  File "/usr/lib/python3/dist-packages/odoo/modules/loading.py", line 464, in load_modules
    load_module_graph(
  File "/usr/lib/python3/dist-packages/odoo/modules/loading.py", line 178, in load_module_graph
    load_openerp_module(package.name)
  File "/usr/lib/python3/dist-packages/odoo/modules/module.py", line 506, in load_openerp_module
    __import__(qualname)
  File "<frozen importlib._bootstrap>", line 1360, in _find_and_load
  File "<frozen importlib._bootstrap>", line 1331, in _find_and_load_unlocked
  File "<frozen importlib._bootstrap>", line 935, in _load_unlocked
  File "<frozen importlib._bootstrap_external>", line 995, in exec_module
  File "<frozen importlib._bootstrap>", line 488, in _call_with_frames_removed
  File "/mnt/extra-addons/sgc_process_control/__init__.py", line 2, in <module>
    from . import tests  # noqa: F401 — register test module
  File "<frozen importlib._bootstrap>", line 1415, in _handle_fromlist
  File "<frozen importlib._bootstrap>", line 488, in _call_with_frames_removed
  File "<frozen importlib._bootstrap>", line 1360, in _find_and_load
  File "<frozen importlib._bootstrap>", line 1331, in _find_and_load_unlocked
  File "<frozen importlib._bootstrap>", line 935, in _load_unlocked
  File "<frozen importlib._bootstrap_external>", line 995, in exec_module
  File "<frozen importlib._bootstrap>", line 488, in _call_with_frames_removed
  File "/mnt/extra-addons/sgc_process_control/tests/__init__.py", line 1, in <module>
    from . import test_process_control
  File "<frozen importlib._bootstrap>", line 1415, in _handle_fromlist
  File "<frozen importlib._bootstrap>", line 488, in _call_with_frames_removed
  File "<frozen importlib._bootstrap>", line 1360, in _find_and_load
  File "<frozen importlib._bootstrap>", line 1331, in _find_and_load_unlocked
  File "<frozen importlib._bootstrap>", line 935, in _load_unlocked
  File "<frozen importlib._bootstrap_external>", line 995, in exec_module
  File "<frozen importlib._bootstrap>", line 488, in _call_with_frames_removed
  File "/mnt/extra-addons/sgc_process_control/tests/test_process_control.py", line 8, in <module>
    from odoo.tests import TransactionCase, tagged
  File "<frozen importlib._bootstrap>", line 1360, in _find_and_load
  File "<frozen importlib._bootstrap>", line 1331, in _find_and_load_unlocked
  File "<frozen importlib._bootstrap>", line 935, in _load_unlocked
  File "<frozen importlib._bootstrap_external>", line 995, in exec_module
  File "<frozen importlib._bootstrap>", line 488, in _call_with_frames_removed
  File "/usr/lib/python3/dist-packages/odoo/tests/__init__.py", line 8, in <module>
    from . import common
  File "<frozen importlib._bootstrap>", line 1415, in _handle_fromlist
  File "<frozen importlib._bootstrap>", line 488, in _call_with_frames_removed
  File "<frozen importlib._bootstrap>", line 1360, in _find_and_load
  File "<frozen importlib._bootstrap>", line 1331, in _find_and_load_unlocked
  File "<frozen importlib._bootstrap>", line 935, in _load_unlocked
  File "<frozen importlib._bootstrap_external>", line 995, in exec_module
  File "<frozen importlib._bootstrap>", line 488, in _call_with_frames_removed
  File "/usr/lib/python3/dist-packages/odoo/tests/common.py", line 83, in <module>
    _logger.error(
2026-09-02 09:34:58,150 78 WARNING sgc_install odoo.registry: Model attribute '_sql_constraints' is no longer supported, please define models.Constraint on the model. 
2026-09-02 09:34:58,172 78 WARNING sgc_install odoo.modules.loading: Transient module states were reset 
2026-09-02 09:34:58,182 78 ERROR sgc_install odoo.registry: Failed to load registry 
2026-09-02 09:34:58,182 78 CRITICAL sgc_install odoo.service.server: Failed to initialize database `sgc_install`. 
Traceback (most recent call last):
  File "/usr/lib/python3/dist-packages/odoo/service/server.py", line 1585, in preload_registries
    registry = Registry.new(dbname, update_module=update_module, install_modules=config['init'], upgrade_modules=config['update'], reinit_modules=config['reinit'])
               ^^^^^^^^^^^^^^^^^^^^^^^^^^^^^^^^^^^^^^^^^^^^^^^^^^^^^^^^^^^^^^^^^^^^^^^^^^^^^^^^^^^^^^^^^^^^^^^^^^^^^^^^^^^^^^^^^^^^^^^^^^^^^^^^^^^^^^^^^^^^^^^^^^^^
  File "/usr/lib/python3/dist-packages/odoo/tools/func.py", line 88, in locked
    return func(inst, *args, **kwargs)
           ^^^^^^^^^^^^^^^^^^^^^^^^^^^
  File "/usr/lib/python3/dist-packages/odoo/orm/registry.py", line 189, in new
    load_modules(
  File "/usr/lib/python3/dist-packages/odoo/modules/loading.py", line 464, in load_modules
    load_module_graph(
  File "/usr/lib/python3/dist-packages/odoo/modules/loading.py", line 193, in load_module_graph
    registry._setup_models__(env.cr, [])  # incremental setup
    ^^^^^^^^^^^^^^^^^^^^^^^^^^^^^^^^^^^^
  File "/usr/lib/python3/dist-packages/odoo/tools/func.py", line 88, in locked
    return func(inst, *args, **kwargs)
           ^^^^^^^^^^^^^^^^^^^^^^^^^^^
  File "/usr/lib/python3/dist-packages/odoo/orm/registry.py", line 508, in _setup_models__
    model_classes.setup_model_classes(env)
  File "/usr/lib/python3/dist-packages/odoo/orm/model_classes.py", line 323, in setup_model_classes
    _setup_fields(model_cls, env)
  File "/usr/lib/python3/dist-packages/odoo/orm/model_classes.py", line 518, in _setup_fields
    field.setup(model)
  File "/usr/lib/python3/dist-packages/odoo/orm/fields.py", line 542, in setup
    self.setup_nonrelated(model)
  File "/usr/lib/python3/dist-packages/odoo/orm/fields_relational.py", line 268, in setup_nonrelated
    super().setup_nonrelated(model)
  File "/usr/lib/python3/dist-packages/odoo/orm/fields_relational.py", line 93, in setup_nonrelated
    assert self.comodel_name in model.pool, \
           ^^^^^^^^^^^^^^^^^^^^^^^^^^^^^^^
AssertionError: Field process.exception.team_id with unknown comodel_name 'res.teams'
2026-09-02 09:34:58,194 78 INFO sgc_install odoo.service.server: Initiating shutdown 
2026-09-02 09:34:58,194 78 INFO sgc_install odoo.service.server: Hit CTRL-C again or send a second signal to force the shutdown. 
2026-09-02 09:34:58,202 78 INFO sgc_install odoo.sql_db: ConnectionPool(read/write;used=0/count=0/max=64): Closed 1 connections  
