2026-09-02 12:09:31,554 562 WARNING ? odoo.tools.config: missing --http-interface/http_interface, using 0.0.0.0 by default, will change to 127.0.0.1 in 20.0 
2026-09-02 12:09:31,554 562 INFO ? odoo: Odoo version 19.0-20260817 
2026-09-02 12:09:31,554 562 INFO ? odoo: Using configuration file at /etc/odoo/odoo.conf 
2026-09-02 12:09:31,554 562 INFO ? odoo: addons paths: _NamespacePath(['/usr/lib/python3/dist-packages/odoo/addons', '/var/lib/odoo/addons/19.0', '/mnt/extra-addons', '/usr/lib/python3/dist-packages/addons']) 
2026-09-02 12:09:31,554 562 INFO ? odoo: database: odoo@wave3_pg:default 
2026-09-02 12:09:31,974 562 INFO ? odoo.service.server: HTTP service (werkzeug) running on 27fc9d999889:8069 
2026-09-02 12:09:31,993 562 INFO sgc_install odoo.tests.common: Importing test framework 
2026-09-02 12:09:32,028 562 INFO sgc_install odoo.modules.loading: loading 1 modules... 
2026-09-02 12:09:32,034 562 INFO sgc_install odoo.modules.loading: 1 modules loaded in 0.00s, 0 queries (+0 extra) 
2026-09-02 12:09:32,066 562 INFO sgc_install odoo.modules.loading: updating modules list 
2026-09-02 12:09:32,069 562 INFO sgc_install odoo.addons.base.models.ir_module: ALLOW access to module.update_list on [] to user __system__ #1 via n/a 
2026-09-02 12:09:36,248 562 INFO sgc_install odoo.addons.base.models.ir_module: ALLOW access to module.button_upgrade on ['SGC Regulatory Rules Pack', 'SGC Process Control', 'SGC Tenant Readiness'] to user __system__ #1 via n/a 
2026-09-02 12:09:36,248 562 INFO sgc_install odoo.addons.base.models.ir_module: ALLOW access to module.update_list on ['SGC Regulatory Rules Pack', 'SGC Process Control', 'SGC Tenant Readiness'] to user __system__ #1 via n/a 
2026-09-02 12:09:37,759 562 INFO sgc_install odoo.addons.base.models.ir_module: ALLOW access to module.button_install on [] to user __system__ #1 via n/a 
2026-09-02 12:09:37,819 562 INFO sgc_install odoo.modules.loading: loading 30 modules... 
2026-09-02 12:09:38,268 562 INFO sgc_install odoo.modules.loading: Loading module sgc_process_control (25/30) 
2026-09-02 12:09:38,582 562 INFO sgc_install odoo.registry: module sgc_process_control: creating or updating database tables 
2026-09-02 12:09:38,626 562 WARNING sgc_install odoo.schema: Index attribute on 'process.exception.summary' ignored, only trigram index is supported for translated fields 
<string>:33: (ERROR/3) Unexpected indentation.
2026-09-02 12:09:38,708 562 INFO sgc_install odoo.modules.loading: loading sgc_process_control/security/security.xml 
2026-09-02 12:09:38,721 562 INFO sgc_install odoo.modules.loading: loading sgc_process_control/security/ir.model.access.csv 
2026-09-02 12:09:38,748 562 INFO sgc_install odoo.modules.loading: loading sgc_process_control/security/ir_rule_tenant_isolation.xml 
2026-09-02 12:09:38,757 562 INFO sgc_install odoo.modules.loading: loading sgc_process_control/data/process_classification_data.xml 
2026-09-02 12:09:38,765 562 INFO sgc_install odoo.modules.loading: loading sgc_process_control/views/process_exception_views.xml 
2026-09-02 12:09:38,832 562 INFO sgc_install odoo.modules.loading: loading sgc_process_control/views/process_dlq_views.xml 
2026-09-02 12:09:38,876 562 INFO sgc_install odoo.modules.loading: loading sgc_process_control/views/process_idempotency_views.xml 
2026-09-02 12:09:38,904 562 INFO sgc_install odoo.modules.loading: loading sgc_process_control/views/process_sla_views.xml 
2026-09-02 12:09:38,933 562 INFO sgc_install odoo.modules.loading: loading sgc_process_control/views/process_menu.xml 
2026-09-02 12:09:39,039 562 INFO sgc_install odoo.modules.loading: Module sgc_process_control loaded in 0.77s, 260 queries (+260 other) 
2026-09-02 12:09:39,039 562 INFO sgc_install odoo.modules.loading: Loading module sgc_regulatory_rules_pack (26/30) 
2026-09-02 12:09:39,162 562 INFO sgc_install odoo.registry: module sgc_regulatory_rules_pack: creating or updating database tables 
2026-09-02 12:09:39,176 562 WARNING sgc_install odoo.addons.base.models.ir_model: Two fields (jurisdiction_code, code) of regulatory.constant() have the same label: Code. [Modules: sgc_regulatory_rules_pack and sgc_regulatory_rules_pack] 
2026-09-02 12:09:39,193 562 WARNING sgc_install odoo.schema: Index attribute on 'regulatory.jurisdiction.name' ignored, only trigram index is supported for translated fields 
2026-09-02 12:09:39,193 562 WARNING sgc_install odoo.schema: Index attribute on 'regulatory.constant.name' ignored, only trigram index is supported for translated fields 
<string>:3: (WARNING/2) Title underline too short.

SGC Regulatory Rules Pack
========================
2026-09-02 12:09:39,241 562 WARNING sgc_install py.warnings: /usr/lib/python3/dist-packages/odoo/orm/fields.py:832: UserWarning: Field regulatory.constant.superseded_by_id should be declared with recursive=True
  File "/usr/bin/odoo", line 6, in <module>
    odoo.cli.main()
  File "/usr/lib/python3/dist-packages/odoo/cli/command.py", line 133, in main
    command().run(args)
  File "/usr/lib/python3/dist-packages/odoo/cli/server.py", line 127, in run
    main(args)
  File "/usr/lib/python3/dist-packages/odoo/cli/server.py", line 118, in main
    rc = server.start(preload=config['db_name'], stop=stop)
  File "/usr/lib/python3/dist-packages/odoo/service/server.py", line 1671, in start
    rc = server.run(preload, stop)
  File "/usr/lib/python3/dist-packages/odoo/service/server.py", line 708, in run
    rc = preload_registries(preload)
  File "/usr/lib/python3/dist-packages/odoo/service/server.py", line 1585, in preload_registries
    registry = Registry.new(dbname, update_module=update_module, install_modules=config['init'], upgrade_modules=config['update'], reinit_modules=config['reinit'])
  File "/usr/lib/python3/dist-packages/odoo/tools/func.py", line 88, in locked
    return func(inst, *args, **kwargs)
  File "/usr/lib/python3/dist-packages/odoo/orm/registry.py", line 189, in new
    load_modules(
  File "/usr/lib/python3/dist-packages/odoo/modules/loading.py", line 464, in load_modules
    load_module_graph(
  File "/usr/lib/python3/dist-packages/odoo/modules/loading.py", line 222, in load_module_graph
    module.write(module.get_values_from_terp(package.manifest))
  File "/usr/lib/python3/dist-packages/odoo/orm/models.py", line 4417, in write
    if self.pool.is_modifying_relations(field):
  File "/usr/lib/python3/dist-packages/odoo/orm/registry.py", line 704, in is_modifying_relations
    result = field in self._field_triggers and bool(
  File "/usr/lib/python3.12/functools.py", line 995, in __get__
    val = self.func(instance)
  File "/usr/lib/python3/dist-packages/odoo/orm/registry.py", line 685, in _field_triggers
    dependencies = list(field.resolve_depends(self))
  File "/usr/lib/python3/dist-packages/odoo/orm/fields.py", line 832, in resolve_depends
    warnings.warn(f"Field {self} should be declared with recursive=True", stacklevel=1)
 
2026-09-02 12:09:39,241 562 INFO sgc_install odoo.modules.loading: loading sgc_regulatory_rules_pack/security/security.xml 
2026-09-02 12:09:39,252 562 INFO sgc_install odoo.modules.loading: loading sgc_regulatory_rules_pack/security/ir.model.access.csv 
2026-09-02 12:09:39,276 562 INFO sgc_install odoo.modules.loading: loading sgc_regulatory_rules_pack/data/regulatory_jurisdiction_data.xml 
2026-09-02 12:09:39,301 562 INFO sgc_install odoo.modules.loading: loading sgc_regulatory_rules_pack/data/regulatory_constant_dubai_aml_data.xml 
2026-09-02 12:09:39,347 562 INFO sgc_install odoo.modules.loading: loading sgc_regulatory_rules_pack/data/regulatory_constant_dubai_real_estate_data.xml 
2026-09-02 12:09:39,428 562 INFO sgc_install odoo.modules.loading: loading sgc_regulatory_rules_pack/data/regulatory_constant_einvoicing_data.xml 
2026-09-02 12:09:39,441 562 INFO sgc_install odoo.modules.loading: loading sgc_regulatory_rules_pack/data/regulatory_constant_uae_guidance_data.xml 
2026-09-02 12:09:39,453 562 INFO sgc_install odoo.modules.loading: loading sgc_regulatory_rules_pack/views/regulatory_jurisdiction_views.xml 
2026-09-02 12:09:39,500 562 INFO sgc_install odoo.modules.loading: loading sgc_regulatory_rules_pack/views/regulatory_constant_views.xml 
2026-09-02 12:09:39,530 562 INFO sgc_install odoo.modules.loading: loading sgc_regulatory_rules_pack/views/regulatory_constant_template_views.xml 
2026-09-02 12:09:39,547 562 INFO sgc_install odoo.modules.loading: loading sgc_regulatory_rules_pack/views/regulatory_menu.xml 
2026-09-02 12:09:39,641 562 INFO sgc_install odoo.modules.loading: Module sgc_regulatory_rules_pack loaded in 0.60s, 334 queries (+334 other) 
2026-09-02 12:09:39,650 562 INFO sgc_install odoo.modules.loading: Loading module sgc_tenant_readiness (28/30) 
2026-09-02 12:09:39,866 562 WARNING sgc_install odoo.fields: Field tenant.readiness.capability.code: unknown parameter 'unique', if this is an actual parameter you may want to override the method _valid_field_parameter on the relevant model in order to allow it 
2026-09-02 12:09:39,867 562 WARNING sgc_install odoo.fields: Field tenant.readiness.state.state_set_by_id: unknown parameter 'tracking', if this is an actual parameter you may want to override the method _valid_field_parameter on the relevant model in order to allow it 
2026-09-02 12:09:39,869 562 INFO sgc_install odoo.registry: module sgc_tenant_readiness: creating or updating database tables 
2026-09-02 12:09:39,963 562 INFO sgc_install odoo.modules.loading: loading sgc_tenant_readiness/security/security.xml 
2026-09-02 12:09:39,971 562 INFO sgc_install odoo.modules.loading: loading sgc_tenant_readiness/security/ir.model.access.csv 
2026-09-02 12:09:39,998 562 INFO sgc_install odoo.modules.loading: loading sgc_tenant_readiness/security/ir_rule_tenant_isolation.xml 
2026-09-02 12:09:40,008 562 INFO sgc_install odoo.modules.loading: loading sgc_tenant_readiness/data/tenant_readiness_capability_data.xml 
2026-09-02 12:09:40,019 562 INFO sgc_install odoo.modules.loading: loading sgc_tenant_readiness/views/tenant_compliance_officer_views.xml 
2026-09-02 12:09:40,061 562 INFO sgc_install odoo.modules.loading: loading sgc_tenant_readiness/views/tenant_readiness_state_views.xml 
2026-09-02 12:09:40,079 562 WARNING sgc_install odoo.addons.base.models.ir_ui_view: action_mark_blocked on tenant.readiness.state has parameters and cannot be called from a button
View error context:
{'file': '/mnt/extra-addons/sgc_tenant_readiness/views/tenant_readiness_state_views.xml',
 'line': 11,
 'name': 'tenant.readiness.state.form',
 'view': ir.ui.view(452,),
 'view.model': 'tenant.readiness.state',
 'view.parent': ir.ui.view(),
 'xmlid': 'view_tenant_readiness_state_form'} 
2026-09-02 12:09:40,085 562 INFO sgc_install odoo.modules.loading: loading sgc_tenant_readiness/views/tenant_high_risk_override_views.xml 
2026-09-02 12:09:40,112 562 INFO sgc_install odoo.modules.loading: loading sgc_tenant_readiness/views/tenant_readiness_dashboard_views.xml 
2026-09-02 12:09:40,124 562 INFO sgc_install odoo.modules.loading: loading sgc_tenant_readiness/views/tenant_menu.xml 
2026-09-02 12:09:40,201 562 INFO sgc_install odoo.modules.loading: Module sgc_tenant_readiness loaded in 0.55s, 310 queries (+310 other) 
2026-09-02 12:09:40,299 562 INFO sgc_install odoo.modules.loading: 30 modules loaded in 2.48s, 904 queries (+904 extra) 
2026-09-02 12:09:40,387 562 WARNING sgc_install odoo.fields: Field tenant.readiness.capability.code: unknown parameter 'unique', if this is an actual parameter you may want to override the method _valid_field_parameter on the relevant model in order to allow it 
2026-09-02 12:09:40,388 562 WARNING sgc_install odoo.fields: Field tenant.readiness.state.state_set_by_id: unknown parameter 'tracking', if this is an actual parameter you may want to override the method _valid_field_parameter on the relevant model in order to allow it 
2026-09-02 12:09:40,462 562 WARNING sgc_install odoo.fields: Field tenant.readiness.capability.code: unknown parameter 'unique', if this is an actual parameter you may want to override the method _valid_field_parameter on the relevant model in order to allow it 
2026-09-02 12:09:40,463 562 WARNING sgc_install odoo.fields: Field tenant.readiness.state.state_set_by_id: unknown parameter 'tracking', if this is an actual parameter you may want to override the method _valid_field_parameter on the relevant model in order to allow it 
2026-09-02 12:09:40,593 562 INFO sgc_install odoo.registry: verifying fields for every extended model 
2026-09-02 12:09:40,646 562 WARNING sgc_install odoo.addons.base.models.ir_model: Two fields (jurisdiction_code, code) of regulatory.constant() have the same label: Code. [Modules: sgc_regulatory_rules_pack and sgc_regulatory_rules_pack] 
2026-09-02 12:09:40,685 562 WARNING sgc_install odoo.schema: Index attribute on 'process.exception.summary' ignored, only trigram index is supported for translated fields 
2026-09-02 12:09:40,685 562 WARNING sgc_install odoo.schema: Index attribute on 'regulatory.jurisdiction.name' ignored, only trigram index is supported for translated fields 
2026-09-02 12:09:40,685 562 WARNING sgc_install odoo.schema: Index attribute on 'regulatory.constant.name' ignored, only trigram index is supported for translated fields 
2026-09-02 12:09:40,970 562 INFO sgc_install odoo.modules.loading: Modules loaded. 
2026-09-02 12:09:40,983 562 INFO sgc_install odoo.registry: Registry changed, signaling through the database 
2026-09-02 12:09:40,987 562 INFO sgc_install odoo.registry: Registry loaded in 9.012s 
2026-09-02 12:09:40,987 562 INFO sgc_install odoo.service.server: Starting post tests 
2026-09-02 12:09:40,992 562 INFO sgc_install odoo.addons.sgc_process_control.tests.test_count_meta: Starting TestCountMeta.test_count_classes_in_module ... 
2026-09-02 12:09:40,993 562 INFO sgc_install odoo.addons.sgc_process_control.tests.test_count_meta: Starting TestCountMeta.test_exit_gate_class_exists_with_expected_name ... 
2026-09-02 12:09:40,994 562 INFO sgc_install odoo.addons.sgc_process_control.tests.test_count_meta: Starting TestCountMeta.test_exit_gate_class_has_expected_test_count ... 
2026-09-02 12:09:40,997 562 INFO sgc_install odoo.addons.base.models.ir_attachment: filestore gc 0 checked, 0 removed 
2026-09-02 12:09:40,998 562 INFO sgc_install odoo.addons.sgc_process_control.tests.test_exit_gate: Starting TestExitGate.test_exit_gate_01_failed_screening_park_in_dlq_not_clear ... 
2026-09-02 12:09:41,031 562 INFO sgc_install odoo.addons.sgc_process_control.tests.test_exit_gate: Starting TestExitGate.test_exit_gate_02_cleared_call_path_works ... 
2026-09-02 12:09:41,037 562 INFO sgc_install odoo.addons.sgc_process_control.tests.test_exit_gate: Starting TestExitGate.test_exit_gate_03_fail_closed_mixin_raises_on_missing_case ... 
2026-09-02 12:09:41,052 562 INFO sgc_install odoo.addons.sgc_process_control.tests.test_exit_gate: Starting TestExitGate.test_exit_gate_04_fail_closed_mixin_blocks_on_unknown_case_id ... 
2026-09-02 12:09:41,068 562 INFO sgc_install odoo.addons.sgc_process_control.tests.test_exit_gate: Starting TestExitGate.test_exit_gate_05_fail_closed_mixin_blocks_on_pending_case ... 
2026-09-02 12:09:41,068 562 INFO sgc_install odoo.addons.sgc_process_control.tests.test_exit_gate: skipped TestExitGate.test_exit_gate_05_fail_closed_mixin_blocks_on_pending_case : kyc_management not installed in this test DB 
2026-09-02 12:09:41,069 562 INFO sgc_install odoo.addons.sgc_process_control.tests.test_exit_gate: Starting TestExitGate.test_exit_gate_06_fail_closed_mixin_raises_when_compliance_case_model_unset ... 
2026-09-02 12:09:41,084 562 INFO sgc_install odoo.addons.sgc_process_control.tests.test_exit_gate: Starting TestExitGate.test_exit_gate_07_fail_closed_mixin_raises_when_compliance_case_model_not_installed ... 
2026-09-02 12:09:41,102 562 INFO sgc_install odoo.addons.base.models.ir_attachment: filestore gc 0 checked, 0 removed 
2026-09-02 12:09:41,104 562 INFO sgc_install odoo.addons.sgc_process_control.tests.test_process_control: Starting TestProcessControl.test_01_exception_create_minimal ... 
2026-09-02 12:09:41,129 562 INFO sgc_install odoo.addons.sgc_process_control.tests.test_process_control: Starting TestProcessControl.test_02_exception_lifecycle ... 
2026-09-02 12:09:41,148 562 INFO sgc_install odoo.addons.sgc_process_control.tests.test_process_control: Starting TestProcessControl.test_03_retry_count_within_max_required_for_open ... 
2026-09-02 12:09:41,162 562 INFO sgc_install odoo.addons.sgc_process_control.tests.test_process_control: Starting TestProcessControl.test_04_retry_count_can_exceed_max_on_dead_letter ... 
2026-09-02 12:09:41,177 562 INFO sgc_install odoo.addons.sgc_process_control.tests.test_process_control: Starting TestProcessControl.test_05_dlq_park_creates_linked_exception ... 
2026-09-02 12:09:41,196 562 INFO sgc_install odoo.addons.sgc_process_control.tests.test_process_control: Starting TestProcessControl.test_06_idempotency_get_or_create ... 
2026-09-02 12:09:41,201 562 INFO sgc_install odoo.addons.sgc_process_control.tests.test_process_control: Starting TestProcessControl.test_07_idempotency_different_op_same_key ... 
2026-09-02 12:09:41,206 562 INFO sgc_install odoo.addons.sgc_process_control.tests.test_process_control: Starting TestProcessControl.test_08_sla_attempt_exhaustion_raises_exception ... 
2026-09-02 12:09:41,225 562 INFO sgc_install odoo.addons.sgc_process_control.tests.test_process_control: Starting TestProcessControl.test_09_sla_pause_resume ... 
2026-09-02 12:09:41,230 562 INFO sgc_install odoo.addons.base.models.ir_attachment: filestore gc 0 checked, 0 removed 
2026-09-02 12:09:41,231 562 INFO sgc_install odoo.addons.sgc_process_control.tests.test_upgrade_migrations: Starting TestUpgradeMigrations.test_01_anchor_migration_no_creation_derived_expiry ... 
2026-09-02 12:09:41,234 562 INFO sgc_install odoo.addons.base.models.ir_attachment: filestore gc 0 checked, 0 removed 
2026-09-02 12:09:41,235 562 INFO sgc_install odoo.addons.sgc_regulatory_rules_pack.tests.test_count_meta: Starting TestCountMeta.test_count_classes_in_module ... 
2026-09-02 12:09:41,238 562 INFO sgc_install odoo.addons.base.models.ir_attachment: filestore gc 0 checked, 0 removed 
2026-09-02 12:09:41,240 562 INFO sgc_install odoo.addons.sgc_regulatory_rules_pack.tests.test_regulatory_integrity: Starting TestRegulatoryIntegrity.test_01_every_seeded_constant_has_source_url ... 
2026-09-02 12:09:41,244 562 INFO sgc_install odoo.addons.sgc_regulatory_rules_pack.tests.test_regulatory_integrity: Starting TestRegulatoryIntegrity.test_02_every_verified_constant_has_verified_on_date ... 
2026-09-02 12:09:41,246 562 INFO sgc_install odoo.addons.sgc_regulatory_rules_pack.tests.test_regulatory_integrity: Starting TestRegulatoryIntegrity.test_02b_einvoicing_asp_deadline_is_verified_secondary_not_overclaimed ... 
2026-09-02 12:09:41,249 562 INFO sgc_install odoo.addons.sgc_regulatory_rules_pack.tests.test_regulatory_integrity: Starting TestRegulatoryIntegrity.test_03_every_constant_has_jurisdiction_scope ... 
2026-09-02 12:09:41,252 562 INFO sgc_install odoo.addons.sgc_regulatory_rules_pack.tests.test_regulatory_integrity: Starting TestRegulatoryIntegrity.test_04_every_constant_has_valid_from ... 
2026-09-02 12:09:41,257 562 INFO sgc_install odoo.addons.sgc_regulatory_rules_pack.tests.test_regulatory_integrity: Starting TestRegulatoryIntegrity.test_05_unverified_constant_with_null_valid_from_raises ... 
2026-09-02 12:09:41,260 562 WARNING sgc_install odoo.addons.sgc_regulatory_rules_pack.models.regulatory_constant: regulatory.constant rear_filing_deadline_days (jurisdiction=dubai, as_of=2026-09-01) is UNVERIFIED. source_url=https://www.moet.gov.ae/ verified_on=False 
2026-09-02 12:09:41,261 562 INFO sgc_install odoo.addons.sgc_regulatory_rules_pack.tests.test_regulatory_integrity: Starting TestRegulatoryIntegrity.test_06_effective_dating_picks_highest_version ... 
2026-09-02 12:09:41,282 562 WARNING sgc_install odoo.addons.sgc_regulatory_rules_pack.models.regulatory_constant: regulatory.constant vat_rate_percent (jurisdiction=uae_federal, as_of=2030-06-01) is UNVERIFIED. source_url=https://www.tax.gov.ae/ verified_on=2030-01-01 
2026-09-02 12:09:41,297 562 INFO sgc_install odoo.models.unlink: User #1 deleted mail.message records with IDs: [90] 
2026-09-02 12:09:41,303 562 INFO sgc_install odoo.models.unlink: User #1 deleted regulatory.constant records with IDs: [45] 
2026-09-02 12:09:41,307 562 INFO sgc_install odoo.addons.sgc_regulatory_rules_pack.tests.test_regulatory_integrity: Starting TestRegulatoryIntegrity.test_07_verified_without_source_url_raises_on_create ... 
2026-09-02 12:09:41,315 562 INFO sgc_install odoo.addons.sgc_regulatory_rules_pack.tests.test_regulatory_integrity: Starting TestRegulatoryIntegrity.test_08_exactly_one_of_value_numeric_or_text ... 
2026-09-02 12:09:41,323 562 INFO sgc_install odoo.addons.sgc_regulatory_rules_pack.tests.test_regulatory_integrity: Starting TestRegulatoryIntegrity.test_09_rear_threshold_migration_note_present ... 
2026-09-02 12:09:41,327 562 INFO sgc_install odoo.addons.sgc_regulatory_rules_pack.tests.test_regulatory_integrity: Starting TestRegulatoryIntegrity.test_10_pf_risk_required_constant_is_verified ... 
2026-09-02 12:09:41,331 562 INFO sgc_install odoo.addons.sgc_regulatory_rules_pack.tests.test_regulatory_integrity: Starting TestRegulatoryIntegrity.test_11_nominee_not_ubo_constant_is_verified ... 
2026-09-02 12:09:41,334 562 INFO sgc_install odoo.addons.sgc_regulatory_rules_pack.tests.test_regulatory_integrity: Starting TestRegulatoryIntegrity.test_12_conflicting_constant_value_text_is_not_a_parseable_date ... 
2026-09-02 12:09:41,337 562 WARNING sgc_install odoo.addons.sgc_regulatory_rules_pack.models.regulatory_constant: regulatory.constant einvoicing_government_entity_go_live (jurisdiction=uae_federal, as_of=2026-09-01) is CONFLICTING. source_url=https://www.tax.gov.ae/ verified_on=2026-09-01 
2026-09-02 12:09:41,341 562 INFO sgc_install odoo.addons.sgc_regulatory_rules_pack.tests.test_regulatory_integrity: Starting TestRegulatoryIntegrity.test_13_phase2_einvoicing_constants_are_verified_secondary ... 
2026-09-02 12:09:41,348 562 INFO sgc_install odoo.addons.base.models.ir_attachment: filestore gc 0 checked, 0 removed 
2026-09-02 12:09:41,351 562 INFO sgc_install odoo.addons.sgc_regulatory_rules_pack.tests.test_regulatory_rules_pack: Starting TestRegulatoryRulesPack.test_01_rear_cash_threshold_migrated ... 
2026-09-02 12:09:41,354 562 INFO sgc_install odoo.addons.sgc_regulatory_rules_pack.tests.test_regulatory_rules_pack: Starting TestRegulatoryRulesPack.test_02_lookup_value_helper ... 
2026-09-02 12:09:41,358 562 INFO sgc_install odoo.addons.sgc_regulatory_rules_pack.tests.test_regulatory_rules_pack: Starting TestRegulatoryRulesPack.test_03_lookup_returns_record_object ... 
2026-09-02 12:09:41,363 562 INFO sgc_install odoo.addons.sgc_regulatory_rules_pack.tests.test_regulatory_rules_pack: Starting TestRegulatoryRulesPack.test_04_bool_unit_helper ... 
2026-09-02 12:09:41,367 562 INFO sgc_install odoo.addons.sgc_regulatory_rules_pack.tests.test_regulatory_rules_pack: Starting TestRegulatoryRulesPack.test_05_effective_dating ... 
2026-09-02 12:09:41,388 562 WARNING sgc_install odoo.addons.sgc_regulatory_rules_pack.models.regulatory_constant: regulatory.constant vat_rate_percent (jurisdiction=uae_federal, as_of=2030-06-01) is UNVERIFIED. source_url=https://www.tax.gov.ae/ verified_on=2030-01-01 
2026-09-02 12:09:41,402 562 INFO sgc_install odoo.models.unlink: User #1 deleted mail.message records with IDs: [91] 
2026-09-02 12:09:41,408 562 INFO sgc_install odoo.models.unlink: User #1 deleted regulatory.constant records with IDs: [48] 
2026-09-02 12:09:41,411 562 INFO sgc_install odoo.addons.sgc_regulatory_rules_pack.tests.test_regulatory_rules_pack: Starting TestRegulatoryRulesPack.test_06_unverified_returns_value ... 
2026-09-02 12:09:41,415 562 WARNING sgc_install odoo.addons.sgc_regulatory_rules_pack.models.regulatory_constant: regulatory.constant rear_filing_deadline_days (jurisdiction=dubai, as_of=2026-09-01) is UNVERIFIED. source_url=https://www.moet.gov.ae/ verified_on=False 
2026-09-02 12:09:41,416 562 INFO sgc_install odoo.addons.sgc_regulatory_rules_pack.tests.test_regulatory_rules_pack: Starting TestRegulatoryRulesPack.test_07_verified_requires_source_url ... 
2026-09-02 12:09:41,425 562 INFO sgc_install odoo.addons.sgc_regulatory_rules_pack.tests.test_regulatory_rules_pack: Starting TestRegulatoryRulesPack.test_08_verified_requires_verified_on ... 
2026-09-02 12:09:41,432 562 INFO sgc_install odoo.addons.sgc_regulatory_rules_pack.tests.test_regulatory_rules_pack: Starting TestRegulatoryRulesPack.test_09_valid_to_before_valid_from_raises ... 
2026-09-02 12:09:41,439 562 INFO sgc_install odoo.addons.sgc_regulatory_rules_pack.tests.test_regulatory_rules_pack: Starting TestRegulatoryRulesPack.test_10_both_value_set_raises ... 
2026-09-02 12:09:41,447 562 INFO sgc_install odoo.addons.sgc_regulatory_rules_pack.tests.test_regulatory_rules_pack: Starting TestRegulatoryRulesPack.test_11_neither_value_set_raises ... 
2026-09-02 12:09:41,463 562 INFO sgc_install odoo.addons.sgc_regulatory_rules_pack.tests.test_regulatory_rules_pack: Starting TestRegulatoryRulesPack.test_12_missing_code_raises ... 
2026-09-02 12:09:41,472 562 INFO sgc_install odoo.addons.sgc_regulatory_rules_pack.tests.test_regulatory_rules_pack: Starting TestRegulatoryRulesPack.test_13_pf_required ... 
2026-09-02 12:09:41,475 562 INFO sgc_install odoo.addons.sgc_regulatory_rules_pack.tests.test_regulatory_rules_pack: Starting TestRegulatoryRulesPack.test_14_nominee_not_ubo ... 
2026-09-02 12:09:41,477 562 INFO sgc_install odoo.addons.sgc_regulatory_rules_pack.tests.test_regulatory_rules_pack: Starting TestRegulatoryRulesPack.test_15_every_seeded_constant_resolves ... 
2026-09-02 12:09:41,490 562 WARNING sgc_install odoo.addons.sgc_regulatory_rules_pack.models.regulatory_constant: regulatory.constant einvoicing_government_entity_go_live (jurisdiction=uae_federal, as_of=2026-09-02) is CONFLICTING. source_url=https://www.tax.gov.ae/ verified_on=2026-09-01 
2026-09-02 12:09:41,518 562 WARNING sgc_install odoo.addons.sgc_regulatory_rules_pack.models.regulatory_constant: regulatory.constant rear_cash_commission_triggers_rear (jurisdiction=dubai, as_of=2026-09-02) is UNVERIFIED. source_url=https://www.moet.gov.ae/ verified_on=False 
2026-09-02 12:09:41,521 562 WARNING sgc_install odoo.addons.sgc_regulatory_rules_pack.models.regulatory_constant: regulatory.constant rear_filing_deadline_days (jurisdiction=dubai, as_of=2026-09-02) is UNVERIFIED. source_url=https://www.moet.gov.ae/ verified_on=False 
2026-09-02 12:09:41,528 562 INFO sgc_install odoo.addons.base.models.ir_attachment: filestore gc 0 checked, 0 removed 
2026-09-02 12:09:41,529 562 INFO sgc_install odoo.addons.sgc_regulatory_rules_pack.tests.test_schema_drift: Starting TestSchemaDrift.test_01_snapshot_writes_to_baseline_when_missing ... 
2026-09-02 12:09:41,532 562 INFO sgc_install odoo.addons.sgc_regulatory_rules_pack.tests.test_schema_drift: Starting TestSchemaDrift.test_02_snapshot_equals_baseline ... 
2026-09-02 12:09:41,550 562 INFO sgc_install odoo.addons.base.models.ir_attachment: filestore gc 0 checked, 0 removed 
2026-09-02 12:09:41,551 562 INFO sgc_install odoo.addons.sgc_tenant_readiness.tests.test_count_meta: Starting TestCountMeta.test_count_classes_in_module ... 
2026-09-02 12:09:41,553 562 INFO sgc_install odoo.addons.base.models.ir_attachment: filestore gc 0 checked, 0 removed 
2026-09-02 12:09:41,555 562 INFO sgc_install odoo.addons.sgc_tenant_readiness.tests.test_fresh_tenant_blocking: Starting TestFreshTenantBlocking.test_01_empty_tenant_blocks_goaml_filing ... 
2026-09-02 12:09:41,564 562 INFO sgc_install odoo.addons.sgc_tenant_readiness.tests.test_fresh_tenant_blocking: Starting TestFreshTenantBlocking.test_02_empty_tenant_blocks_screening ... 
2026-09-02 12:09:41,569 562 INFO sgc_install odoo.addons.sgc_tenant_readiness.tests.test_fresh_tenant_blocking: Starting TestFreshTenantBlocking.test_03_empty_tenant_blocks_listing_publication ... 
2026-09-02 12:09:41,574 562 INFO sgc_install odoo.addons.sgc_tenant_readiness.tests.test_fresh_tenant_blocking: Starting TestFreshTenantBlocking.test_04_empty_tenant_blocks_tenancy_contract ... 
2026-09-02 12:09:41,580 562 INFO sgc_install odoo.addons.sgc_tenant_readiness.tests.test_fresh_tenant_blocking: Starting TestFreshTenantBlocking.test_05_empty_tenant_blocks_offplan_sales ... 
2026-09-02 12:09:41,585 562 INFO sgc_install odoo.addons.sgc_tenant_readiness.tests.test_fresh_tenant_blocking: Starting TestFreshTenantBlocking.test_06_empty_tenant_blocks_service_charge ... 
2026-09-02 12:09:41,589 562 INFO sgc_install odoo.addons.sgc_tenant_readiness.tests.test_fresh_tenant_blocking: Starting TestFreshTenantBlocking.test_07_empty_tenant_blocks_einvoicing ... 
2026-09-02 12:09:41,593 562 INFO sgc_install odoo.addons.sgc_tenant_readiness.tests.test_fresh_tenant_blocking: Starting TestFreshTenantBlocking.test_08_no_capability_passes_while_unconfigured ... 
2026-09-02 12:09:41,604 562 INFO sgc_install odoo.addons.base.models.ir_attachment: filestore gc 0 checked, 0 removed 
2026-09-02 12:09:41,607 562 INFO sgc_install odoo.addons.sgc_tenant_readiness.tests.test_fresh_tenant_blocking: Starting TestFreshTenantBlockingConfigured.test_configured_einvoicing_blocks_without_revenue_band ... 
2026-09-02 12:09:41,750 562 INFO sgc_install odoo.addons.sgc_tenant_readiness.tests.test_fresh_tenant_blocking: Starting TestFreshTenantBlockingConfigured.test_configured_einvoicing_unblocks_with_complete_set ... 
2026-09-02 12:09:41,990 562 INFO sgc_install odoo.addons.sgc_tenant_readiness.tests.test_fresh_tenant_blocking: Starting TestFreshTenantBlockingConfigured.test_configured_goaml_filing_unblocks_with_complete_set ... 
2026-09-02 12:09:42,223 562 INFO sgc_install odoo.addons.sgc_tenant_readiness.tests.test_fresh_tenant_blocking: Starting TestFreshTenantBlockingConfigured.test_configured_listing_publication_unblocks_with_complete_set ... 
2026-09-02 12:09:42,348 562 INFO sgc_install odoo.addons.sgc_tenant_readiness.tests.test_fresh_tenant_blocking: Starting TestFreshTenantBlockingConfigured.test_configured_manual_block_survives_full_configuration ... 
2026-09-02 12:09:42,556 562 INFO sgc_install odoo.addons.sgc_tenant_readiness.tests.test_fresh_tenant_blocking: Starting TestFreshTenantBlockingConfigured.test_configured_offplan_sales_unblocks_with_complete_set ... 
2026-09-02 12:09:42,674 562 INFO sgc_install odoo.addons.sgc_tenant_readiness.tests.test_fresh_tenant_blocking: Starting TestFreshTenantBlockingConfigured.test_configured_partial_config_still_blocks_every_capability ... 
2026-09-02 12:09:43,509 562 INFO sgc_install odoo.addons.sgc_tenant_readiness.tests.test_fresh_tenant_blocking: Starting TestFreshTenantBlockingConfigured.test_configured_screening_unblocks_with_complete_set ... 
2026-09-02 12:09:43,880 562 INFO sgc_install odoo.addons.sgc_tenant_readiness.tests.test_fresh_tenant_blocking: Starting TestFreshTenantBlockingConfigured.test_configured_service_charge_unblocks_with_complete_set ... 
2026-09-02 12:09:44,023 562 INFO sgc_install odoo.addons.sgc_tenant_readiness.tests.test_fresh_tenant_blocking: Starting TestFreshTenantBlockingConfigured.test_configured_tenancy_contract_unblocks_with_complete_set ... 
2026-09-02 12:09:44,113 562 INFO sgc_install odoo.addons.sgc_tenant_readiness.tests.test_fresh_tenant_blocking: Starting TestFreshTenantBlockingConfigured.test_configured_unblock_reverts_to_computed_not_to_ready ... 
2026-09-02 12:09:44,121 562 INFO sgc_install odoo.addons.base.models.ir_attachment: filestore gc 0 checked, 0 removed 
2026-09-02 12:09:44,530 562 INFO sgc_install odoo.addons.auth_signup.models.res_users: Signup email sent for user <test_isolation_tenant_a_user> to <iso_a@example.com> 
2026-09-02 12:09:44,678 562 INFO sgc_install odoo.addons.auth_signup.models.res_users: Signup email sent for user <test_isolation_tenant_b_user> to <iso_b@example.com> 
2026-09-02 12:09:44,680 562 INFO sgc_install odoo.addons.sgc_tenant_readiness.tests.test_isolation: Starting TestIsolationDirectSearch.test_01_every_scoped_model_has_ir_rule_coverage ... 
2026-09-02 12:09:44,696 562 INFO sgc_install odoo.addons.sgc_tenant_readiness.tests.test_isolation: Starting TestIsolationDirectSearch.test_02_tenant_b_direct_search_cannot_read_tenant_a_exception ... 
2026-09-02 12:09:44,716 562 INFO sgc_install odoo.addons.base.models.ir_model: Access Denied by ACLs for operation: read, uid: 6, model: process.exception 
2026-09-02 12:09:44,721 562 INFO sgc_install odoo.addons.sgc_tenant_readiness.tests.test_isolation: Starting TestIsolationDirectSearch.test_03_tenant_b_direct_search_cannot_read_tenant_a_officer ... 
2026-09-02 12:09:44,812 562 INFO sgc_install odoo.addons.base.models.ir_model: Access Denied by ACLs for operation: read, uid: 6, model: tenant.compliance.officer 
2026-09-02 12:09:44,822 562 INFO sgc_install odoo.addons.sgc_tenant_readiness.tests.test_isolation: Starting TestIsolationDirectSearch.test_04_tenant_b_direct_search_cannot_read_tenant_a_state ... 
2026-09-02 12:09:44,838 562 INFO sgc_install odoo.addons.base.models.ir_model: Access Denied by ACLs for operation: read, uid: 6, model: tenant.readiness.state 
2026-09-02 12:09:44,846 562 INFO sgc_install odoo.addons.sgc_tenant_readiness.tests.test_isolation: Starting TestIsolationDirectSearch.test_05_tenant_b_direct_search_cannot_read_tenant_a_override ... 
2026-09-02 12:09:44,878 562 INFO sgc_install odoo.addons.base.models.ir_model: Access Denied by ACLs for operation: read, uid: 6, model: tenant.high.risk.override 
2026-09-02 12:09:44,882 562 INFO sgc_install odoo.addons.sgc_tenant_readiness.tests.test_isolation: Starting TestIsolationDirectSearch.test_06_configuring_tenant_a_leaves_tenant_b_fully_blocked ... 
2026-09-02 12:09:44,889 562 INFO sgc_install odoo.addons.base.models.ir_attachment: filestore gc 2 checked, 2 removed 
2026-09-02 12:09:44,890 562 INFO sgc_install odoo.addons.sgc_tenant_readiness.tests.test_r8_scan: Starting TestR8MechanicalScan.test_no_prohibited_compliance_claims_in_source ... 
2026-09-02 12:09:44,962 562 INFO sgc_install odoo.addons.base.models.ir_attachment: filestore gc 0 checked, 0 removed 
2026-09-02 12:09:45,107 562 INFO sgc_install odoo.addons.auth_signup.models.res_users: Signup email sent for user <test_compliance_officer_segregation> to <compliance_officer_segregation@example.com> 
2026-09-02 12:09:45,238 562 INFO sgc_install odoo.addons.auth_signup.models.res_users: Signup email sent for user <test_normal_agent_segregation> to <normal_agent_segregation@example.com> 
2026-09-02 12:09:45,331 562 INFO sgc_install odoo.addons.sgc_tenant_readiness.tests.test_segregation: Starting TestMlroSegregation.test_01_compliance_user_blocked_from_deal_assignment ... 
2026-09-02 12:09:45,336 562 INFO sgc_install odoo.addons.sgc_tenant_readiness.tests.test_segregation: Starting TestMlroSegregation.test_02_normal_user_allowed ... 
2026-09-02 12:09:45,338 562 INFO sgc_install odoo.addons.sgc_tenant_readiness.tests.test_segregation: Starting TestMlroSegregation.test_03_override_with_rationale_allows ... 
2026-09-02 12:09:45,341 562 INFO sgc_install odoo.addons.sgc_tenant_readiness.tests.test_segregation: Starting TestMlroSegregation.test_04_override_without_rationale_blocked ... 
2026-09-02 12:09:45,350 562 INFO sgc_install odoo.addons.base.models.ir_attachment: filestore gc 2 checked, 2 removed 
2026-09-02 12:09:45,494 562 INFO sgc_install odoo.addons.auth_signup.models.res_users: Signup email sent for user <test_primary_compliance_officer> to <primary@example.com> 
2026-09-02 12:09:45,622 562 INFO sgc_install odoo.addons.auth_signup.models.res_users: Signup email sent for user <test_alternate_compliance_officer> to <alternate@example.com> 
2026-09-02 12:09:45,774 562 INFO sgc_install odoo.addons.auth_signup.models.res_users: Signup email sent for user <test_senior_manager> to <manager@example.com> 
2026-09-02 12:09:45,789 562 INFO sgc_install odoo.addons.sgc_tenant_readiness.tests.test_tenant_readiness: Starting TestTenantReadiness.test_01_one_primary_one_alternate_per_company ... 
2026-09-02 12:09:45,900 562 ERROR sgc_install odoo.sql_db: bad query: b'INSERT INTO "tenant_compliance_officer" ("create_date", "create_uid", "role", "state", "tenant_company_id", "user_id", "write_date", "write_uid") VALUES (\'2026-09-02T12:09:45.352283\'::timestamp, 1, \'primary\', \'draft\', 1, 11, \'2026-09-02T12:09:45.352283\'::timestamp, 1) RETURNING "id"'
ERROR: duplicate key value violates unique constraint "tenant_compliance_officer_role_per_company_uniq"
DETAIL:  Key (role, tenant_company_id)=(primary, 1) already exists.
 
2026-09-02 12:09:45,904 562 INFO sgc_install odoo.addons.sgc_tenant_readiness.tests.test_tenant_readiness: Starting TestTenantReadiness.test_02_activation_requires_fit_and_proper ... 
2026-09-02 12:09:46,006 562 INFO sgc_install odoo.addons.sgc_tenant_readiness.tests.test_tenant_readiness: Starting TestTenantReadiness.test_03_passing_assessment_requires_attestations ... 
2026-09-02 12:09:46,025 562 INFO sgc_install odoo.addons.sgc_tenant_readiness.tests.test_tenant_readiness: Starting TestTenantReadiness.test_04_full_pass_lifecycle ... 
2026-09-02 12:09:46,128 562 INFO sgc_install odoo.addons.sgc_tenant_readiness.tests.test_tenant_readiness: Starting TestTenantReadiness.test_05_high_risk_override_segregation_enforced ... 
2026-09-02 12:09:46,136 562 INFO sgc_install odoo.addons.sgc_tenant_readiness.tests.test_tenant_readiness: Starting TestTenantReadiness.test_06_high_risk_override_requires_rationale_when_differing ... 
2026-09-02 12:09:46,154 562 INFO sgc_install odoo.addons.sgc_tenant_readiness.tests.test_tenant_readiness: Starting TestTenantReadiness.test_07_high_risk_override_full_lifecycle_with_ack ... 
2026-09-02 12:09:46,181 562 INFO sgc_install odoo.addons.base.models.ir_attachment: filestore gc 3 checked, 3 removed 
2026-09-02 12:09:46,183 562 INFO sgc_install odoo.addons.sgc_tenant_readiness.tests.test_upgrade_migrations: Starting TestTenantReadinessUpgradeMigrations.test_01_residency_field_exists_and_defaults_to_uae_mainland ... 
2026-09-02 12:09:46,297 562 INFO sgc_install odoo.addons.sgc_tenant_readiness.tests.test_upgrade_migrations: Starting TestTenantReadinessUpgradeMigrations.test_02_residency_field_rejects_invalid_value ... 
2026-09-02 12:09:46,300 562 INFO sgc_install odoo.addons.sgc_tenant_readiness.tests.test_upgrade_migrations: Starting TestTenantReadinessUpgradeMigrations.test_03_residency_migration_no_silent_default_to_uae_mainland ... 
2026-09-02 12:09:46,421 562 INFO sgc_install odoo.addons.sgc_tenant_readiness.tests.test_upgrade_migrations: Starting TestTenantReadinessUpgradeMigrations.test_04_legal_regime_ref_resolved_by_lookup_not_hardcoded ... 
2026-09-02 12:09:46,585 562 INFO sgc_install odoo.addons.sgc_tenant_readiness.tests.test_upgrade_migrations: Starting TestTenantReadinessUpgradeMigrations.test_05_disclosure_accepted_has_no_default ... 
2026-09-02 12:09:46,707 562 INFO sgc_install odoo.addons.sgc_tenant_readiness.tests.test_upgrade_migrations: Starting TestTenantReadinessUpgradeMigrations.test_06_tenant_decision_field_survives_upgrade ... 
2026-09-02 12:09:46,857 562 INFO sgc_install odoo.addons.auth_signup.models.res_users: Signup email sent for user <test_wave3_upgrade_officer> to <wave3_upgrade_officer@example.com> 
2026-09-02 12:09:46,936 562 INFO sgc_install odoo.addons.base.models.ir_attachment: filestore gc 1 checked, 1 removed 
2026-09-02 12:09:46,937 562 INFO sgc_install odoo.service.server: 96 post-tests in 5.95s, 5558 queries 
2026-09-02 12:09:46,937 562 INFO sgc_install odoo.tests.stats: sgc_process_control: 28 tests 0.24s 273 queries 
2026-09-02 12:09:46,938 562 INFO sgc_install odoo.tests.stats: sgc_regulatory_rules_pack: 40 tests 0.31s 365 queries 
2026-09-02 12:09:46,938 562 INFO sgc_install odoo.tests.stats: sgc_tenant_readiness: 60 tests 5.38s 4920 queries 
2026-09-02 12:09:46,938 562 INFO sgc_install odoo.tests.result: 0 failed, 0 error(s) of 96 tests when loading database 'sgc_install' 
2026-09-02 12:09:46,938 562 INFO sgc_install odoo.service.server: Initiating shutdown 
2026-09-02 12:09:46,938 562 INFO sgc_install odoo.service.server: Hit CTRL-C again or send a second signal to force the shutdown. 
2026-09-02 12:09:47,381 562 INFO sgc_install odoo.sql_db: ConnectionPool(read/write;used=0/count=0/max=64): Closed 1 connections  
