
2026-09-02 18:21:43,463 961 INFO ? odoo: Odoo version 19.0-20260817 
2026-09-02 18:21:43,463 961 INFO ? odoo: Using configuration file at /etc/odoo/odoo.conf 
2026-09-02 18:21:43,463 961 INFO ? odoo: addons paths: _NamespacePath(['/usr/lib/python3/dist-packages/odoo/addons', '/var/lib/odoo/addons/19.0', '/mnt/extra-addons', '/usr/lib/python3/dist-packages/addons']) 
2026-09-02 18:21:43,463 961 INFO ? odoo: database: odoo@wave4_pg:default 
2026-09-02 18:21:43,897 961 INFO ? odoo.service.server: HTTP service (werkzeug) running on 2b431b2d5de1:8069 
2026-09-02 18:21:43,921 961 INFO wave4_aml_p63 odoo.tests.common: Importing test framework 
2026-09-02 18:21:43,968 961 INFO wave4_aml_p63 odoo.modules.loading: loading 1 modules... 
2026-09-02 18:21:43,974 961 INFO wave4_aml_p63 odoo.modules.loading: 1 modules loaded in 0.01s, 0 queries (+0 extra) 
2026-09-02 18:21:44,012 961 INFO wave4_aml_p63 odoo.modules.loading: updating modules list 
2026-09-02 18:21:44,017 961 INFO wave4_aml_p63 odoo.addons.base.models.ir_module: ALLOW access to module.update_list on [] to user __system__ #1 via n/a 
2026-09-02 18:21:45,696 961 WARNING wave4_aml_p63 odoo.modules.module: Missing `author` key in manifest for 'sgc_brochure_leadcapture', defaulting to '' 
2026-09-02 18:21:45,700 961 WARNING wave4_aml_p63 odoo.modules.module: Missing `author` key in manifest for 'sgc_brochure_leadcapture', defaulting to '' 
2026-09-02 18:21:45,813 961 WARNING wave4_aml_p63 odoo.modules.module: Missing `author` key in manifest for 'sgc_llm_router', defaulting to '' 
2026-09-02 18:21:45,817 961 WARNING wave4_aml_p63 odoo.modules.module: Missing `author` key in manifest for 'sgc_llm_router', defaulting to '' 
2026-09-02 18:21:46,328 961 INFO wave4_aml_p63 odoo.addons.base.models.ir_module: ALLOW access to module.button_upgrade on ['AML Compliance & goAML'] to user __system__ #1 via n/a 
2026-09-02 18:21:46,328 961 INFO wave4_aml_p63 odoo.addons.base.models.ir_module: ALLOW access to module.update_list on ['AML Compliance & goAML'] to user __system__ #1 via n/a 
2026-09-02 18:21:48,152 961 WARNING wave4_aml_p63 odoo.modules.module: Missing `author` key in manifest for 'sgc_brochure_leadcapture', defaulting to '' 
2026-09-02 18:21:48,224 961 WARNING wave4_aml_p63 odoo.modules.module: Missing `author` key in manifest for 'sgc_llm_router', defaulting to '' 
2026-09-02 18:21:48,544 961 INFO wave4_aml_p63 odoo.addons.base.models.ir_module: ALLOW access to module.button_install on [] to user __system__ #1 via n/a 
2026-09-02 18:21:48,591 961 INFO wave4_aml_p63 odoo.modules.loading: loading 69 modules... 
2026-09-02 18:21:49,670 961 INFO wave4_aml_p63 odoo.modules.loading: Loading module aml_compliance (65/69) 
2026-09-02 18:21:50,220 961 INFO wave4_aml_p63 odoo.registry: module aml_compliance: creating or updating database tables 
2026-09-02 18:21:50,347 961 WARNING wave4_aml_p63 odoo.addons.base.models.ir_model: Two fields (x_currency_id, currency_id) of res.partner() have the same label: Currency. [Modules: kyc_management and account] 
2026-09-02 18:21:50,348 961 WARNING wave4_aml_p63 odoo.addons.base.models.ir_model: Two fields (x_currency_id, currency_id) of res.users() have the same label: Currency. [Modules: None and None] 
2026-09-02 18:21:50,580 961 INFO wave4_aml_p63 odoo.modules.loading: loading aml_compliance/security/aml_groups.xml 
2026-09-02 18:21:50,591 961 INFO wave4_aml_p63 odoo.modules.loading: loading aml_compliance/security/ir.model.access.csv 
2026-09-02 18:21:50,648 961 INFO wave4_aml_p63 odoo.modules.loading: loading aml_compliance/security/security.xml 
2026-09-02 18:21:50,659 961 INFO wave4_aml_p63 odoo.modules.loading: loading aml_compliance/data/sequence_data.xml 
2026-09-02 18:21:50,668 961 INFO wave4_aml_p63 odoo.modules.loading: loading aml_compliance/data/sequence_phase2_data.xml 
2026-09-02 18:21:50,678 961 INFO wave4_aml_p63 odoo.modules.loading: loading aml_compliance/data/edd_enquiry_data.xml 
2026-09-02 18:21:50,690 961 INFO wave4_aml_p63 odoo.modules.loading: loading aml_compliance/data/risk_factor_data.xml 
2026-09-02 18:21:50,705 961 INFO wave4_aml_p63 odoo.modules.loading: loading aml_compliance/data/fatf_jurisdiction_data.xml 
2026-09-02 18:21:50,729 961 INFO wave4_aml_p63 odoo.modules.loading: loading aml_compliance/data/monitoring_rule_data.xml 
2026-09-02 18:21:50,749 961 INFO wave4_aml_p63 odoo.modules.loading: loading aml_compliance/data/cron_data.xml 
2026-09-02 18:21:50,765 961 INFO wave4_aml_p63 odoo.modules.loading: loading aml_compliance/reports/risk_assessment_report.xml 
2026-09-02 18:21:50,788 961 INFO wave4_aml_p63 odoo.modules.loading: loading aml_compliance/reports/goaml_report_print.xml 
2026-09-02 18:21:50,806 961 INFO wave4_aml_p63 odoo.modules.loading: loading aml_compliance/reports/screening_certificate.xml 
2026-09-02 18:21:50,830 961 INFO wave4_aml_p63 odoo.modules.loading: loading aml_compliance/reports/consolidated_kyc_report.xml 
2026-09-02 18:21:50,854 961 INFO wave4_aml_p63 odoo.modules.loading: loading aml_compliance/views/risk_assessment_views.xml 
2026-09-02 18:21:50,945 961 INFO wave4_aml_p63 odoo.modules.loading: loading aml_compliance/views/risk_factor_views.xml 
2026-09-02 18:21:51,009 961 INFO wave4_aml_p63 odoo.modules.loading: loading aml_compliance/views/goaml_report_views.xml 
2026-09-02 18:21:51,051 961 INFO wave4_aml_p63 odoo.modules.loading: loading aml_compliance/views/transaction_monitoring_views.xml 
2026-09-02 18:21:51,123 961 INFO wave4_aml_p63 odoo.modules.loading: loading aml_compliance/views/sanctions_screening_views.xml 
2026-09-02 18:21:51,198 961 INFO wave4_aml_p63 odoo.modules.loading: loading aml_compliance/views/opensanctions_views.xml 
2026-09-02 18:21:51,217 961 WARNING wave4_aml_p63 odoo.addons.base.models.ir_ui_view: A <i> with fa class (fa fa-check-circle me-2) must have title in its tag, parents, descendants or have text
View error context:
{'file': '/mnt/extra-addons/aml_compliance/views/opensanctions_views.xml',
 'line': 6,
 'name': 'aml.opensanctions.config.form',
 'view': ir.ui.view(1815,),
 'view.model': 'aml.opensanctions.config',
 'view.parent': ir.ui.view(),
 'xmlid': 'view_opensanctions_config_form'} 
2026-09-02 18:21:51,217 961 WARNING wave4_aml_p63 odoo.addons.base.models.ir_ui_view: A <i> with fa class (fa fa-times-circle me-2) must have title in its tag, parents, descendants or have text
View error context:
{'file': '/mnt/extra-addons/aml_compliance/views/opensanctions_views.xml',
 'line': 17,
 'name': 'aml.opensanctions.config.form',
 'view': ir.ui.view(1815,),
 'view.model': 'aml.opensanctions.config',
 'view.parent': ir.ui.view(),
 'xmlid': 'view_opensanctions_config_form'} 
2026-09-02 18:21:51,233 961 INFO wave4_aml_p63 odoo.modules.loading: loading aml_compliance/views/dashboard_views.xml 
2026-09-02 18:21:51,366 961 INFO wave4_aml_p63 odoo.modules.loading: loading aml_compliance/views/kyc_application_views.xml 
2026-09-02 18:21:51,400 961 INFO wave4_aml_p63 odoo.modules.loading: loading aml_compliance/views/res_partner_views.xml 
2026-09-02 18:21:51,465 961 INFO wave4_aml_p63 odoo.modules.loading: loading aml_compliance/views/edd_workflow_views.xml 
2026-09-02 18:21:51,504 961 INFO wave4_aml_p63 odoo.modules.loading: loading aml_compliance/views/investigation_case_views.xml 
2026-09-02 18:21:51,556 961 INFO wave4_aml_p63 odoo.modules.loading: loading aml_compliance/views/aml_menu.xml 
2026-09-02 18:21:51,680 961 INFO wave4_aml_p63 odoo.modules.loading: loading aml_compliance/wizard/risk_override_wizard_views.xml 
2026-09-02 18:21:51,696 961 INFO wave4_aml_p63 odoo.modules.loading: loading aml_compliance/wizard/goaml_filing_wizard_views.xml 
2026-09-02 18:21:52,051 961 INFO wave4_aml_p63 odoo.addons.aml_compliance.tests.test_exit_gate: Starting TestExitGate.test_alert_state_machine_only_via_authorized_actions ... 
2026-09-02 18:21:52,360 961 INFO wave4_aml_p63 odoo.addons.auth_signup.models.res_users: Signup email sent for user <wave4_no_aml> to <wave4_no_aml@example.com> 
2026-09-02 18:21:52,384 961 INFO wave4_aml_p63 odoo.addons.base.models.ir_model: Access Denied by ACLs for operation: read, uid: 6, model: aml.transaction.alert 
2026-09-02 18:21:52,392 961 INFO wave4_aml_p63 odoo.addons.aml_compliance.tests.test_exit_gate: Starting TestExitGate.test_alert_with_missing_partner_fails_closed ... 
2026-09-02 18:21:52,477 961 ERROR wave4_aml_p63 odoo.sql_db: bad query: b'INSERT INTO "aml_transaction_alert" ("alert_date", "company_id", "create_date", "create_uid", "currency_id", "name", "rule_id", "state", "transaction_amount", "write_date", "write_uid") VALUES (\'2026-09-02T18:21:52\'::timestamp, 1, \'2026-09-02T18:21:52.051579\'::timestamp, 1, 1, \'ALT/2026/00015\', 17, \'new\', \'100.00\', \'2026-09-02T18:21:52.051579\'::timestamp, 1) RETURNING "id"'
ERROR: null value in column "partner_id" of relation "aml_transaction_alert" violates not-null constraint
DETAIL:  Failing row contains (15, 17, null, 1, null, null, null, null, 1, null, 1, 1, ALT/2026/00015, new, null, null, null, null, 100.00, 2026-09-02 18:21:52, null, 2026-09-02 18:21:52.051579, 2026-09-02 18:21:52.051579).
 
2026-09-02 18:21:52,480 961 INFO wave4_aml_p63 odoo.addons.aml_compliance.tests.test_exit_gate: Starting TestExitGate.test_exact_threshold_boundary_is_deterministic ... 
2026-09-02 18:21:53,385 961 INFO wave4_aml_p63 odoo.addons.aml_compliance.models.account_move: Real-time monitoring: 2 alert(s) generated for 1 invoice(s). 
2026-09-02 18:21:53,387 961 INFO wave4_aml_p63 odoo.addons.aml_compliance.models.transaction_monitoring: AML Transaction Monitoring: starting scan... 
2026-09-02 18:21:53,393 961 INFO wave4_aml_p63 odoo.addons.aml_compliance.models.transaction_monitoring: AML Transaction Monitoring: 0 alerts generated. 
2026-09-02 18:21:53,394 961 INFO wave4_aml_p63 odoo.addons.aml_compliance.models.transaction_monitoring: AML Transaction Monitoring: starting scan... 
2026-09-02 18:21:53,399 961 INFO wave4_aml_p63 odoo.addons.aml_compliance.models.transaction_monitoring: AML Transaction Monitoring: 0 alerts generated. 
2026-09-02 18:21:53,401 961 INFO wave4_aml_p63 odoo.addons.aml_compliance.tests.test_exit_gate: Starting TestExitGate.test_idempotent_threshold_check_no_duplicate_alerts ... 
2026-09-02 18:21:53,714 961 INFO wave4_aml_p63 odoo.addons.aml_compliance.models.account_move: Real-time monitoring: 2 alert(s) generated for 1 invoice(s). 
2026-09-02 18:21:53,715 961 INFO wave4_aml_p63 odoo.addons.aml_compliance.models.transaction_monitoring: AML Transaction Monitoring: starting scan... 
2026-09-02 18:21:53,720 961 INFO wave4_aml_p63 odoo.addons.aml_compliance.models.transaction_monitoring: AML Transaction Monitoring: 0 alerts generated. 
2026-09-02 18:21:53,720 961 INFO wave4_aml_p63 odoo.addons.aml_compliance.models.transaction_monitoring: AML Transaction Monitoring: starting scan... 
2026-09-02 18:21:53,724 961 INFO wave4_aml_p63 odoo.addons.aml_compliance.models.transaction_monitoring: AML Transaction Monitoring: 0 alerts generated. 
2026-09-02 18:21:53,727 961 INFO wave4_aml_p63 odoo.addons.aml_compliance.tests.test_exit_gate: Starting TestExitGate.test_subthreshold_transaction_creates_no_alert ... 
2026-09-02 18:21:53,996 961 INFO wave4_aml_p63 odoo.addons.aml_compliance.models.transaction_monitoring: AML Transaction Monitoring: starting scan... 
2026-09-02 18:21:54,000 961 INFO wave4_aml_p63 odoo.addons.aml_compliance.models.transaction_monitoring: AML Transaction Monitoring: 0 alerts generated. 
2026-09-02 18:21:54,003 961 INFO wave4_aml_p63 odoo.addons.aml_compliance.tests.test_exit_gate: Starting TestExitGate.test_threshold_breach_creates_alert_with_correct_severity ... 
2026-09-02 18:21:54,282 961 INFO wave4_aml_p63 odoo.addons.aml_compliance.models.account_move: Real-time monitoring: 2 alert(s) generated for 1 invoice(s). 
2026-09-02 18:21:54,283 961 INFO wave4_aml_p63 odoo.addons.aml_compliance.models.transaction_monitoring: AML Transaction Monitoring: starting scan... 
2026-09-02 18:21:54,288 961 INFO wave4_aml_p63 odoo.addons.aml_compliance.models.transaction_monitoring: AML Transaction Monitoring: 0 alerts generated. 
2026-09-02 18:21:54,505 961 INFO wave4_aml_p63 odoo.addons.base.models.ir_attachment: filestore gc 1 checked, 1 removed 
2026-09-02 18:21:54,507 961 INFO wave4_aml_p63 odoo.modules.loading: Module aml_compliance loaded in 4.84s (incl. 2.47s test), 1396 queries (+1069 test, +1396 other) 
2026-09-02 18:21:54,522 961 INFO wave4_aml_p63 odoo.modules.loading: 69 modules loaded in 5.93s, 1396 queries (+2465 extra) 
2026-09-02 18:21:55,666 961 INFO wave4_aml_p63 odoo.modules.loading: Modules loaded. 
2026-09-02 18:21:55,700 961 INFO wave4_aml_p63 odoo.registry: Registry changed, signaling through the database 
2026-09-02 18:21:55,703 961 INFO wave4_aml_p63 odoo.registry: Registry loaded in 11.804s 
2026-09-02 18:21:55,703 961 INFO wave4_aml_p63 odoo.service.server: Starting post tests 
2026-09-02 18:21:55,706 961 INFO wave4_aml_p63 odoo.service.server: 0 post-tests in 0.00s, 0 queries 
2026-09-02 18:21:55,706 961 INFO wave4_aml_p63 odoo.tests.stats: aml_compliance: 8 tests 2.47s 1069 queries 
2026-09-02 18:21:55,707 961 INFO wave4_aml_p63 odoo.tests.result: 0 failed, 0 error(s) of 6 tests when loading database 'wave4_aml_p63' 
2026-09-02 18:21:55,707 961 INFO wave4_aml_p63 odoo.service.server: Initiating shutdown 
2026-09-02 18:21:55,707 961 INFO wave4_aml_p63 odoo.service.server: Hit CTRL-C again or send a second signal to force the shutdown. 
2026-09-02 18:21:55,942 961 INFO wave4_aml_p63 odoo.sql_db: ConnectionPool(read/write;used=0/count=0/max=64): Closed 2 connections  
