
2026-09-02 18:21:10,259 943 INFO ? odoo: Odoo version 19.0-20260817 
2026-09-02 18:21:10,259 943 INFO ? odoo: Using configuration file at /etc/odoo/odoo.conf 
2026-09-02 18:21:10,259 943 INFO ? odoo: addons paths: _NamespacePath(['/usr/lib/python3/dist-packages/odoo/addons', '/var/lib/odoo/addons/19.0', '/mnt/extra-addons', '/usr/lib/python3/dist-packages/addons']) 
2026-09-02 18:21:10,259 943 INFO ? odoo: database: odoo@wave4_pg:default 
2026-09-02 18:21:10,697 943 INFO ? odoo.service.server: HTTP service (werkzeug) running on 2b431b2d5de1:8069 
2026-09-02 18:21:10,721 943 INFO wave4_aml_p63 odoo.tests.common: Importing test framework 
2026-09-02 18:21:10,768 943 INFO wave4_aml_p63 odoo.modules.loading: loading 1 modules... 
2026-09-02 18:21:10,777 943 INFO wave4_aml_p63 odoo.modules.loading: 1 modules loaded in 0.01s, 0 queries (+0 extra) 
2026-09-02 18:21:10,837 943 INFO wave4_aml_p63 odoo.modules.loading: updating modules list 
2026-09-02 18:21:10,843 943 INFO wave4_aml_p63 odoo.addons.base.models.ir_module: ALLOW access to module.update_list on [] to user __system__ #1 via n/a 
2026-09-02 18:21:12,819 943 WARNING wave4_aml_p63 odoo.modules.module: Missing `author` key in manifest for 'sgc_brochure_leadcapture', defaulting to '' 
2026-09-02 18:21:12,823 943 WARNING wave4_aml_p63 odoo.modules.module: Missing `author` key in manifest for 'sgc_brochure_leadcapture', defaulting to '' 
2026-09-02 18:21:12,949 943 WARNING wave4_aml_p63 odoo.modules.module: Missing `author` key in manifest for 'sgc_llm_router', defaulting to '' 
2026-09-02 18:21:12,953 943 WARNING wave4_aml_p63 odoo.modules.module: Missing `author` key in manifest for 'sgc_llm_router', defaulting to '' 
2026-09-02 18:21:13,472 943 INFO wave4_aml_p63 odoo.addons.base.models.ir_module: ALLOW access to module.button_upgrade on ['AML Compliance & goAML'] to user __system__ #1 via n/a 
2026-09-02 18:21:13,472 943 INFO wave4_aml_p63 odoo.addons.base.models.ir_module: ALLOW access to module.update_list on ['AML Compliance & goAML'] to user __system__ #1 via n/a 
2026-09-02 18:21:15,179 943 WARNING wave4_aml_p63 odoo.modules.module: Missing `author` key in manifest for 'sgc_brochure_leadcapture', defaulting to '' 
2026-09-02 18:21:15,245 943 WARNING wave4_aml_p63 odoo.modules.module: Missing `author` key in manifest for 'sgc_llm_router', defaulting to '' 
2026-09-02 18:21:15,593 943 INFO wave4_aml_p63 odoo.addons.base.models.ir_module: ALLOW access to module.button_install on [] to user __system__ #1 via n/a 
2026-09-02 18:21:15,641 943 INFO wave4_aml_p63 odoo.modules.loading: loading 69 modules... 
2026-09-02 18:21:16,578 943 INFO wave4_aml_p63 odoo.modules.loading: Loading module aml_compliance (65/69) 
2026-09-02 18:21:17,176 943 INFO wave4_aml_p63 odoo.registry: module aml_compliance: creating or updating database tables 
2026-09-02 18:21:17,301 943 WARNING wave4_aml_p63 odoo.addons.base.models.ir_model: Two fields (x_currency_id, currency_id) of res.partner() have the same label: Currency. [Modules: kyc_management and account] 
2026-09-02 18:21:17,302 943 WARNING wave4_aml_p63 odoo.addons.base.models.ir_model: Two fields (x_currency_id, currency_id) of res.users() have the same label: Currency. [Modules: None and None] 
2026-09-02 18:21:17,497 943 INFO wave4_aml_p63 odoo.modules.loading: loading aml_compliance/security/aml_groups.xml 
2026-09-02 18:21:17,512 943 INFO wave4_aml_p63 odoo.modules.loading: loading aml_compliance/security/ir.model.access.csv 
2026-09-02 18:21:17,565 943 INFO wave4_aml_p63 odoo.modules.loading: loading aml_compliance/security/security.xml 
2026-09-02 18:21:17,576 943 INFO wave4_aml_p63 odoo.modules.loading: loading aml_compliance/data/sequence_data.xml 
2026-09-02 18:21:17,584 943 INFO wave4_aml_p63 odoo.modules.loading: loading aml_compliance/data/sequence_phase2_data.xml 
2026-09-02 18:21:17,592 943 INFO wave4_aml_p63 odoo.modules.loading: loading aml_compliance/data/edd_enquiry_data.xml 
2026-09-02 18:21:17,602 943 INFO wave4_aml_p63 odoo.modules.loading: loading aml_compliance/data/risk_factor_data.xml 
2026-09-02 18:21:17,616 943 INFO wave4_aml_p63 odoo.modules.loading: loading aml_compliance/data/fatf_jurisdiction_data.xml 
2026-09-02 18:21:17,641 943 INFO wave4_aml_p63 odoo.modules.loading: loading aml_compliance/data/monitoring_rule_data.xml 
2026-09-02 18:21:17,662 943 INFO wave4_aml_p63 odoo.modules.loading: loading aml_compliance/data/cron_data.xml 
2026-09-02 18:21:17,678 943 INFO wave4_aml_p63 odoo.modules.loading: loading aml_compliance/reports/risk_assessment_report.xml 
2026-09-02 18:21:17,699 943 INFO wave4_aml_p63 odoo.modules.loading: loading aml_compliance/reports/goaml_report_print.xml 
2026-09-02 18:21:17,719 943 INFO wave4_aml_p63 odoo.modules.loading: loading aml_compliance/reports/screening_certificate.xml 
2026-09-02 18:21:17,745 943 INFO wave4_aml_p63 odoo.modules.loading: loading aml_compliance/reports/consolidated_kyc_report.xml 
2026-09-02 18:21:17,768 943 INFO wave4_aml_p63 odoo.modules.loading: loading aml_compliance/views/risk_assessment_views.xml 
2026-09-02 18:21:17,832 943 INFO wave4_aml_p63 odoo.modules.loading: loading aml_compliance/views/risk_factor_views.xml 
2026-09-02 18:21:17,896 943 INFO wave4_aml_p63 odoo.modules.loading: loading aml_compliance/views/goaml_report_views.xml 
2026-09-02 18:21:17,953 943 INFO wave4_aml_p63 odoo.modules.loading: loading aml_compliance/views/transaction_monitoring_views.xml 
2026-09-02 18:21:18,029 943 INFO wave4_aml_p63 odoo.modules.loading: loading aml_compliance/views/sanctions_screening_views.xml 
2026-09-02 18:21:18,110 943 INFO wave4_aml_p63 odoo.modules.loading: loading aml_compliance/views/opensanctions_views.xml 
2026-09-02 18:21:18,128 943 WARNING wave4_aml_p63 odoo.addons.base.models.ir_ui_view: A <i> with fa class (fa fa-check-circle me-2) must have title in its tag, parents, descendants or have text
View error context:
{'file': '/mnt/extra-addons/aml_compliance/views/opensanctions_views.xml',
 'line': 6,
 'name': 'aml.opensanctions.config.form',
 'view': ir.ui.view(1815,),
 'view.model': 'aml.opensanctions.config',
 'view.parent': ir.ui.view(),
 'xmlid': 'view_opensanctions_config_form'} 
2026-09-02 18:21:18,129 943 WARNING wave4_aml_p63 odoo.addons.base.models.ir_ui_view: A <i> with fa class (fa fa-times-circle me-2) must have title in its tag, parents, descendants or have text
View error context:
{'file': '/mnt/extra-addons/aml_compliance/views/opensanctions_views.xml',
 'line': 17,
 'name': 'aml.opensanctions.config.form',
 'view': ir.ui.view(1815,),
 'view.model': 'aml.opensanctions.config',
 'view.parent': ir.ui.view(),
 'xmlid': 'view_opensanctions_config_form'} 
2026-09-02 18:21:18,144 943 INFO wave4_aml_p63 odoo.modules.loading: loading aml_compliance/views/dashboard_views.xml 
2026-09-02 18:21:18,297 943 INFO wave4_aml_p63 odoo.modules.loading: loading aml_compliance/views/kyc_application_views.xml 
2026-09-02 18:21:18,336 943 INFO wave4_aml_p63 odoo.modules.loading: loading aml_compliance/views/res_partner_views.xml 
2026-09-02 18:21:18,414 943 INFO wave4_aml_p63 odoo.modules.loading: loading aml_compliance/views/edd_workflow_views.xml 
2026-09-02 18:21:18,456 943 INFO wave4_aml_p63 odoo.modules.loading: loading aml_compliance/views/investigation_case_views.xml 
2026-09-02 18:21:18,504 943 INFO wave4_aml_p63 odoo.modules.loading: loading aml_compliance/views/aml_menu.xml 
2026-09-02 18:21:18,646 943 INFO wave4_aml_p63 odoo.modules.loading: loading aml_compliance/wizard/risk_override_wizard_views.xml 
2026-09-02 18:21:18,670 943 INFO wave4_aml_p63 odoo.modules.loading: loading aml_compliance/wizard/goaml_filing_wizard_views.xml 
2026-09-02 18:21:19,093 943 INFO wave4_aml_p63 odoo.modules.loading: Module aml_compliance loaded in 2.51s, 1395 queries (+1395 other) 
2026-09-02 18:21:19,103 943 INFO wave4_aml_p63 odoo.modules.loading: 69 modules loaded in 3.46s, 1395 queries (+1395 extra) 
2026-09-02 18:21:20,265 943 INFO wave4_aml_p63 odoo.modules.loading: Modules loaded. 
2026-09-02 18:21:20,285 943 INFO wave4_aml_p63 odoo.registry: Registry changed, signaling through the database 
2026-09-02 18:21:20,287 943 INFO wave4_aml_p63 odoo.registry: Registry loaded in 9.588s 
2026-09-02 18:21:20,288 943 INFO wave4_aml_p63 odoo.service.server: Starting post tests 
2026-09-02 18:21:20,291 943 INFO wave4_aml_p63 odoo.addons.aml_compliance.tests.test_post_install: Starting TestPostInstall.test_constraints_survive_prior_module_upgrade ... 
2026-09-02 18:21:20,300 943 ERROR wave4_aml_p63 odoo.sql_db: bad query: b'INSERT INTO "aml_risk_factor" ("active", "category", "code", "create_date", "create_uid", "max_score", "name", "sequence", "weight", "write_date", "write_uid") VALUES (true, \'customer\', \'WAVE4_PI_DUP\', \'2026-09-02T18:21:20.292466\'::timestamp, 1, 100, \'{"en_US": "PostInstall Factor B"}\', 10, 10.0, \'2026-09-02T18:21:20.292466\'::timestamp, 1) RETURNING "id"'
ERROR: duplicate key value violates unique constraint "aml_risk_factor_code_uniq"
DETAIL:  Key (code)=(WAVE4_PI_DUP) already exists.
 
2026-09-02 18:21:20,303 943 INFO wave4_aml_p63 odoo.addons.aml_compliance.tests.test_post_install: Starting TestPostInstall.test_module_is_installed_after_upgrade_path ... 
2026-09-02 18:21:20,312 943 INFO wave4_aml_p63 odoo.addons.base.models.ir_attachment: filestore gc 0 checked, 0 removed 
2026-09-02 18:21:20,313 943 INFO wave4_aml_p63 odoo.service.server: 2 post-tests in 0.03s, 15 queries 
2026-09-02 18:21:20,313 943 INFO wave4_aml_p63 odoo.tests.stats: aml_compliance: 4 tests 0.02s 15 queries 
2026-09-02 18:21:20,313 943 INFO wave4_aml_p63 odoo.tests.result: 0 failed, 0 error(s) of 2 tests when loading database 'wave4_aml_p63' 
2026-09-02 18:21:20,314 943 INFO wave4_aml_p63 odoo.service.server: Initiating shutdown 
2026-09-02 18:21:20,315 943 INFO wave4_aml_p63 odoo.service.server: Hit CTRL-C again or send a second signal to force the shutdown. 
2026-09-02 18:21:20,724 943 INFO wave4_aml_p63 odoo.sql_db: ConnectionPool(read/write;used=0/count=0/max=64): Closed 1 connections  
