
2026-09-02 18:22:00,770 970 INFO ? odoo: Odoo version 19.0-20260817 
2026-09-02 18:22:00,770 970 INFO ? odoo: Using configuration file at /etc/odoo/odoo.conf 
2026-09-02 18:22:00,771 970 INFO ? odoo: addons paths: _NamespacePath(['/usr/lib/python3/dist-packages/odoo/addons', '/var/lib/odoo/addons/19.0', '/mnt/extra-addons', '/usr/lib/python3/dist-packages/addons']) 
2026-09-02 18:22:00,771 970 INFO ? odoo: database: odoo@wave4_pg:default 
2026-09-02 18:22:01,197 970 INFO ? odoo.service.server: HTTP service (werkzeug) running on 2b431b2d5de1:8069 
2026-09-02 18:22:01,216 970 INFO wave4_kyc_final3 odoo.tests.common: Importing test framework 
2026-09-02 18:22:01,250 970 INFO wave4_kyc_final3 odoo.modules.loading: loading 1 modules... 
2026-09-02 18:22:01,256 970 INFO wave4_kyc_final3 odoo.modules.loading: 1 modules loaded in 0.01s, 0 queries (+0 extra) 
2026-09-02 18:22:01,289 970 INFO wave4_kyc_final3 odoo.modules.loading: updating modules list 
2026-09-02 18:22:01,292 970 INFO wave4_kyc_final3 odoo.addons.base.models.ir_module: ALLOW access to module.update_list on [] to user __system__ #1 via n/a 
2026-09-02 18:22:02,970 970 WARNING wave4_kyc_final3 odoo.modules.module: Missing `author` key in manifest for 'sgc_brochure_leadcapture', defaulting to '' 
2026-09-02 18:22:02,973 970 WARNING wave4_kyc_final3 odoo.modules.module: Missing `author` key in manifest for 'sgc_brochure_leadcapture', defaulting to '' 
2026-09-02 18:22:03,069 970 WARNING wave4_kyc_final3 odoo.modules.module: Missing `author` key in manifest for 'sgc_llm_router', defaulting to '' 
2026-09-02 18:22:03,073 970 WARNING wave4_kyc_final3 odoo.modules.module: Missing `author` key in manifest for 'sgc_llm_router', defaulting to '' 
2026-09-02 18:22:03,450 970 INFO wave4_kyc_final3 odoo.addons.base.models.ir_module: ALLOW access to module.button_upgrade on ['KYC Management'] to user __system__ #1 via n/a 
2026-09-02 18:22:03,450 970 INFO wave4_kyc_final3 odoo.addons.base.models.ir_module: ALLOW access to module.update_list on ['KYC Management'] to user __system__ #1 via n/a 
2026-09-02 18:22:04,774 970 WARNING wave4_kyc_final3 odoo.modules.module: Missing `author` key in manifest for 'sgc_brochure_leadcapture', defaulting to '' 
2026-09-02 18:22:04,822 970 WARNING wave4_kyc_final3 odoo.modules.module: Missing `author` key in manifest for 'sgc_llm_router', defaulting to '' 
2026-09-02 18:22:05,107 970 INFO wave4_kyc_final3 odoo.addons.base.models.ir_module: ALLOW access to module.button_install on [] to user __system__ #1 via n/a 
2026-09-02 18:22:05,151 970 INFO wave4_kyc_final3 odoo.modules.loading: loading 53 modules... 
2026-09-02 18:22:05,675 970 INFO wave4_kyc_final3 odoo.modules.loading: Loading module kyc_management (47/53) 
2026-09-02 18:22:06,036 970 INFO wave4_kyc_final3 odoo.registry: module kyc_management: creating or updating database tables 
<string>:8: (WARNING/2) Line block ends without a blank line.
<string>:8: (ERROR/3) Undefined substitution referenced: "-------".
2026-09-02 18:22:06,231 970 INFO wave4_kyc_final3 odoo.modules.loading: loading kyc_management/security/groups.xml 
2026-09-02 18:22:06,287 970 INFO wave4_kyc_final3 odoo.modules.loading: loading kyc_management/security/ir.model.access.csv 
2026-09-02 18:22:06,323 970 INFO wave4_kyc_final3 odoo.modules.loading: loading kyc_management/security/ir_rules.xml 
2026-09-02 18:22:06,349 970 INFO wave4_kyc_final3 odoo.modules.loading: loading kyc_management/data/legacy_security_compat.xml 
2026-09-02 18:22:06,355 970 INFO wave4_kyc_final3 odoo.modules.loading: loading kyc_management/data/crm_data.xml 
2026-09-02 18:22:06,364 970 INFO wave4_kyc_final3 odoo.modules.loading: loading kyc_management/reports/kyc_application_report.xml 
2026-09-02 18:22:06,392 970 INFO wave4_kyc_final3 odoo.modules.loading: loading kyc_management/reports/kyc_approvals_summary_report.xml 
2026-09-02 18:22:06,414 970 INFO wave4_kyc_final3 odoo.modules.loading: loading kyc_management/wizard/kyc_wizard_views.xml 
2026-09-02 18:22:06,462 970 INFO wave4_kyc_final3 odoo.modules.loading: loading kyc_management/views/kyc_application_views.xml 
2026-09-02 18:22:06,531 970 INFO wave4_kyc_final3 odoo.modules.loading: loading kyc_management/views/kyc_approval_views.xml 
2026-09-02 18:22:06,594 970 INFO wave4_kyc_final3 odoo.modules.loading: loading kyc_management/views/kyc_notification_views.xml 
2026-09-02 18:22:06,654 970 INFO wave4_kyc_final3 odoo.modules.loading: loading kyc_management/views/kyc_menu.xml 
2026-09-02 18:22:06,813 970 INFO wave4_kyc_final3 odoo.modules.loading: loading kyc_management/views/portal_kyc_templates.xml 
2026-09-02 18:22:07,094 970 INFO wave4_kyc_final3 odoo.addons.kyc_management.tests.test_exit_gate: Starting TestExitGate.test_authorized_officer_in_group_gets_approval_record ... 
2026-09-02 18:22:07,278 970 INFO wave4_kyc_final3 odoo.addons.auth_signup.models.res_users: Signup email sent for user <wave4_eg_officer_1> to <wave4_eg_officer_1@example.com> 
2026-09-02 18:22:07,436 970 INFO wave4_kyc_final3 odoo.addons.kyc_management.models.kyc_application: KYC: Generated PDF attachment id=338 for app 02104237-F2B 
2026-09-02 18:22:07,456 970 INFO wave4_kyc_final3 odoo.addons.kyc_management.models.kyc_application: KYC: Created kyc.approval id=7 for officer wave4_eg_officer_1 (app 02104237-F2B) 
2026-09-02 18:22:07,460 970 INFO wave4_kyc_final3 odoo.addons.kyc_management.tests.test_exit_gate: Starting TestExitGate.test_duplicate_kyc_id_blocked_by_constraint ... 
2026-09-02 18:22:07,485 970 ERROR wave4_kyc_final3 odoo.sql_db: bad query: b'INSERT INTO "kyc_application" ("create_date", "create_uid", "currency_id", "email", "first_name", "kyc_id", "partner_id", "phone", "state", "write_date", "write_uid") VALUES (\'2026-09-02T18:22:07.061237\'::timestamp, 1, 1, \'applicant@example.com\', \'ExitGate\', \'WAVE4_EXIT_GATE_DUP\', 19, \'+971500000000\', \'draft\', \'2026-09-02T18:22:07.061237\'::timestamp, 1) RETURNING "id"'
ERROR: duplicate key value violates unique constraint "kyc_application_kyc_id_unique"
DETAIL:  Key (kyc_id)=(WAVE4_EXIT_GATE_DUP) already exists.
 
2026-09-02 18:22:07,487 970 INFO wave4_kyc_final3 odoo.addons.kyc_management.tests.test_exit_gate: Starting TestExitGate.test_empty_approver_group_creates_no_approval ... 
2026-09-02 18:22:07,509 970 WARNING wave4_kyc_final3 odoo.addons.kyc_management.models.kyc_application: KYC: No active KYC Compliance Officers found, skipping officer notification for app F1C882D1-95B 
2026-09-02 18:22:07,511 970 INFO wave4_kyc_final3 odoo.addons.kyc_management.tests.test_exit_gate: Starting TestExitGate.test_inactive_user_excluded_from_routing ... 
2026-09-02 18:22:07,704 970 INFO wave4_kyc_final3 odoo.addons.auth_signup.models.res_users: Signup email sent for user <wave4_eg_inactive> to <wave4_eg_inactive@example.com> 
2026-09-02 18:22:07,724 970 INFO wave4_kyc_final3 odoo.models.unlink: User #1 deleted discuss.channel.member records with IDs: [12] 
2026-09-02 18:22:07,883 970 INFO wave4_kyc_final3 odoo.addons.auth_signup.models.res_users: Signup email sent for user <wave4_eg_active> to <wave4_eg_active@example.com> 
2026-09-02 18:22:08,025 970 INFO wave4_kyc_final3 odoo.addons.kyc_management.models.kyc_application: KYC: Generated PDF attachment id=349 for app 0551484C-741 
2026-09-02 18:22:08,035 970 INFO wave4_kyc_final3 odoo.addons.kyc_management.models.kyc_application: KYC: Created kyc.approval id=8 for officer wave4_eg_active (app 0551484C-741) 
2026-09-02 18:22:08,038 970 INFO wave4_kyc_final3 odoo.addons.kyc_management.tests.test_exit_gate: Starting TestExitGate.test_unrelated_user_gets_no_approval ... 
2026-09-02 18:22:08,221 970 INFO wave4_kyc_final3 odoo.addons.auth_signup.models.res_users: Signup email sent for user <wave4_eg_unrelated> to <wave4_eg_unrelated@example.com> 
2026-09-02 18:22:08,241 970 WARNING wave4_kyc_final3 odoo.addons.kyc_management.models.kyc_application: KYC: No active KYC Compliance Officers found, skipping officer notification for app A7139442-BCF 
2026-09-02 18:22:08,353 970 INFO wave4_kyc_final3 odoo.addons.base.models.ir_attachment: filestore gc 7 checked, 6 removed 
2026-09-02 18:22:08,354 970 INFO wave4_kyc_final3 odoo.modules.loading: Module kyc_management loaded in 2.68s (incl. 1.31s test), 788 queries (+783 test, +788 other) 
2026-09-02 18:22:08,365 970 INFO wave4_kyc_final3 odoo.modules.loading: 53 modules loaded in 3.21s, 788 queries (+1571 extra) 
2026-09-02 18:22:09,191 970 INFO wave4_kyc_final3 odoo.modules.loading: Modules loaded. 
2026-09-02 18:22:09,210 970 INFO wave4_kyc_final3 odoo.registry: Registry changed, signaling through the database 
2026-09-02 18:22:09,215 970 INFO wave4_kyc_final3 odoo.registry: Registry loaded in 8.016s 
2026-09-02 18:22:09,216 970 INFO wave4_kyc_final3 odoo.service.server: Starting post tests 
2026-09-02 18:22:09,219 970 INFO wave4_kyc_final3 odoo.service.server: 0 post-tests in 0.00s, 0 queries 
2026-09-02 18:22:09,220 970 INFO wave4_kyc_final3 odoo.tests.stats: kyc_management: 7 tests 1.31s 783 queries 
2026-09-02 18:22:09,220 970 INFO wave4_kyc_final3 odoo.tests.result: 0 failed, 0 error(s) of 5 tests when loading database 'wave4_kyc_final3' 
2026-09-02 18:22:09,220 970 INFO wave4_kyc_final3 odoo.service.server: Initiating shutdown 
2026-09-02 18:22:09,220 970 INFO wave4_kyc_final3 odoo.service.server: Hit CTRL-C again or send a second signal to force the shutdown. 
2026-09-02 18:22:09,228 970 INFO wave4_kyc_final3 odoo.sql_db: ConnectionPool(read/write;used=0/count=0/max=64): Closed 2 connections  
