
2026-09-02 18:21:25,774 952 INFO ? odoo: Odoo version 19.0-20260817 
2026-09-02 18:21:25,775 952 INFO ? odoo: Using configuration file at /etc/odoo/odoo.conf 
2026-09-02 18:21:25,775 952 INFO ? odoo: addons paths: _NamespacePath(['/usr/lib/python3/dist-packages/odoo/addons', '/var/lib/odoo/addons/19.0', '/mnt/extra-addons', '/usr/lib/python3/dist-packages/addons']) 
2026-09-02 18:21:25,775 952 INFO ? odoo: database: odoo@wave4_pg:default 
2026-09-02 18:21:26,133 952 INFO ? odoo.service.server: HTTP service (werkzeug) running on 2b431b2d5de1:8069 
2026-09-02 18:21:26,152 952 INFO wave4_kyc_final3 odoo.tests.common: Importing test framework 
2026-09-02 18:21:26,202 952 INFO wave4_kyc_final3 odoo.modules.loading: loading 1 modules... 
2026-09-02 18:21:26,211 952 INFO wave4_kyc_final3 odoo.modules.loading: 1 modules loaded in 0.01s, 0 queries (+0 extra) 
2026-09-02 18:21:26,244 952 INFO wave4_kyc_final3 odoo.modules.loading: updating modules list 
2026-09-02 18:21:26,246 952 INFO wave4_kyc_final3 odoo.addons.base.models.ir_module: ALLOW access to module.update_list on [] to user __system__ #1 via n/a 
2026-09-02 18:21:27,850 952 WARNING wave4_kyc_final3 odoo.modules.module: Missing `author` key in manifest for 'sgc_brochure_leadcapture', defaulting to '' 
2026-09-02 18:21:27,853 952 WARNING wave4_kyc_final3 odoo.modules.module: Missing `author` key in manifest for 'sgc_brochure_leadcapture', defaulting to '' 
2026-09-02 18:21:27,947 952 WARNING wave4_kyc_final3 odoo.modules.module: Missing `author` key in manifest for 'sgc_llm_router', defaulting to '' 
2026-09-02 18:21:27,950 952 WARNING wave4_kyc_final3 odoo.modules.module: Missing `author` key in manifest for 'sgc_llm_router', defaulting to '' 
2026-09-02 18:21:28,337 952 INFO wave4_kyc_final3 odoo.addons.base.models.ir_module: ALLOW access to module.button_upgrade on ['KYC Management'] to user __system__ #1 via n/a 
2026-09-02 18:21:28,338 952 INFO wave4_kyc_final3 odoo.addons.base.models.ir_module: ALLOW access to module.update_list on ['KYC Management'] to user __system__ #1 via n/a 
2026-09-02 18:21:29,800 952 WARNING wave4_kyc_final3 odoo.modules.module: Missing `author` key in manifest for 'sgc_brochure_leadcapture', defaulting to '' 
2026-09-02 18:21:29,862 952 WARNING wave4_kyc_final3 odoo.modules.module: Missing `author` key in manifest for 'sgc_llm_router', defaulting to '' 
2026-09-02 18:21:30,163 952 INFO wave4_kyc_final3 odoo.addons.base.models.ir_module: ALLOW access to module.button_install on [] to user __system__ #1 via n/a 
2026-09-02 18:21:30,207 952 INFO wave4_kyc_final3 odoo.modules.loading: loading 53 modules... 
2026-09-02 18:21:30,764 952 INFO wave4_kyc_final3 odoo.modules.loading: Loading module kyc_management (47/53) 
2026-09-02 18:21:31,125 952 INFO wave4_kyc_final3 odoo.registry: module kyc_management: creating or updating database tables 
<string>:8: (WARNING/2) Line block ends without a blank line.
<string>:8: (ERROR/3) Undefined substitution referenced: "-------".
2026-09-02 18:21:31,335 952 INFO wave4_kyc_final3 odoo.modules.loading: loading kyc_management/security/groups.xml 
2026-09-02 18:21:31,389 952 INFO wave4_kyc_final3 odoo.modules.loading: loading kyc_management/security/ir.model.access.csv 
2026-09-02 18:21:31,423 952 INFO wave4_kyc_final3 odoo.modules.loading: loading kyc_management/security/ir_rules.xml 
2026-09-02 18:21:31,446 952 INFO wave4_kyc_final3 odoo.modules.loading: loading kyc_management/data/legacy_security_compat.xml 
2026-09-02 18:21:31,451 952 INFO wave4_kyc_final3 odoo.modules.loading: loading kyc_management/data/crm_data.xml 
2026-09-02 18:21:31,460 952 INFO wave4_kyc_final3 odoo.modules.loading: loading kyc_management/reports/kyc_application_report.xml 
2026-09-02 18:21:31,486 952 INFO wave4_kyc_final3 odoo.modules.loading: loading kyc_management/reports/kyc_approvals_summary_report.xml 
2026-09-02 18:21:31,508 952 INFO wave4_kyc_final3 odoo.modules.loading: loading kyc_management/wizard/kyc_wizard_views.xml 
2026-09-02 18:21:31,560 952 INFO wave4_kyc_final3 odoo.modules.loading: loading kyc_management/views/kyc_application_views.xml 
2026-09-02 18:21:31,630 952 INFO wave4_kyc_final3 odoo.modules.loading: loading kyc_management/views/kyc_approval_views.xml 
2026-09-02 18:21:31,701 952 INFO wave4_kyc_final3 odoo.modules.loading: loading kyc_management/views/kyc_notification_views.xml 
2026-09-02 18:21:31,779 952 INFO wave4_kyc_final3 odoo.modules.loading: loading kyc_management/views/kyc_menu.xml 
2026-09-02 18:21:31,930 952 INFO wave4_kyc_final3 odoo.modules.loading: loading kyc_management/views/portal_kyc_templates.xml 
2026-09-02 18:21:32,161 952 INFO wave4_kyc_final3 odoo.modules.loading: Module kyc_management loaded in 1.40s, 787 queries (+787 other) 
2026-09-02 18:21:32,171 952 INFO wave4_kyc_final3 odoo.modules.loading: 53 modules loaded in 1.96s, 787 queries (+787 extra) 
2026-09-02 18:21:32,887 952 INFO wave4_kyc_final3 odoo.modules.loading: Modules loaded. 
2026-09-02 18:21:32,903 952 INFO wave4_kyc_final3 odoo.registry: Registry changed, signaling through the database 
2026-09-02 18:21:32,905 952 INFO wave4_kyc_final3 odoo.registry: Registry loaded in 6.770s 
2026-09-02 18:21:32,906 952 INFO wave4_kyc_final3 odoo.service.server: Starting post tests 
2026-09-02 18:21:33,113 952 INFO wave4_kyc_final3 odoo.addons.auth_signup.models.res_users: Signup email sent for user <wave4_kyc_officer> to <wave4_kyc_officer@example.com> 
2026-09-02 18:21:33,265 952 INFO wave4_kyc_final3 odoo.addons.auth_signup.models.res_users: Signup email sent for user <wave4_kyc_unrelated> to <wave4_kyc_unrelated@example.com> 
2026-09-02 18:21:33,273 952 INFO wave4_kyc_final3 odoo.addons.kyc_management.tests.test_kyc_officer_routing: Starting TestKycOfficerRouting.test_kyc_id_unique_constraint_rejects_duplicate ... 
2026-09-02 18:21:33,300 952 ERROR wave4_kyc_final3 odoo.sql_db: bad query: b'INSERT INTO "kyc_application" ("create_date", "create_uid", "currency_id", "email", "first_name", "kyc_id", "partner_id", "phone", "state", "write_date", "write_uid") VALUES (\'2026-09-02T18:21:32.910695\'::timestamp, 1, 1, \'applicant@example.com\', \'Test\', \'WAVE4DUP001\', 15, \'+971500000000\', \'draft\', \'2026-09-02T18:21:32.910695\'::timestamp, 1) RETURNING "id"'
ERROR: duplicate key value violates unique constraint "kyc_application_kyc_id_unique"
DETAIL:  Key (kyc_id)=(WAVE4DUP001) already exists.
 
2026-09-02 18:21:33,303 952 INFO wave4_kyc_final3 odoo.addons.kyc_management.tests.test_kyc_officer_routing: Starting TestKycOfficerRouting.test_officer_in_approver_group_gets_routed ... 
2026-09-02 18:21:33,454 952 INFO wave4_kyc_final3 odoo.addons.kyc_management.models.kyc_application: KYC: Generated PDF attachment id=331 for app AF9523CA-093 
2026-09-02 18:21:33,464 952 INFO wave4_kyc_final3 odoo.addons.kyc_management.models.kyc_application: KYC: Created kyc.approval id=5 for officer wave4_kyc_officer (app AF9523CA-093) 
2026-09-02 18:21:33,467 952 INFO wave4_kyc_final3 odoo.addons.kyc_management.tests.test_kyc_officer_routing: Starting TestKycOfficerRouting.test_unrelated_user_is_not_routed ... 
2026-09-02 18:21:33,617 952 INFO wave4_kyc_final3 odoo.addons.kyc_management.models.kyc_application: KYC: Generated PDF attachment id=332 for app 15A916A0-CDB 
2026-09-02 18:21:33,630 952 INFO wave4_kyc_final3 odoo.addons.kyc_management.models.kyc_application: KYC: Created kyc.approval id=6 for officer wave4_kyc_officer (app 15A916A0-CDB) 
2026-09-02 18:21:33,637 952 INFO wave4_kyc_final3 odoo.addons.base.models.ir_attachment: filestore gc 5 checked, 4 removed 
2026-09-02 18:21:33,640 952 INFO wave4_kyc_final3 odoo.addons.kyc_management.tests.test_post_install: Starting TestPostInstall.test_kyc_id_constraint_survives_prior_module_upgrade ... 
2026-09-02 18:21:33,684 952 ERROR wave4_kyc_final3 odoo.sql_db: bad query: b'INSERT INTO "kyc_application" ("create_date", "create_uid", "currency_id", "email", "first_name", "kyc_id", "partner_id", "phone", "state", "write_date", "write_uid") VALUES (\'2026-09-02T18:21:33.640759\'::timestamp, 1, 1, \'pi@example.com\', \'PostInstall\', \'WAVE4_PI_DUP\', 18, \'+971500000000\', \'draft\', \'2026-09-02T18:21:33.640759\'::timestamp, 1) RETURNING "id"'
ERROR: duplicate key value violates unique constraint "kyc_application_kyc_id_unique"
DETAIL:  Key (kyc_id)=(WAVE4_PI_DUP) already exists.
 
2026-09-02 18:21:33,686 952 INFO wave4_kyc_final3 odoo.addons.kyc_management.tests.test_post_install: Starting TestPostInstall.test_module_is_installed_after_upgrade_path ... 
2026-09-02 18:21:33,691 952 INFO wave4_kyc_final3 odoo.addons.base.models.ir_attachment: filestore gc 0 checked, 0 removed 
2026-09-02 18:21:33,692 952 INFO wave4_kyc_final3 odoo.service.server: 5 post-tests in 0.79s, 473 queries 
2026-09-02 18:21:33,692 952 INFO wave4_kyc_final3 odoo.tests.stats: kyc_management: 9 tests 0.78s 473 queries 
2026-09-02 18:21:33,692 952 INFO wave4_kyc_final3 odoo.tests.result: 0 failed, 0 error(s) of 5 tests when loading database 'wave4_kyc_final3' 
2026-09-02 18:21:33,692 952 INFO wave4_kyc_final3 odoo.service.server: Initiating shutdown 
2026-09-02 18:21:33,693 952 INFO wave4_kyc_final3 odoo.service.server: Hit CTRL-C again or send a second signal to force the shutdown. 
2026-09-02 18:21:34,152 952 INFO wave4_kyc_final3 odoo.sql_db: ConnectionPool(read/write;used=0/count=0/max=64): Closed 1 connections  
