
2026-09-02 16:15:24,529 518 WARNING ? odoo.tools.config: missing --http-interface/http_interface, using 0.0.0.0 by default, will change to 127.0.0.1 in 20.0 
2026-09-02 16:15:24,530 518 INFO ? odoo: Odoo version 19.0-20260817 
2026-09-02 16:15:24,530 518 INFO ? odoo: Using configuration file at /etc/odoo/odoo.conf 
2026-09-02 16:15:24,531 518 INFO ? odoo: addons paths: _NamespacePath(['/usr/lib/python3/dist-packages/odoo/addons', '/var/lib/odoo/addons/19.0', '/mnt/extra-addons', '/usr/lib/python3/dist-packages/addons']) 
2026-09-02 16:15:24,531 518 INFO ? odoo: database: odoo@wave4_pg:default 
2026-09-02 16:15:26,933 518 INFO wave4_kyc_final2 odoo.modules.loading: Initializing database wave4_kyc_final2 
2026-09-02 16:15:40,985 518 WARNING wave4_kyc_final2 odoo.modules.module: Missing `author` key in manifest for 'sgc_brochure_leadcapture', defaulting to '' 
2026-09-02 16:15:40,991 518 WARNING wave4_kyc_final2 odoo.modules.module: Missing `author` key in manifest for 'sgc_brochure_leadcapture', defaulting to '' 
2026-09-02 16:15:41,404 518 WARNING wave4_kyc_final2 odoo.modules.module: Missing `author` key in manifest for 'sgc_llm_router', defaulting to '' 
2026-09-02 16:15:41,410 518 WARNING wave4_kyc_final2 odoo.modules.module: Missing `author` key in manifest for 'sgc_llm_router', defaulting to '' 
2026-09-02 16:15:45,359 518 INFO wave4_kyc_final2 odoo.modules.loading: loading 1 modules... 
2026-09-02 16:15:45,359 518 INFO wave4_kyc_final2 odoo.modules.loading: Loading module base (1/1) 
2026-09-02 16:15:45,541 518 INFO wave4_kyc_final2 odoo.registry: module base: creating or updating database tables 
2026-09-02 16:15:50,803 518 INFO wave4_kyc_final2 odoo.models: Prepare computation of ir.module.module.menus_by_module 
2026-09-02 16:15:50,803 518 INFO wave4_kyc_final2 odoo.models: Prepare computation of ir.module.module.reports_by_module 
2026-09-02 16:15:50,804 518 INFO wave4_kyc_final2 odoo.models: Prepare computation of ir.module.module.views_by_module 
2026-09-02 16:15:51,467 518 INFO wave4_kyc_final2 odoo.models: Prepare computation of res.partner.user_id 
2026-09-02 16:15:51,468 518 INFO wave4_kyc_final2 odoo.models: Prepare computation of res.partner.commercial_partner_id 
2026-09-02 16:15:51,468 518 INFO wave4_kyc_final2 odoo.models: Prepare computation of res.partner.complete_name 
2026-09-02 16:15:51,468 518 INFO wave4_kyc_final2 odoo.models: Prepare computation of res.partner.lang 
2026-09-02 16:15:51,468 518 INFO wave4_kyc_final2 odoo.models: Prepare computation of res.partner.company_registry 
2026-09-02 16:15:51,469 518 INFO wave4_kyc_final2 odoo.models: Prepare computation of res.partner.commercial_company_name 
2026-09-02 16:15:51,469 518 INFO wave4_kyc_final2 odoo.models: Prepare computation of res.partner.properties 
2026-09-02 16:15:51,469 518 INFO wave4_kyc_final2 odoo.models: Prepare computation of res.partner.partner_share 
2026-09-02 16:15:51,651 518 INFO wave4_kyc_final2 odoo.models: Prepare computation of res.currency.decimal_places 
2026-09-02 16:15:51,774 518 INFO wave4_kyc_final2 odoo.models: Prepare computation of res.company.uses_default_logo 
2026-09-02 16:15:51,774 518 INFO wave4_kyc_final2 odoo.models: Prepare computation of res.company.logo_web 
2026-09-02 16:15:51,794 518 INFO wave4_kyc_final2 odoo.models: Computing parent_path for table res_company... 
2026-09-02 16:15:51,910 518 INFO wave4_kyc_final2 odoo.models: Prepare computation of res.users.signature 
2026-09-02 16:15:51,911 518 INFO wave4_kyc_final2 odoo.models: Prepare computation of res.users.share 
2026-09-02 16:15:59,720 518 INFO wave4_kyc_final2 odoo.modules.loading: loading base/data/res_bank.xml 
2026-09-02 16:15:59,740 518 INFO wave4_kyc_final2 odoo.modules.loading: loading base/data/res.lang.csv 
2026-09-02 16:15:59,865 518 INFO wave4_kyc_final2 odoo.modules.loading: loading base/data/res_lang_data.xml 
2026-09-02 16:16:00,032 518 INFO wave4_kyc_final2 odoo.modules.loading: loading base/data/res_partner_data.xml 
2026-09-02 16:16:00,233 518 INFO wave4_kyc_final2 odoo.modules.loading: loading base/data/res_currency_data.xml 
2026-09-02 16:16:02,329 518 INFO wave4_kyc_final2 odoo.modules.loading: loading base/data/res_company_data.xml 
2026-09-02 16:16:02,371 518 INFO wave4_kyc_final2 odoo.modules.loading: loading base/data/res_users_data.xml 
2026-09-02 16:16:05,171 518 INFO wave4_kyc_final2 odoo.modules.loading: loading base/data/report_paperformat_data.xml 
2026-09-02 16:16:05,202 518 INFO wave4_kyc_final2 odoo.modules.loading: loading base/data/res_country_data.xml 
2026-09-02 16:16:07,506 518 INFO wave4_kyc_final2 odoo.modules.loading: loading base/data/ir_demo_data.xml 
2026-09-02 16:16:07,541 518 INFO wave4_kyc_final2 odoo.modules.loading: loading base/security/base_groups.xml 
2026-09-02 16:16:08,053 518 INFO wave4_kyc_final2 odoo.modules.loading: loading base/security/base_security.xml 
2026-09-02 16:16:08,739 518 INFO wave4_kyc_final2 odoo.modules.loading: loading base/wizard/wizard_ir_model_menu_create_views.xml 
2026-09-02 16:16:08,786 518 INFO wave4_kyc_final2 odoo.modules.loading: loading base/views/base_menus.xml 
2026-09-02 16:16:09,020 518 INFO wave4_kyc_final2 odoo.modules.loading: loading base/views/decimal_precision_views.xml 
2026-09-02 16:16:09,066 518 INFO wave4_kyc_final2 odoo.modules.loading: loading base/views/res_config_views.xml 
2026-09-02 16:16:09,087 518 INFO wave4_kyc_final2 odoo.modules.loading: loading base/data/res.country.state.csv 
2026-09-02 16:16:10,057 518 INFO wave4_kyc_final2 odoo.modules.loading: loading base/views/ir_actions_views.xml 
2026-09-02 16:16:10,487 518 INFO wave4_kyc_final2 odoo.modules.loading: loading base/views/ir_asset_views.xml 
2026-09-02 16:16:10,546 518 INFO wave4_kyc_final2 odoo.modules.loading: loading base/views/ir_config_parameter_views.xml 
2026-09-02 16:16:10,596 518 INFO wave4_kyc_final2 odoo.modules.loading: loading base/views/ir_cron_views.xml 
2026-09-02 16:16:10,691 518 INFO wave4_kyc_final2 odoo.modules.loading: loading base/views/ir_cron_trigger_views.xml 
2026-09-02 16:16:10,756 518 INFO wave4_kyc_final2 odoo.modules.loading: loading base/views/ir_filters_views.xml 
2026-09-02 16:16:10,867 518 INFO wave4_kyc_final2 odoo.modules.loading: loading base/views/ir_mail_server_views.xml 
2026-09-02 16:16:10,946 518 INFO wave4_kyc_final2 odoo.modules.loading: loading base/views/ir_model_views.xml 
2026-09-02 16:16:11,464 518 INFO wave4_kyc_final2 odoo.modules.loading: loading base/views/ir_attachment_views.xml 
2026-09-02 16:16:11,528 518 INFO wave4_kyc_final2 odoo.modules.loading: loading base/views/ir_rule_views.xml 
2026-09-02 16:16:11,582 518 INFO wave4_kyc_final2 odoo.modules.loading: loading base/views/ir_sequence_views.xml 
2026-09-02 16:16:11,641 518 INFO wave4_kyc_final2 odoo.modules.loading: loading base/views/ir_ui_menu_views.xml 
2026-09-02 16:16:11,684 518 INFO wave4_kyc_final2 odoo.modules.loading: loading base/views/ir_ui_view_views.xml 
2026-09-02 16:16:11,790 518 INFO wave4_kyc_final2 odoo.modules.loading: loading base/views/ir_default_views.xml 
2026-09-02 16:16:11,906 518 INFO wave4_kyc_final2 odoo.modules.loading: loading base/data/ir_config_parameter_data.xml 
2026-09-02 16:16:11,914 518 INFO wave4_kyc_final2 odoo.modules.loading: loading base/data/ir_cron_data.xml 
2026-09-02 16:16:11,964 518 INFO wave4_kyc_final2 odoo.modules.loading: loading base/report/ir_model_report.xml 
2026-09-02 16:16:11,979 518 INFO wave4_kyc_final2 odoo.modules.loading: loading base/report/ir_model_templates.xml 
2026-09-02 16:16:12,000 518 INFO wave4_kyc_final2 odoo.modules.loading: loading base/views/ir_logging_views.xml 
2026-09-02 16:16:12,064 518 INFO wave4_kyc_final2 odoo.modules.loading: loading base/views/ir_qweb_widget_templates.xml 
2026-09-02 16:16:12,116 518 INFO wave4_kyc_final2 odoo.modules.loading: loading base/views/ir_module_views.xml 
2026-09-02 16:16:12,376 518 INFO wave4_kyc_final2 odoo.modules.loading: loading base/data/ir_module_category_data.xml 
2026-09-02 16:16:12,561 518 INFO wave4_kyc_final2 odoo.modules.loading: loading base/data/ir_module_module.xml 
2026-09-02 16:16:12,790 518 INFO wave4_kyc_final2 odoo.modules.loading: loading base/report/ir_module_reports.xml 
2026-09-02 16:16:12,799 518 INFO wave4_kyc_final2 odoo.modules.loading: loading base/report/ir_module_report_templates.xml 
2026-09-02 16:16:12,819 518 INFO wave4_kyc_final2 odoo.modules.loading: loading base/wizard/base_module_update_views.xml 
2026-09-02 16:16:12,861 518 INFO wave4_kyc_final2 odoo.modules.loading: loading base/wizard/base_language_install_views.xml 
2026-09-02 16:16:12,906 518 INFO wave4_kyc_final2 odoo.modules.loading: loading base/wizard/base_import_language_views.xml 
2026-09-02 16:16:12,939 518 INFO wave4_kyc_final2 odoo.modules.loading: loading base/wizard/base_module_upgrade_views.xml 
2026-09-02 16:16:12,983 518 INFO wave4_kyc_final2 odoo.modules.loading: loading base/wizard/base_module_uninstall_views.xml 
2026-09-02 16:16:13,024 518 INFO wave4_kyc_final2 odoo.modules.loading: loading base/wizard/base_export_language_views.xml 
2026-09-02 16:16:13,062 518 INFO wave4_kyc_final2 odoo.modules.loading: loading base/wizard/base_partner_merge_views.xml 
2026-09-02 16:16:13,119 518 INFO wave4_kyc_final2 odoo.modules.loading: loading base/data/ir_demo_failure_data.xml 
2026-09-02 16:16:13,163 518 INFO wave4_kyc_final2 odoo.modules.loading: loading base/views/ir_profile_views.xml 
2026-09-02 16:16:13,246 518 INFO wave4_kyc_final2 odoo.modules.loading: loading base/views/res_company_views.xml 
2026-09-02 16:16:13,338 518 INFO wave4_kyc_final2 odoo.modules.loading: loading base/views/res_lang_views.xml 
2026-09-02 16:16:13,424 518 INFO wave4_kyc_final2 odoo.modules.loading: loading base/views/res_partner_views.xml 
2026-09-02 16:16:13,859 518 INFO wave4_kyc_final2 odoo.modules.loading: loading base/views/res_bank_views.xml 
2026-09-02 16:16:14,042 518 INFO wave4_kyc_final2 odoo.modules.loading: loading base/views/res_country_views.xml 
2026-09-02 16:16:14,249 518 INFO wave4_kyc_final2 odoo.modules.loading: loading base/views/res_currency_views.xml 
2026-09-02 16:16:14,407 518 INFO wave4_kyc_final2 odoo.modules.loading: loading base/views/res_groups_views.xml 
2026-09-02 16:16:14,608 518 INFO wave4_kyc_final2 odoo.modules.loading: loading base/views/res_users_views.xml 
2026-09-02 16:16:14,940 518 INFO wave4_kyc_final2 odoo.modules.loading: loading base/views/res_users_apikeys_views.xml 
2026-09-02 16:16:14,973 518 INFO wave4_kyc_final2 odoo.modules.loading: loading base/views/res_device_views.xml 
2026-09-02 16:16:15,039 518 INFO wave4_kyc_final2 odoo.modules.loading: loading base/views/res_users_identitycheck_views.xml 
2026-09-02 16:16:15,065 518 INFO wave4_kyc_final2 odoo.modules.loading: loading base/views/res_config_settings_views.xml 
2026-09-02 16:16:15,094 518 INFO wave4_kyc_final2 odoo.modules.loading: loading base/views/report_paperformat_views.xml 
2026-09-02 16:16:15,170 518 INFO wave4_kyc_final2 odoo.modules.loading: loading base/security/ir.model.access.csv 
2026-09-02 16:16:15,619 518 INFO wave4_kyc_final2 odoo.modules.loading: Module base loaded in 30.26s, 8455 queries (+8455 other) 
2026-09-02 16:16:15,619 518 INFO wave4_kyc_final2 odoo.modules.loading: 1 modules loaded in 30.26s, 8455 queries (+8455 extra) 
2026-09-02 16:16:15,630 518 INFO wave4_kyc_final2 odoo.modules.loading: updating modules list 
2026-09-02 16:16:15,633 518 INFO wave4_kyc_final2 odoo.addons.base.models.ir_module: ALLOW access to module.update_list on [] to user __system__ #1 via n/a 
2026-09-02 16:16:21,923 518 WARNING wave4_kyc_final2 odoo.modules.module: Missing `author` key in manifest for 'sgc_brochure_leadcapture', defaulting to '' 
2026-09-02 16:16:23,226 518 WARNING wave4_kyc_final2 odoo.modules.module: Missing `author` key in manifest for 'sgc_llm_router', defaulting to '' 
2026-09-02 16:16:24,225 518 INFO wave4_kyc_final2 odoo.addons.base.models.ir_module: ALLOW access to module.button_install on ['KYC Management'] to user __system__ #1 via n/a 
2026-09-02 16:16:24,594 518 INFO wave4_kyc_final2 odoo.modules.loading: loading 53 modules... 
2026-09-02 16:16:24,594 518 INFO wave4_kyc_final2 odoo.modules.loading: Loading module rpc (2/53) 
2026-09-02 16:16:24,662 518 INFO wave4_kyc_final2 odoo.modules.loading: Module rpc loaded in 0.07s, 9 queries (+9 other) 
2026-09-02 16:16:24,662 518 INFO wave4_kyc_final2 odoo.modules.loading: Loading module social_media (3/53) 
2026-09-02 16:16:24,673 518 INFO wave4_kyc_final2 odoo.registry: module social_media: creating or updating database tables 
2026-09-02 16:16:24,795 518 INFO wave4_kyc_final2 odoo.modules.loading: loading social_media/views/res_company_views.xml 
2026-09-02 16:16:24,865 518 INFO wave4_kyc_final2 odoo.modules.loading: Module social_media loaded in 0.20s, 75 queries (+75 other) 
2026-09-02 16:16:24,865 518 INFO wave4_kyc_final2 odoo.modules.loading: Loading module web (4/53) 
2026-09-02 16:16:24,980 518 INFO wave4_kyc_final2 odoo.registry: module web: creating or updating database tables 
2026-09-02 16:16:27,002 518 INFO wave4_kyc_final2 odoo.modules.loading: loading web/security/ir.model.access.csv 
2026-09-02 16:16:27,058 518 INFO wave4_kyc_final2 odoo.modules.loading: loading web/security/web_security.xml 
2026-09-02 16:16:27,121 518 INFO wave4_kyc_final2 odoo.modules.loading: loading web/views/webclient_templates.xml 
2026-09-02 16:16:27,399 518 INFO wave4_kyc_final2 odoo.modules.loading: loading web/views/report_templates.xml 
2026-09-02 16:16:27,913 518 INFO wave4_kyc_final2 odoo.modules.loading: loading web/views/base_document_layout_views.xml 
2026-09-02 16:16:27,996 518 INFO wave4_kyc_final2 odoo.modules.loading: loading web/views/partner_view.xml 
2026-09-02 16:16:28,029 518 INFO wave4_kyc_final2 odoo.modules.loading: loading web/views/speedscope_template.xml 
2026-09-02 16:16:28,056 518 INFO wave4_kyc_final2 odoo.modules.loading: loading web/views/memory_template.xml 
2026-09-02 16:16:28,077 518 INFO wave4_kyc_final2 odoo.modules.loading: loading web/views/speedscope_config_wizard.xml 
2026-09-02 16:16:28,111 518 INFO wave4_kyc_final2 odoo.modules.loading: loading web/views/neutralize_views.xml 
2026-09-02 16:16:28,157 518 INFO wave4_kyc_final2 odoo.modules.loading: loading web/views/ir_ui_view_views.xml 
2026-09-02 16:16:28,204 518 INFO wave4_kyc_final2 odoo.modules.loading: loading web/data/ir_attachment.xml 
2026-09-02 16:16:28,225 518 INFO wave4_kyc_final2 odoo.modules.loading: loading web/data/report_layout.xml 
2026-09-02 16:16:28,504 518 INFO wave4_kyc_final2 odoo.modules.loading: Module web loaded in 3.64s, 1229 queries (+1229 other) 
2026-09-02 16:16:28,504 518 INFO wave4_kyc_final2 odoo.modules.loading: Loading module api_doc (5/53) 
2026-09-02 16:16:28,527 518 INFO wave4_kyc_final2 odoo.registry: module api_doc: creating or updating database tables 
2026-09-02 16:16:28,601 518 INFO wave4_kyc_final2 odoo.modules.loading: loading api_doc/security/res_groups.xml 
2026-09-02 16:16:28,729 518 INFO wave4_kyc_final2 odoo.modules.loading: loading api_doc/views/docclient.xml 
2026-09-02 16:16:28,823 518 INFO wave4_kyc_final2 odoo.modules.loading: Module api_doc loaded in 0.32s, 63 queries (+63 other) 
2026-09-02 16:16:28,823 518 INFO wave4_kyc_final2 odoo.modules.loading: Loading module auth_totp (6/53) 
2026-09-02 16:16:28,886 518 INFO wave4_kyc_final2 odoo.registry: module auth_totp: creating or updating database tables 
2026-09-02 16:16:29,369 518 INFO wave4_kyc_final2 odoo.modules.loading: loading auth_totp/security/security.xml 
2026-09-02 16:16:29,483 518 INFO wave4_kyc_final2 odoo.modules.loading: loading auth_totp/security/ir.model.access.csv 
2026-09-02 16:16:29,567 518 INFO wave4_kyc_final2 odoo.modules.loading: loading auth_totp/data/ir_action_data.xml 
2026-09-02 16:16:29,591 518 INFO wave4_kyc_final2 odoo.modules.loading: loading auth_totp/views/res_users_views.xml 
2026-09-02 16:16:29,728 518 INFO wave4_kyc_final2 odoo.modules.loading: loading auth_totp/views/templates.xml 
2026-09-02 16:16:29,751 518 INFO wave4_kyc_final2 odoo.modules.loading: loading auth_totp/wizard/auth_totp_wizard_views.xml 
2026-09-02 16:16:29,855 518 INFO wave4_kyc_final2 odoo.modules.loading: Module auth_totp loaded in 1.03s, 218 queries (+218 other) 
2026-09-02 16:16:29,855 518 INFO wave4_kyc_final2 odoo.modules.loading: Loading module base_import (7/53) 
2026-09-02 16:16:30,081 518 INFO wave4_kyc_final2 odoo.registry: module base_import: creating or updating database tables 
2026-09-02 16:16:32,133 518 INFO wave4_kyc_final2 odoo.modules.loading: loading base_import/security/ir.model.access.csv 
2026-09-02 16:16:32,208 518 INFO wave4_kyc_final2 odoo.modules.loading: Module base_import loaded in 2.35s, 956 queries (+956 other) 
2026-09-02 16:16:32,209 518 INFO wave4_kyc_final2 odoo.modules.loading: Loading module base_import_module (8/53) 
2026-09-02 16:16:32,238 518 INFO wave4_kyc_final2 odoo.registry: module base_import_module: creating or updating database tables 
2026-09-02 16:16:32,502 518 INFO wave4_kyc_final2 odoo.modules.loading: loading base_import_module/security/ir.model.access.csv 
2026-09-02 16:16:32,522 518 INFO wave4_kyc_final2 odoo.modules.loading: loading base_import_module/views/base_import_module_view.xml 
2026-09-02 16:16:32,647 518 INFO wave4_kyc_final2 odoo.modules.loading: loading base_import_module/views/ir_module_views.xml 
2026-09-02 16:16:32,888 518 INFO wave4_kyc_final2 odoo.modules.loading: Module base_import_module loaded in 0.68s, 172 queries (+172 other) 
2026-09-02 16:16:32,888 518 INFO wave4_kyc_final2 odoo.modules.loading: Loading module base_setup (9/53) 
2026-09-02 16:16:32,926 518 INFO wave4_kyc_final2 odoo.registry: module base_setup: creating or updating database tables 
2026-09-02 16:16:33,139 518 INFO wave4_kyc_final2 odoo.modules.loading: loading base_setup/data/base_setup_data.xml 
2026-09-02 16:16:33,160 518 INFO wave4_kyc_final2 odoo.modules.loading: loading base_setup/views/res_config_settings_views.xml 
2026-09-02 16:16:33,346 518 INFO wave4_kyc_final2 odoo.modules.loading: loading base_setup/views/res_partner_views.xml 
2026-09-02 16:16:33,434 518 INFO wave4_kyc_final2 odoo.modules.loading: Module base_setup loaded in 0.55s, 152 queries (+152 other) 
2026-09-02 16:16:33,434 518 INFO wave4_kyc_final2 odoo.modules.loading: Loading module bus (10/53) 
2026-09-02 16:16:33,525 518 INFO wave4_kyc_final2 odoo.registry: module bus: creating or updating database tables 
2026-09-02 16:16:34,041 518 INFO wave4_kyc_final2 odoo.modules.loading: loading bus/security/ir.model.access.csv 
2026-09-02 16:16:34,124 518 INFO wave4_kyc_final2 odoo.modules.loading: Module bus loaded in 0.69s, 159 queries (+159 other) 
2026-09-02 16:16:34,124 518 INFO wave4_kyc_final2 odoo.modules.loading: Loading module http_routing (11/53) 
2026-09-02 16:16:34,145 518 INFO wave4_kyc_final2 odoo.registry: module http_routing: creating or updating database tables 
2026-09-02 16:16:34,220 518 INFO wave4_kyc_final2 odoo.modules.loading: loading http_routing/views/http_routing_template.xml 
2026-09-02 16:16:34,391 518 INFO wave4_kyc_final2 odoo.modules.loading: loading http_routing/views/res_lang_views.xml 
2026-09-02 16:16:34,551 518 INFO wave4_kyc_final2 odoo.modules.loading: Module http_routing loaded in 0.43s, 114 queries (+114 other) 
2026-09-02 16:16:34,552 518 INFO wave4_kyc_final2 odoo.modules.loading: Loading module resource (12/53) 
2026-09-02 16:16:34,607 518 INFO wave4_kyc_final2 odoo.registry: module resource: creating or updating database tables 
2026-09-02 16:16:37,088 518 INFO wave4_kyc_final2 odoo.modules.loading: loading resource/data/resource_data.xml 
2026-09-02 16:16:37,176 518 INFO wave4_kyc_final2 odoo.modules.loading: loading resource/security/ir.model.access.csv 
2026-09-02 16:16:37,210 518 INFO wave4_kyc_final2 odoo.modules.loading: loading resource/security/resource_security.xml 
2026-09-02 16:16:37,315 518 INFO wave4_kyc_final2 odoo.modules.loading: loading resource/views/resource_resource_views.xml 
2026-09-02 16:16:37,426 518 INFO wave4_kyc_final2 odoo.modules.loading: loading resource/views/resource_calendar_leaves_views.xml 
2026-09-02 16:16:37,594 518 INFO wave4_kyc_final2 odoo.modules.loading: loading resource/views/resource_calendar_attendance_views.xml 
2026-09-02 16:16:37,678 518 INFO wave4_kyc_final2 odoo.modules.loading: loading resource/views/resource_calendar_views.xml 
2026-09-02 16:16:37,843 518 INFO wave4_kyc_final2 odoo.modules.loading: loading resource/views/menuitems.xml 
2026-09-02 16:16:38,057 518 INFO wave4_kyc_final2 odoo.modules.loading: Module resource loaded in 3.51s, 414 queries (+414 other) 
2026-09-02 16:16:38,057 518 INFO wave4_kyc_final2 odoo.modules.loading: Loading module utm (13/53) 
2026-09-02 16:16:38,081 518 INFO wave4_kyc_final2 odoo.registry: module utm: creating or updating database tables 
2026-09-02 16:16:40,280 518 INFO wave4_kyc_final2 odoo.modules.loading: loading utm/data/utm_medium_data.xml 
2026-09-02 16:16:40,354 518 INFO wave4_kyc_final2 odoo.modules.loading: loading utm/data/utm_source_data.xml 
2026-09-02 16:16:40,430 518 INFO wave4_kyc_final2 odoo.modules.loading: loading utm/data/utm_stage_data.xml 
2026-09-02 16:16:40,448 518 INFO wave4_kyc_final2 odoo.modules.loading: loading utm/data/utm_tag_data.xml 
2026-09-02 16:16:40,465 518 INFO wave4_kyc_final2 odoo.modules.loading: loading utm/views/utm_campaign_views.xml 
2026-09-02 16:16:40,689 518 INFO wave4_kyc_final2 odoo.modules.loading: loading utm/views/utm_medium_views.xml 
2026-09-02 16:16:40,756 518 INFO wave4_kyc_final2 odoo.modules.loading: loading utm/views/utm_source_views.xml 
2026-09-02 16:16:40,815 518 INFO wave4_kyc_final2 odoo.modules.loading: loading utm/views/utm_stage_views.xml 
2026-09-02 16:16:40,896 518 INFO wave4_kyc_final2 odoo.modules.loading: loading utm/views/utm_tag_views.xml 
2026-09-02 16:16:40,957 518 INFO wave4_kyc_final2 odoo.modules.loading: loading utm/views/utm_menus.xml 
2026-09-02 16:16:41,076 518 INFO wave4_kyc_final2 odoo.modules.loading: loading utm/security/ir.model.access.csv 
2026-09-02 16:16:41,211 518 INFO wave4_kyc_final2 odoo.modules.loading: Module utm loaded in 3.15s, 410 queries (+410 other) 
2026-09-02 16:16:41,212 518 INFO wave4_kyc_final2 odoo.modules.loading: Loading module web_tour (14/53) 
2026-09-02 16:16:41,238 518 INFO wave4_kyc_final2 odoo.registry: module web_tour: creating or updating database tables 
2026-09-02 16:16:41,262 518 INFO wave4_kyc_final2 odoo.models: Prepare computation of res.users.tour_enabled 
2026-09-02 16:16:42,885 518 INFO wave4_kyc_final2 odoo.modules.loading: loading web_tour/security/ir.model.access.csv 
2026-09-02 16:16:42,922 518 INFO wave4_kyc_final2 odoo.modules.loading: loading web_tour/views/tour_views.xml 
2026-09-02 16:16:43,260 518 INFO wave4_kyc_final2 odoo.modules.loading: Module web_tour loaded in 2.05s, 180 queries (+180 other) 
2026-09-02 16:16:43,260 518 INFO wave4_kyc_final2 odoo.modules.loading: Loading module auth_passkey (15/53) 
2026-09-02 16:16:43,612 518 INFO wave4_kyc_final2 odoo.registry: module auth_passkey: creating or updating database tables 
2026-09-02 16:16:47,167 518 INFO wave4_kyc_final2 odoo.modules.loading: loading auth_passkey/views/auth_passkey_key_views.xml 
2026-09-02 16:16:47,260 518 INFO wave4_kyc_final2 odoo.modules.loading: loading auth_passkey/views/auth_passkey_login_templates.xml 
2026-09-02 16:16:47,319 518 INFO wave4_kyc_final2 odoo.modules.loading: loading auth_passkey/views/res_users_identitycheck_views.xml 
2026-09-02 16:16:47,367 518 INFO wave4_kyc_final2 odoo.modules.loading: loading auth_passkey/views/res_users_views.xml 
2026-09-02 16:16:47,465 518 INFO wave4_kyc_final2 odoo.modules.loading: loading auth_passkey/security/ir.model.access.csv 
2026-09-02 16:16:47,499 518 INFO wave4_kyc_final2 odoo.modules.loading: loading auth_passkey/security/security.xml 
2026-09-02 16:16:47,989 518 INFO wave4_kyc_final2 odoo.modules.loading: Module auth_passkey loaded in 4.73s, 218 queries (+218 other) 
2026-09-02 16:16:47,989 518 INFO wave4_kyc_final2 odoo.modules.loading: Loading module google_recaptcha (16/53) 
2026-09-02 16:16:48,008 518 INFO wave4_kyc_final2 odoo.registry: module google_recaptcha: creating or updating database tables 
2026-09-02 16:16:48,149 518 INFO wave4_kyc_final2 odoo.modules.loading: loading google_recaptcha/views/res_config_settings_view.xml 
2026-09-02 16:16:48,300 518 INFO wave4_kyc_final2 odoo.modules.loading: Module google_recaptcha loaded in 0.31s, 64 queries (+64 other) 
2026-09-02 16:16:48,301 518 INFO wave4_kyc_final2 odoo.modules.loading: Loading module html_editor (17/53) 
2026-09-02 16:16:49,396 518 INFO wave4_kyc_final2 odoo.registry: module html_editor: creating or updating database tables 
2026-09-02 16:16:52,778 518 INFO wave4_kyc_final2 odoo.modules.loading: loading html_editor/security/ir.model.access.csv 
2026-09-02 16:16:52,977 518 INFO wave4_kyc_final2 odoo.modules.loading: Module html_editor loaded in 4.68s, 1110 queries (+1110 other) 
2026-09-02 16:16:52,978 518 INFO wave4_kyc_final2 odoo.modules.loading: Loading module iap (18/53) 
2026-09-02 16:16:52,995 518 INFO wave4_kyc_final2 odoo.registry: module iap: creating or updating database tables 
2026-09-02 16:16:54,893 518 INFO wave4_kyc_final2 odoo.modules.loading: loading iap/data/services.xml 
2026-09-02 16:16:54,930 518 INFO wave4_kyc_final2 odoo.modules.loading: loading iap/security/ir.model.access.csv 
2026-09-02 16:16:54,966 518 INFO wave4_kyc_final2 odoo.modules.loading: loading iap/security/ir_rule.xml 
2026-09-02 16:16:55,002 518 INFO wave4_kyc_final2 odoo.modules.loading: loading iap/views/iap_views.xml 
2026-09-02 16:16:55,105 518 INFO wave4_kyc_final2 odoo.modules.loading: loading iap/views/res_config_settings.xml 
2026-09-02 16:16:55,360 518 INFO wave4_kyc_final2 odoo.modules.loading: Module iap loaded in 2.38s, 184 queries (+184 other) 
2026-09-02 16:16:55,360 518 INFO wave4_kyc_final2 odoo.modules.loading: Loading module mail (19/53) 
2026-09-02 16:16:55,720 518 INFO wave4_kyc_final2 odoo.registry: module mail: creating or updating database tables 
2026-09-02 16:17:13,121 518 INFO wave4_kyc_final2 odoo.models: Prepare computation of ir.actions.server.partner_ids 
2026-09-02 16:17:13,121 518 INFO wave4_kyc_final2 odoo.models: Prepare computation of ir.actions.server.activity_user_id 
2026-09-02 16:17:13,122 518 INFO wave4_kyc_final2 odoo.models: Prepare computation of ir.actions.server.activity_type_id 
2026-09-02 16:17:13,122 518 INFO wave4_kyc_final2 odoo.models: Prepare computation of ir.actions.server.template_id 
2026-09-02 16:17:13,122 518 INFO wave4_kyc_final2 odoo.models: Prepare computation of ir.actions.server.activity_date_deadline_range 
2026-09-02 16:17:13,122 518 INFO wave4_kyc_final2 odoo.models: Prepare computation of ir.actions.server.activity_summary 
2026-09-02 16:17:13,123 518 INFO wave4_kyc_final2 odoo.models: Prepare computation of ir.actions.server.followers_type 
2026-09-02 16:17:13,123 518 INFO wave4_kyc_final2 odoo.models: Prepare computation of ir.actions.server.followers_partner_field_name 
2026-09-02 16:17:13,123 518 INFO wave4_kyc_final2 odoo.models: Prepare computation of ir.actions.server.mail_post_method 
2026-09-02 16:17:13,123 518 INFO wave4_kyc_final2 odoo.models: Prepare computation of ir.actions.server.activity_date_deadline_range_type 
2026-09-02 16:17:13,123 518 INFO wave4_kyc_final2 odoo.models: Prepare computation of ir.actions.server.activity_user_type 
2026-09-02 16:17:13,123 518 INFO wave4_kyc_final2 odoo.models: Prepare computation of ir.actions.server.activity_user_field_name 
2026-09-02 16:17:13,124 518 INFO wave4_kyc_final2 odoo.models: Prepare computation of ir.actions.server.activity_note 
2026-09-02 16:17:13,124 518 INFO wave4_kyc_final2 odoo.models: Prepare computation of ir.actions.server.mail_post_autofollow 
2026-09-02 16:17:14,320 518 INFO wave4_kyc_final2 odoo.models: Prepare computation of res.users.notification_type 
2026-09-02 16:17:17,823 518 INFO wave4_kyc_final2 odoo.models: Prepare computation of res.partner.email_normalized 
<string>:38: (ERROR/3) Unexpected indentation.
<string>:43: (WARNING/2) Block quote ends without a blank line; unexpected unindent.
2026-09-02 16:17:28,251 518 INFO wave4_kyc_final2 odoo.modules.loading: loading mail/data/mail_groups.xml 
2026-09-02 16:17:28,356 518 INFO wave4_kyc_final2 odoo.modules.loading: loading mail/wizard/mail_activity_schedule_views.xml 
2026-09-02 16:17:28,423 518 INFO wave4_kyc_final2 odoo.modules.loading: loading mail/wizard/mail_blacklist_remove_views.xml 
2026-09-02 16:17:28,456 518 INFO wave4_kyc_final2 odoo.modules.loading: loading mail/wizard/mail_compose_message_views.xml 
2026-09-02 16:17:28,531 518 INFO wave4_kyc_final2 odoo.modules.loading: loading mail/wizard/mail_template_preview_views.xml 
2026-09-02 16:17:28,570 518 INFO wave4_kyc_final2 odoo.modules.loading: loading mail/wizard/mail_followers_edit_views.xml 
2026-09-02 16:17:28,620 518 INFO wave4_kyc_final2 odoo.modules.loading: loading mail/wizard/mail_template_reset_views.xml 
2026-09-02 16:17:28,683 518 INFO wave4_kyc_final2 odoo.modules.loading: loading mail/views/fetchmail_views.xml 
2026-09-02 16:17:28,762 518 INFO wave4_kyc_final2 odoo.modules.loading: loading mail/views/ir_cron_views.xml 
2026-09-02 16:17:28,808 518 INFO wave4_kyc_final2 odoo.modules.loading: loading mail/views/ir_filters_views.xml 
2026-09-02 16:17:28,903 518 INFO wave4_kyc_final2 odoo.modules.loading: loading mail/views/ir_mail_server_views.xml 
2026-09-02 16:17:28,950 518 INFO wave4_kyc_final2 odoo.modules.loading: loading mail/views/mail_message_subtype_views.xml 
2026-09-02 16:17:29,038 518 INFO wave4_kyc_final2 odoo.modules.loading: loading mail/views/mail_tracking_value_views.xml 
2026-09-02 16:17:29,103 518 INFO wave4_kyc_final2 odoo.modules.loading: loading mail/views/mail_notification_views.xml 
2026-09-02 16:17:29,157 518 INFO wave4_kyc_final2 odoo.modules.loading: loading mail/views/mail_message_views.xml 
2026-09-02 16:17:29,276 518 INFO wave4_kyc_final2 odoo.modules.loading: loading mail/views/mail_message_schedule_views.xml 
2026-09-02 16:17:29,346 518 INFO wave4_kyc_final2 odoo.modules.loading: loading mail/views/mail_mail_views.xml 
2026-09-02 16:17:29,488 518 INFO wave4_kyc_final2 odoo.modules.loading: loading mail/views/mail_followers_views.xml 
2026-09-02 16:17:29,548 518 INFO wave4_kyc_final2 odoo.modules.loading: loading mail/views/mail_ice_server_views.xml 
2026-09-02 16:17:29,658 518 INFO wave4_kyc_final2 odoo.modules.loading: loading mail/views/discuss_channel_member_views.xml 
2026-09-02 16:17:29,733 518 INFO wave4_kyc_final2 odoo.modules.loading: loading mail/views/discuss_channel_rtc_session_views.xml 
2026-09-02 16:17:29,838 518 INFO wave4_kyc_final2 odoo.modules.loading: loading mail/views/mail_link_preview_views.xml 
2026-09-02 16:17:29,945 518 INFO wave4_kyc_final2 odoo.modules.loading: loading mail/views/discuss/discuss_gif_favorite_views.xml 
2026-09-02 16:17:30,011 518 INFO wave4_kyc_final2 odoo.modules.loading: loading mail/views/discuss_channel_views.xml 
2026-09-02 16:17:30,191 518 INFO wave4_kyc_final2 odoo.modules.loading: loading mail/views/mail_canned_response_views.xml 
2026-09-02 16:17:30,316 518 INFO wave4_kyc_final2 odoo.modules.loading: loading mail/views/res_role_views.xml 
2026-09-02 16:17:30,400 518 INFO wave4_kyc_final2 odoo.modules.loading: loading mail/views/mail_activity_views.xml 
2026-09-02 16:17:30,910 518 INFO wave4_kyc_final2 odoo.modules.loading: loading mail/views/mail_activity_plan_views.xml 
2026-09-02 16:17:31,167 518 INFO wave4_kyc_final2 odoo.modules.loading: loading mail/views/mail_activity_plan_template_views.xml 
2026-09-02 16:17:31,241 518 INFO wave4_kyc_final2 odoo.modules.loading: loading mail/views/res_config_settings_views.xml 
2026-09-02 16:17:31,365 518 INFO wave4_kyc_final2 odoo.modules.loading: loading mail/data/ir_config_parameter_data.xml 
2026-09-02 16:17:31,396 518 INFO wave4_kyc_final2 odoo.modules.loading: loading mail/data/res_partner_data.xml 
2026-09-02 16:17:31,716 518 INFO wave4_kyc_final2 odoo.modules.loading: loading mail/data/mail_message_subtype_data.xml 
2026-09-02 16:17:31,752 518 INFO wave4_kyc_final2 odoo.modules.loading: loading mail/data/mail_templates_chatter.xml 
2026-09-02 16:17:31,861 518 INFO wave4_kyc_final2 odoo.modules.loading: loading mail/data/mail_templates_email_layouts.xml 
2026-09-02 16:17:31,947 518 INFO wave4_kyc_final2 odoo.modules.loading: loading mail/data/mail_templates_mailgateway.xml 
2026-09-02 16:17:32,029 518 INFO wave4_kyc_final2 odoo.modules.loading: loading mail/data/discuss_channel_data.xml 
2026-09-02 16:17:32,247 518 INFO wave4_kyc_final2 odoo.modules.loading: loading mail/data/mail_activity_type_data.xml 
2026-09-02 16:17:32,310 518 INFO wave4_kyc_final2 odoo.modules.loading: loading mail/data/security_notifications_templates.xml 
2026-09-02 16:17:32,329 518 INFO wave4_kyc_final2 odoo.modules.loading: loading mail/data/ir_cron_data.xml 
2026-09-02 16:17:32,894 518 INFO wave4_kyc_final2 odoo.modules.loading: loading mail/data/ir_actions_client.xml 
2026-09-02 16:17:32,927 518 INFO wave4_kyc_final2 odoo.modules.loading: loading mail/security/mail_security.xml 
2026-09-02 16:17:33,696 518 INFO wave4_kyc_final2 odoo.modules.loading: loading mail/security/ir.model.access.csv 
2026-09-02 16:17:33,992 518 INFO wave4_kyc_final2 odoo.modules.loading: loading mail/views/discuss_public_templates.xml 
2026-09-02 16:17:34,007 518 INFO wave4_kyc_final2 odoo.modules.loading: loading mail/views/mail_alias_domain_views.xml 
2026-09-02 16:17:34,091 518 INFO wave4_kyc_final2 odoo.modules.loading: loading mail/views/mail_alias_views.xml 
2026-09-02 16:17:34,194 518 INFO wave4_kyc_final2 odoo.modules.loading: loading mail/views/mail_gateway_allowed_views.xml 
2026-09-02 16:17:34,260 518 INFO wave4_kyc_final2 odoo.modules.loading: loading mail/views/mail_guest_views.xml 
2026-09-02 16:17:34,319 518 INFO wave4_kyc_final2 odoo.modules.loading: loading mail/views/mail_message_reaction_views.xml 
2026-09-02 16:17:34,381 518 INFO wave4_kyc_final2 odoo.modules.loading: loading mail/views/mail_templates_public.xml 
2026-09-02 16:17:34,419 518 INFO wave4_kyc_final2 odoo.modules.loading: loading mail/views/res_users_views.xml 
2026-09-02 16:17:34,556 518 INFO wave4_kyc_final2 odoo.modules.loading: loading mail/views/res_users_settings_views.xml 
2026-09-02 16:17:34,638 518 INFO wave4_kyc_final2 odoo.modules.loading: loading mail/views/mail_template_views.xml 
2026-09-02 16:17:34,853 518 INFO wave4_kyc_final2 odoo.modules.loading: loading mail/views/ir_actions_server_views.xml 
2026-09-02 16:17:34,936 518 INFO wave4_kyc_final2 odoo.modules.loading: loading mail/views/ir_model_views.xml 
2026-09-02 16:17:35,085 518 INFO wave4_kyc_final2 odoo.modules.loading: loading mail/views/res_partner_views.xml 
2026-09-02 16:17:35,313 518 INFO wave4_kyc_final2 odoo.modules.loading: loading mail/views/mail_blacklist_views.xml 
2026-09-02 16:17:35,405 518 INFO wave4_kyc_final2 odoo.modules.loading: loading mail/views/mail_menus.xml 
2026-09-02 16:17:36,115 518 INFO wave4_kyc_final2 odoo.modules.loading: loading mail/views/discuss/discuss_menus.xml 
2026-09-02 16:17:36,134 518 INFO wave4_kyc_final2 odoo.modules.loading: loading mail/views/discuss/discuss_call_history_views.xml 
2026-09-02 16:17:36,219 518 INFO wave4_kyc_final2 odoo.modules.loading: loading mail/views/res_company_views.xml 
2026-09-02 16:17:36,274 518 INFO wave4_kyc_final2 odoo.modules.loading: loading mail/views/mail_scheduled_message_views.xml 
2026-09-02 16:17:36,324 518 INFO wave4_kyc_final2 odoo.modules.loading: loading mail/data/mail_canned_response_data.xml 
2026-09-02 16:17:36,371 518 INFO wave4_kyc_final2 odoo.modules.loading: loading mail/data/mail_templates_invite.xml 
2026-09-02 16:17:36,434 518 INFO wave4_kyc_final2 odoo.modules.loading: loading mail/data/web_tour_tour.xml 
2026-09-02 16:17:36,851 518 INFO wave4_kyc_final2 odoo.modules.loading: Module mail loaded in 41.49s, 5055 queries (+5056 other) 
2026-09-02 16:17:36,851 518 INFO wave4_kyc_final2 odoo.modules.loading: Loading module web_unsplash (20/53) 
2026-09-02 16:17:36,925 518 INFO wave4_kyc_final2 odoo.registry: module web_unsplash: creating or updating database tables 
2026-09-02 16:17:37,125 518 INFO wave4_kyc_final2 odoo.modules.loading: loading web_unsplash/views/res_config_settings_view.xml 
2026-09-02 16:17:37,388 518 INFO wave4_kyc_final2 odoo.modules.loading: Module web_unsplash loaded in 0.54s, 103 queries (+103 other) 
2026-09-02 16:17:37,388 518 INFO wave4_kyc_final2 odoo.modules.loading: Loading module auth_signup (21/53) 
2026-09-02 16:17:37,489 518 INFO wave4_kyc_final2 odoo.registry: module auth_signup: creating or updating database tables 
2026-09-02 16:17:37,838 518 INFO wave4_kyc_final2 odoo.modules.loading: loading auth_signup/data/ir_config_parameter_data.xml 
2026-09-02 16:17:37,861 518 INFO wave4_kyc_final2 odoo.modules.loading: loading auth_signup/data/ir_cron_data.xml 
2026-09-02 16:17:38,137 518 INFO wave4_kyc_final2 odoo.modules.loading: loading auth_signup/data/mail_template_data.xml 
2026-09-02 16:17:38,563 518 INFO wave4_kyc_final2 odoo.modules.loading: loading auth_signup/views/res_config_settings_views.xml 
2026-09-02 16:17:38,617 518 INFO wave4_kyc_final2 odoo.modules.loading: loading auth_signup/views/res_users_views.xml 
2026-09-02 16:17:38,734 518 INFO wave4_kyc_final2 odoo.modules.loading: loading auth_signup/views/auth_signup_login_templates.xml 
2026-09-02 16:17:38,838 518 INFO wave4_kyc_final2 odoo.modules.loading: loading auth_signup/views/auth_signup_templates_email.xml 
2026-09-02 16:17:38,869 518 INFO wave4_kyc_final2 odoo.modules.loading: loading auth_signup/views/webclient_templates.xml 
2026-09-02 16:17:39,089 518 INFO wave4_kyc_final2 odoo.modules.loading: Module auth_signup loaded in 1.70s, 255 queries (+255 other) 
2026-09-02 16:17:39,089 518 INFO wave4_kyc_final2 odoo.modules.loading: Loading module auth_totp_mail (22/53) 
2026-09-02 16:17:39,159 518 INFO wave4_kyc_final2 odoo.registry: module auth_totp_mail: creating or updating database tables 
2026-09-02 16:17:39,381 518 INFO wave4_kyc_final2 odoo.modules.loading: loading auth_totp_mail/data/ir_action_data.xml 
2026-09-02 16:17:39,543 518 INFO wave4_kyc_final2 odoo.modules.loading: loading auth_totp_mail/data/mail_template_data.xml 
2026-09-02 16:17:39,799 518 INFO wave4_kyc_final2 odoo.modules.loading: loading auth_totp_mail/data/security_notifications_template.xml 
2026-09-02 16:17:39,832 518 INFO wave4_kyc_final2 odoo.modules.loading: loading auth_totp_mail/views/res_config_settings_views.xml 
2026-09-02 16:17:39,925 518 INFO wave4_kyc_final2 odoo.modules.loading: loading auth_totp_mail/views/res_users_views.xml 
2026-09-02 16:17:40,017 518 INFO wave4_kyc_final2 odoo.modules.loading: loading auth_totp_mail/views/templates.xml 
2026-09-02 16:17:40,529 518 INFO wave4_kyc_final2 odoo.modules.loading: Module auth_totp_mail loaded in 1.44s, 189 queries (+189 other) 
2026-09-02 16:17:40,529 518 INFO wave4_kyc_final2 odoo.modules.loading: Loading module base_install_request (23/53) 
2026-09-02 16:17:40,552 518 INFO wave4_kyc_final2 odoo.registry: module base_install_request: creating or updating database tables 
2026-09-02 16:17:41,825 518 INFO wave4_kyc_final2 odoo.modules.loading: loading base_install_request/security/ir.model.access.csv 
2026-09-02 16:17:41,857 518 INFO wave4_kyc_final2 odoo.modules.loading: loading base_install_request/wizard/base_module_install_request_views.xml 
2026-09-02 16:17:41,985 518 INFO wave4_kyc_final2 odoo.modules.loading: loading base_install_request/data/mail_template_data.xml 
2026-09-02 16:17:42,018 518 INFO wave4_kyc_final2 odoo.modules.loading: loading base_install_request/data/mail_templates_module_install.xml 
2026-09-02 16:17:42,038 518 INFO wave4_kyc_final2 odoo.modules.loading: loading base_install_request/views/ir_module_module_views.xml 
2026-09-02 16:17:42,829 518 INFO wave4_kyc_final2 odoo.modules.loading: Module base_install_request loaded in 2.30s, 154 queries (+154 other) 
2026-09-02 16:17:42,829 518 INFO wave4_kyc_final2 odoo.modules.loading: Loading module calendar (24/53) 
2026-09-02 16:17:43,041 518 INFO wave4_kyc_final2 odoo.registry: module calendar: creating or updating database tables 
2026-09-02 16:17:57,469 518 INFO wave4_kyc_final2 odoo.modules.loading: loading calendar/security/ir.model.access.csv 
2026-09-02 16:17:57,520 518 INFO wave4_kyc_final2 odoo.modules.loading: loading calendar/security/calendar_security.xml 
2026-09-02 16:17:58,021 518 INFO wave4_kyc_final2 odoo.modules.loading: loading calendar/data/calendar_cron.xml 
2026-09-02 16:17:58,169 518 INFO wave4_kyc_final2 odoo.modules.loading: loading calendar/data/mail_template_data.xml 
2026-09-02 16:17:58,473 518 INFO wave4_kyc_final2 odoo.modules.loading: loading calendar/data/calendar_data.xml 
2026-09-02 16:17:58,545 518 INFO wave4_kyc_final2 odoo.modules.loading: loading calendar/data/mail_activity_type_data.xml 
2026-09-02 16:17:58,664 518 INFO wave4_kyc_final2 odoo.modules.loading: loading calendar/data/mail_message_subtype_data.xml 
2026-09-02 16:17:58,854 518 INFO wave4_kyc_final2 odoo.modules.loading: loading calendar/views/mail_activity_views.xml 
2026-09-02 16:17:59,177 518 INFO wave4_kyc_final2 odoo.modules.loading: loading calendar/views/calendar_templates.xml 
2026-09-02 16:17:59,221 518 INFO wave4_kyc_final2 odoo.modules.loading: loading calendar/views/calendar_views.xml 
2026-09-02 16:17:59,964 518 INFO wave4_kyc_final2 odoo.modules.loading: loading calendar/views/res_config_settings_views.xml 
2026-09-02 16:18:00,048 518 INFO wave4_kyc_final2 odoo.modules.loading: loading calendar/views/res_partner_views.xml 
2026-09-02 16:18:00,102 518 INFO wave4_kyc_final2 odoo.modules.loading: loading calendar/views/res_users_views.xml 
2026-09-02 16:18:00,199 518 INFO wave4_kyc_final2 odoo.modules.loading: loading calendar/wizard/calendar_provider_config.xml 
2026-09-02 16:18:00,235 518 INFO wave4_kyc_final2 odoo.modules.loading: loading calendar/wizard/calendar_popover_delete_wizard.xml 
2026-09-02 16:18:00,306 518 INFO wave4_kyc_final2 odoo.modules.loading: loading calendar/wizard/mail_activity_schedule_views.xml 
2026-09-02 16:18:00,615 518 INFO wave4_kyc_final2 odoo.modules.loading: Module calendar loaded in 17.79s, 883 queries (+883 other) 
2026-09-02 16:18:00,616 518 INFO wave4_kyc_final2 odoo.modules.loading: Loading module contacts (25/53) 
2026-09-02 16:18:00,681 518 INFO wave4_kyc_final2 odoo.registry: module contacts: creating or updating database tables 
2026-09-02 16:18:00,867 518 INFO wave4_kyc_final2 odoo.modules.loading: loading contacts/views/contact_views.xml 
2026-09-02 16:18:01,324 518 INFO wave4_kyc_final2 odoo.modules.loading: Module contacts loaded in 0.71s, 209 queries (+209 other) 
2026-09-02 16:18:01,325 518 INFO wave4_kyc_final2 odoo.modules.loading: Loading module google_gmail (26/53) 
2026-09-02 16:18:01,403 518 INFO wave4_kyc_final2 odoo.registry: module google_gmail: creating or updating database tables 
2026-09-02 16:18:01,670 518 INFO wave4_kyc_final2 odoo.modules.loading: loading google_gmail/views/fetchmail_server_views.xml 
2026-09-02 16:18:01,722 518 INFO wave4_kyc_final2 odoo.modules.loading: loading google_gmail/views/ir_mail_server_views.xml 
2026-09-02 16:18:01,840 518 INFO wave4_kyc_final2 odoo.modules.loading: loading google_gmail/views/res_config_settings_views.xml 
2026-09-02 16:18:01,935 518 INFO wave4_kyc_final2 odoo.modules.loading: loading google_gmail/views/templates.xml 
2026-09-02 16:18:02,007 518 INFO wave4_kyc_final2 odoo.modules.loading: Module google_gmail loaded in 0.68s, 155 queries (+155 other) 
2026-09-02 16:18:02,007 518 INFO wave4_kyc_final2 odoo.modules.loading: Loading module html_builder (27/53) 
2026-09-02 16:18:02,210 518 INFO wave4_kyc_final2 odoo.modules.loading: Module html_builder loaded in 0.20s, 10 queries (+10 other) 
2026-09-02 16:18:02,210 518 INFO wave4_kyc_final2 odoo.modules.loading: Loading module iap_mail (28/53) 
2026-09-02 16:18:02,223 518 INFO wave4_kyc_final2 odoo.registry: module iap_mail: creating or updating database tables 
2026-09-02 16:18:02,375 518 INFO wave4_kyc_final2 odoo.modules.loading: loading iap_mail/data/mail_templates.xml 
2026-09-02 16:18:02,439 518 INFO wave4_kyc_final2 odoo.modules.loading: loading iap_mail/views/iap_views.xml 
2026-09-02 16:18:02,614 518 INFO wave4_kyc_final2 odoo.modules.loading: Module iap_mail loaded in 0.40s, 70 queries (+70 other) 
2026-09-02 16:18:02,614 518 INFO wave4_kyc_final2 odoo.modules.loading: Loading module mail_bot (29/53) 
2026-09-02 16:18:02,671 518 INFO wave4_kyc_final2 odoo.registry: module mail_bot: creating or updating database tables 
2026-09-02 16:18:02,903 518 INFO wave4_kyc_final2 odoo.modules.loading: loading mail_bot/views/res_users_views.xml 
2026-09-02 16:18:02,982 518 INFO wave4_kyc_final2 odoo.modules.loading: loading mail_bot/data/mailbot_data.xml 
2026-09-02 16:18:03,075 518 INFO wave4_kyc_final2 odoo.modules.loading: Module mail_bot loaded in 0.46s, 109 queries (+109 other) 
2026-09-02 16:18:03,075 518 INFO wave4_kyc_final2 odoo.modules.loading: Loading module microsoft_outlook (30/53) 
2026-09-02 16:18:03,155 518 INFO wave4_kyc_final2 odoo.registry: module microsoft_outlook: creating or updating database tables 
2026-09-02 16:18:03,484 518 INFO wave4_kyc_final2 odoo.modules.loading: loading microsoft_outlook/views/fetchmail_server_views.xml 
2026-09-02 16:18:03,566 518 INFO wave4_kyc_final2 odoo.modules.loading: loading microsoft_outlook/views/ir_mail_server_views.xml 
2026-09-02 16:18:03,617 518 INFO wave4_kyc_final2 odoo.modules.loading: loading microsoft_outlook/views/res_config_settings_views.xml 
2026-09-02 16:18:03,715 518 INFO wave4_kyc_final2 odoo.modules.loading: loading microsoft_outlook/views/templates.xml 
2026-09-02 16:18:03,785 518 INFO wave4_kyc_final2 odoo.modules.loading: Module microsoft_outlook loaded in 0.71s, 158 queries (+158 other) 
2026-09-02 16:18:03,785 518 INFO wave4_kyc_final2 odoo.modules.loading: Loading module phone_validation (31/53) 
2026-09-02 16:18:04,360 518 INFO wave4_kyc_final2 odoo.registry: module phone_validation: creating or updating database tables 
2026-09-02 16:18:04,958 518 INFO wave4_kyc_final2 odoo.models: Prepare computation of res.partner.phone_sanitized 
2026-09-02 16:18:11,046 518 INFO wave4_kyc_final2 odoo.modules.loading: loading phone_validation/security/ir.model.access.csv 
2026-09-02 16:18:11,080 518 INFO wave4_kyc_final2 odoo.modules.loading: loading phone_validation/views/phone_blacklist_views.xml 
2026-09-02 16:18:11,223 518 INFO wave4_kyc_final2 odoo.modules.loading: loading phone_validation/views/res_partner_views.xml 
2026-09-02 16:18:11,268 518 INFO wave4_kyc_final2 odoo.modules.loading: loading phone_validation/wizard/phone_blacklist_remove_view.xml 
2026-09-02 16:18:11,374 518 INFO wave4_kyc_final2 odoo.modules.loading: Module phone_validation loaded in 7.59s, 1769 queries (+1769 other) 
2026-09-02 16:18:11,374 518 INFO wave4_kyc_final2 odoo.modules.loading: Loading module privacy_lookup (32/53) 
2026-09-02 16:18:11,452 518 INFO wave4_kyc_final2 odoo.registry: module privacy_lookup: creating or updating database tables 
2026-09-02 16:18:12,764 518 INFO wave4_kyc_final2 odoo.modules.loading: loading privacy_lookup/wizard/privacy_lookup_wizard_views.xml 
2026-09-02 16:18:12,975 518 INFO wave4_kyc_final2 odoo.modules.loading: loading privacy_lookup/views/privacy_log_views.xml 
2026-09-02 16:18:13,047 518 INFO wave4_kyc_final2 odoo.modules.loading: loading privacy_lookup/security/ir.model.access.csv 
2026-09-02 16:18:13,117 518 INFO wave4_kyc_final2 odoo.modules.loading: loading privacy_lookup/data/ir_actions_server_data.xml 
2026-09-02 16:18:13,374 518 INFO wave4_kyc_final2 odoo.modules.loading: Module privacy_lookup loaded in 2.00s, 296 queries (+296 other) 
2026-09-02 16:18:13,374 518 INFO wave4_kyc_final2 odoo.modules.loading: Loading module resource_mail (33/53) 
2026-09-02 16:18:13,431 518 INFO wave4_kyc_final2 odoo.registry: module resource_mail: creating or updating database tables 
2026-09-02 16:18:13,652 518 INFO wave4_kyc_final2 odoo.modules.loading: Module resource_mail loaded in 0.28s, 36 queries (+36 other) 
2026-09-02 16:18:13,652 518 INFO wave4_kyc_final2 odoo.modules.loading: Loading module sales_team (34/53) 
2026-09-02 16:18:13,785 518 INFO wave4_kyc_final2 odoo.registry: module sales_team: creating or updating database tables 
2026-09-02 16:18:14,867 518 INFO wave4_kyc_final2 odoo.models: Prepare computation of res.users.sale_team_id 
2026-09-02 16:18:15,810 518 INFO wave4_kyc_final2 odoo.modules.loading: loading sales_team/security/sales_team_security.xml 
2026-09-02 16:18:16,066 518 INFO wave4_kyc_final2 odoo.modules.loading: loading sales_team/security/ir.model.access.csv 
2026-09-02 16:18:16,107 518 INFO wave4_kyc_final2 odoo.modules.loading: loading sales_team/data/crm_team_data.xml 
2026-09-02 16:18:16,361 518 INFO wave4_kyc_final2 odoo.modules.loading: loading sales_team/views/crm_tag_views.xml 
2026-09-02 16:18:16,453 518 INFO wave4_kyc_final2 odoo.modules.loading: loading sales_team/views/crm_team_views.xml 
2026-09-02 16:18:16,621 518 INFO wave4_kyc_final2 odoo.modules.loading: loading sales_team/views/crm_team_member_views.xml 
2026-09-02 16:18:16,765 518 INFO wave4_kyc_final2 odoo.modules.loading: loading sales_team/views/mail_activity_views.xml 
2026-09-02 16:18:16,910 518 INFO wave4_kyc_final2 odoo.modules.loading: Module sales_team loaded in 3.26s, 365 queries (+365 other) 
2026-09-02 16:18:16,910 518 INFO wave4_kyc_final2 odoo.modules.loading: Loading module partner_autocomplete (35/53) 
2026-09-02 16:18:17,178 518 INFO wave4_kyc_final2 odoo.registry: module partner_autocomplete: creating or updating database tables 
2026-09-02 16:18:17,602 518 INFO wave4_kyc_final2 odoo.modules.loading: loading partner_autocomplete/views/res_company_views.xml 
2026-09-02 16:18:17,679 518 INFO wave4_kyc_final2 odoo.modules.loading: loading partner_autocomplete/views/res_config_settings_views.xml 
2026-09-02 16:18:18,088 518 INFO wave4_kyc_final2 odoo.modules.loading: loading partner_autocomplete/data/iap_service_data.xml 
2026-09-02 16:18:18,202 518 INFO wave4_kyc_final2 odoo.modules.loading: Module partner_autocomplete loaded in 1.29s, 144 queries (+144 other) 
2026-09-02 16:18:18,203 518 INFO wave4_kyc_final2 odoo.modules.loading: Loading module portal (36/53) 
2026-09-02 16:18:18,453 518 INFO wave4_kyc_final2 odoo.registry: module portal: creating or updating database tables 
2026-09-02 16:18:20,206 518 INFO wave4_kyc_final2 odoo.modules.loading: loading portal/security/ir.model.access.csv 
2026-09-02 16:18:20,256 518 INFO wave4_kyc_final2 odoo.modules.loading: loading portal/data/mail_templates.xml 
2026-09-02 16:18:20,302 518 INFO wave4_kyc_final2 odoo.modules.loading: loading portal/views/address_templates.xml 
2026-09-02 16:18:20,464 518 INFO wave4_kyc_final2 odoo.modules.loading: loading portal/views/mail_templates_public.xml 
2026-09-02 16:18:20,516 518 INFO wave4_kyc_final2 odoo.modules.loading: loading portal/views/portal_templates.xml 
2026-09-02 16:18:21,132 518 INFO wave4_kyc_final2 odoo.modules.loading: loading portal/views/res_config_settings_views.xml 
2026-09-02 16:18:21,286 518 INFO wave4_kyc_final2 odoo.modules.loading: loading portal/wizard/portal_share_views.xml 
2026-09-02 16:18:21,385 518 INFO wave4_kyc_final2 odoo.modules.loading: loading portal/wizard/portal_wizard_views.xml 
2026-09-02 16:18:21,774 518 INFO wave4_kyc_final2 odoo.modules.loading: Module portal loaded in 3.57s, 573 queries (+573 other) 
2026-09-02 16:18:21,775 518 INFO wave4_kyc_final2 odoo.modules.loading: Loading module sms (37/53) 
2026-09-02 16:18:22,300 518 INFO wave4_kyc_final2 odoo.registry: module sms: creating or updating database tables 
2026-09-02 16:18:22,339 518 INFO wave4_kyc_final2 odoo.models: Prepare computation of ir.actions.server.sms_template_id 
2026-09-02 16:18:22,339 518 INFO wave4_kyc_final2 odoo.models: Prepare computation of ir.actions.server.sms_method 
2026-09-02 16:18:28,301 518 INFO wave4_kyc_final2 odoo.modules.loading: loading sms/data/iap_service_data.xml 
2026-09-02 16:18:28,331 518 INFO wave4_kyc_final2 odoo.modules.loading: loading sms/data/ir_cron_data.xml 
2026-09-02 16:18:28,474 518 INFO wave4_kyc_final2 odoo.modules.loading: loading sms/wizard/sms_account_code_views.xml 
2026-09-02 16:18:28,539 518 INFO wave4_kyc_final2 odoo.modules.loading: loading sms/wizard/sms_account_phone_views.xml 
2026-09-02 16:18:28,574 518 INFO wave4_kyc_final2 odoo.modules.loading: loading sms/wizard/sms_account_sender_views.xml 
2026-09-02 16:18:28,605 518 INFO wave4_kyc_final2 odoo.modules.loading: loading sms/wizard/sms_composer_views.xml 
2026-09-02 16:18:28,665 518 INFO wave4_kyc_final2 odoo.modules.loading: loading sms/wizard/sms_template_preview_views.xml 
2026-09-02 16:18:28,720 518 INFO wave4_kyc_final2 odoo.modules.loading: loading sms/wizard/sms_template_reset_views.xml 
2026-09-02 16:18:28,751 518 INFO wave4_kyc_final2 odoo.modules.loading: loading sms/views/ir_actions_server_views.xml 
2026-09-02 16:18:28,832 518 INFO wave4_kyc_final2 odoo.modules.loading: loading sms/views/mail_notification_views.xml 
2026-09-02 16:18:28,897 518 INFO wave4_kyc_final2 odoo.modules.loading: loading sms/views/res_config_settings_views.xml 
2026-09-02 16:18:28,979 518 INFO wave4_kyc_final2 odoo.modules.loading: loading sms/views/res_partner_views.xml 
2026-09-02 16:18:29,072 518 INFO wave4_kyc_final2 odoo.modules.loading: loading sms/views/iap_account_views.xml 
2026-09-02 16:18:29,128 518 INFO wave4_kyc_final2 odoo.modules.loading: loading sms/views/sms_sms_views.xml 
2026-09-02 16:18:29,262 518 INFO wave4_kyc_final2 odoo.modules.loading: loading sms/views/sms_template_views.xml 
2026-09-02 16:18:29,366 518 INFO wave4_kyc_final2 odoo.modules.loading: loading sms/security/ir.model.access.csv 
2026-09-02 16:18:29,489 518 INFO wave4_kyc_final2 odoo.modules.loading: loading sms/security/sms_security.xml 
2026-09-02 16:18:29,626 518 INFO wave4_kyc_final2 odoo.modules.loading: Module sms loaded in 7.85s, 2222 queries (+2222 other) 
2026-09-02 16:18:29,627 518 INFO wave4_kyc_final2 odoo.modules.loading: Loading module snailmail (38/53) 
2026-09-02 16:18:30,466 518 INFO wave4_kyc_final2 odoo.registry: module snailmail: creating or updating database tables 
2026-09-02 16:18:31,899 518 INFO wave4_kyc_final2 odoo.modules.loading: loading snailmail/data/iap_service_data.xml 
2026-09-02 16:18:31,929 518 INFO wave4_kyc_final2 odoo.modules.loading: loading snailmail/data/snailmail_data.xml 
2026-09-02 16:18:32,070 518 INFO wave4_kyc_final2 odoo.modules.loading: loading snailmail/views/report_assets.xml 
2026-09-02 16:18:32,139 518 INFO wave4_kyc_final2 odoo.modules.loading: loading snailmail/views/snailmail_views.xml 
2026-09-02 16:18:32,236 518 INFO wave4_kyc_final2 odoo.modules.loading: loading snailmail/security/ir.model.access.csv 
2026-09-02 16:18:32,382 518 INFO wave4_kyc_final2 odoo.modules.loading: Module snailmail loaded in 2.76s, 439 queries (+439 other) 
2026-09-02 16:18:32,382 518 INFO wave4_kyc_final2 odoo.modules.loading: Loading module auth_passkey_portal (39/53) 
2026-09-02 16:18:32,432 518 INFO wave4_kyc_final2 odoo.modules.loading: loading auth_passkey_portal/views/templates.xml 
2026-09-02 16:18:32,595 518 INFO wave4_kyc_final2 odoo.modules.loading: Module auth_passkey_portal loaded in 0.21s, 22 queries (+22 other) 
2026-09-02 16:18:32,595 518 INFO wave4_kyc_final2 odoo.modules.loading: Loading module auth_totp_portal (40/53) 
2026-09-02 16:18:32,693 518 INFO wave4_kyc_final2 odoo.registry: module auth_totp_portal: creating or updating database tables 
2026-09-02 16:18:32,797 518 INFO wave4_kyc_final2 odoo.modules.loading: loading auth_totp_portal/security/security.xml 
2026-09-02 16:18:32,915 518 INFO wave4_kyc_final2 odoo.modules.loading: loading auth_totp_portal/views/templates.xml 
2026-09-02 16:18:33,050 518 INFO wave4_kyc_final2 odoo.modules.loading: Module auth_totp_portal loaded in 0.45s, 70 queries (+70 other) 
2026-09-02 16:18:33,050 518 INFO wave4_kyc_final2 odoo.modules.loading: Loading module calendar_sms (41/53) 
2026-09-02 16:18:33,091 518 INFO wave4_kyc_final2 odoo.registry: module calendar_sms: creating or updating database tables 
2026-09-02 16:18:33,111 518 INFO wave4_kyc_final2 odoo.models: Prepare computation of calendar.alarm.sms_template_id 
2026-09-02 16:18:33,307 518 INFO wave4_kyc_final2 odoo.modules.loading: loading calendar_sms/data/sms_data.xml 
2026-09-02 16:18:33,361 518 INFO wave4_kyc_final2 odoo.modules.loading: loading calendar_sms/views/calendar_views.xml 
2026-09-02 16:18:33,712 518 INFO wave4_kyc_final2 odoo.modules.loading: Module calendar_sms loaded in 0.66s, 106 queries (+106 other) 
2026-09-02 16:18:33,712 518 INFO wave4_kyc_final2 odoo.modules.loading: Loading module digest (42/53) 
2026-09-02 16:18:33,886 518 INFO wave4_kyc_final2 odoo.registry: module digest: creating or updating database tables 
2026-09-02 16:18:34,934 518 INFO wave4_kyc_final2 odoo.modules.loading: loading digest/security/ir.model.access.csv 
2026-09-02 16:18:34,970 518 INFO wave4_kyc_final2 odoo.modules.loading: loading digest/data/digest_data.xml 
2026-09-02 16:18:35,091 518 INFO wave4_kyc_final2 odoo.modules.loading: loading digest/data/digest_tips_data.xml 
2026-09-02 16:18:35,367 518 INFO wave4_kyc_final2 odoo.modules.loading: loading digest/data/ir_cron_data.xml 
2026-09-02 16:18:35,476 518 INFO wave4_kyc_final2 odoo.modules.loading: loading digest/data/res_config_settings_data.xml 
2026-09-02 16:18:35,496 518 INFO wave4_kyc_final2 odoo.modules.loading: loading digest/views/digest_views.xml 
2026-09-02 16:18:35,760 518 INFO wave4_kyc_final2 odoo.modules.loading: loading digest/views/digest_templates.xml 
2026-09-02 16:18:35,784 518 INFO wave4_kyc_final2 odoo.modules.loading: loading digest/views/res_config_settings_views.xml 
2026-09-02 16:18:36,149 518 INFO wave4_kyc_final2 odoo.modules.loading: Module digest loaded in 2.44s, 326 queries (+326 other) 
2026-09-02 16:18:36,149 518 INFO wave4_kyc_final2 odoo.modules.loading: Loading module crm (43/53) 
2026-09-02 16:18:36,438 518 INFO wave4_kyc_final2 odoo.registry: module crm: creating or updating database tables 
2026-09-02 16:18:38,571 518 INFO wave4_kyc_final2 odoo.addons.mail.models.mail_alias_mixin: Mail alias created for crm.team Sales (id 1) 
2026-09-02 16:18:38,582 518 INFO wave4_kyc_final2 odoo.addons.mail.models.mail_alias_mixin: Mail alias created for crm.team Point of Sale (id 3) 
2026-09-02 16:18:38,585 518 INFO wave4_kyc_final2 odoo.addons.mail.models.mail_alias_mixin: Mail alias created for crm.team Website (id 2) 
2026-09-02 16:18:41,743 518 INFO wave4_kyc_final2 odoo.modules.loading: loading crm/security/crm_security.xml 
2026-09-02 16:18:41,976 518 INFO wave4_kyc_final2 odoo.modules.loading: loading crm/security/ir.model.access.csv 
2026-09-02 16:18:42,100 518 INFO wave4_kyc_final2 odoo.modules.loading: loading crm/data/crm_lead_merge_template.xml 
2026-09-02 16:18:42,215 518 INFO wave4_kyc_final2 odoo.modules.loading: loading crm/data/crm_lead_prediction_data.xml 
2026-09-02 16:18:42,572 518 INFO wave4_kyc_final2 odoo.modules.loading: loading crm/data/crm_lost_reason_data.xml 
2026-09-02 16:18:42,625 518 INFO wave4_kyc_final2 odoo.modules.loading: loading crm/data/crm_stage_data.xml 
2026-09-02 16:18:42,686 518 INFO wave4_kyc_final2 odoo.modules.loading: loading crm/data/crm_team_data.xml 
2026-09-02 16:18:42,787 518 INFO wave4_kyc_final2 odoo.modules.loading: loading crm/data/digest_data.xml 
2026-09-02 16:18:42,921 518 INFO wave4_kyc_final2 odoo.modules.loading: loading crm/data/ir_action_data.xml 
2026-09-02 16:18:43,092 518 INFO wave4_kyc_final2 odoo.modules.loading: loading crm/data/ir_cron_data.xml 
2026-09-02 16:18:43,183 518 INFO wave4_kyc_final2 odoo.modules.loading: loading crm/data/mail_message_subtype_data.xml 
2026-09-02 16:18:43,291 518 INFO wave4_kyc_final2 odoo.modules.loading: loading crm/data/crm_recurring_plan_data.xml 
2026-09-02 16:18:43,458 518 INFO wave4_kyc_final2 odoo.modules.loading: loading crm/data/crm_tour.xml 
2026-09-02 16:18:43,484 518 INFO wave4_kyc_final2 odoo.modules.loading: loading crm/wizard/crm_lead_lost_views.xml 
2026-09-02 16:18:43,540 518 INFO wave4_kyc_final2 odoo.modules.loading: loading crm/wizard/crm_lead_to_opportunity_views.xml 
2026-09-02 16:18:43,617 518 INFO wave4_kyc_final2 odoo.modules.loading: loading crm/wizard/crm_lead_to_opportunity_mass_views.xml 
2026-09-02 16:18:43,696 518 INFO wave4_kyc_final2 odoo.modules.loading: loading crm/wizard/crm_merge_opportunities_views.xml 
2026-09-02 16:18:43,741 518 INFO wave4_kyc_final2 odoo.modules.loading: loading crm/wizard/crm_lead_pls_update_views.xml 
2026-09-02 16:18:43,783 518 INFO wave4_kyc_final2 odoo.modules.loading: loading crm/views/calendar_views.xml 
2026-09-02 16:18:43,844 518 INFO wave4_kyc_final2 odoo.modules.loading: loading crm/views/crm_recurring_plan_views.xml 
2026-09-02 16:18:44,065 518 INFO wave4_kyc_final2 odoo.modules.loading: loading crm/views/crm_lost_reason_views.xml 
2026-09-02 16:18:44,193 518 INFO wave4_kyc_final2 odoo.modules.loading: loading crm/views/crm_stage_views.xml 
2026-09-02 16:18:44,514 518 INFO wave4_kyc_final2 odoo.modules.loading: loading crm/views/crm_lead_views.xml 
2026-09-02 16:18:45,606 518 INFO wave4_kyc_final2 odoo.modules.loading: loading crm/views/crm_team_member_views.xml 
2026-09-02 16:18:45,843 518 INFO wave4_kyc_final2 odoo.modules.loading: loading crm/views/digest_views.xml 
2026-09-02 16:18:45,913 518 INFO wave4_kyc_final2 odoo.modules.loading: loading crm/views/mail_activity_plan_views.xml 
2026-09-02 16:18:45,935 518 INFO wave4_kyc_final2 odoo.modules.loading: loading crm/views/mail_activity_views.xml 
2026-09-02 16:18:45,978 518 INFO wave4_kyc_final2 odoo.modules.loading: loading crm/views/res_config_settings_views.xml 
2026-09-02 16:18:46,100 518 INFO wave4_kyc_final2 odoo.modules.loading: loading crm/views/res_partner_views.xml 
2026-09-02 16:18:46,169 518 INFO wave4_kyc_final2 odoo.modules.loading: loading crm/views/utm_campaign_views.xml 
2026-09-02 16:18:46,270 518 INFO wave4_kyc_final2 odoo.modules.loading: loading crm/report/crm_activity_report_views.xml 
2026-09-02 16:18:46,388 518 INFO wave4_kyc_final2 odoo.modules.loading: loading crm/report/crm_opportunity_report_views.xml 
2026-09-02 16:18:46,650 518 INFO wave4_kyc_final2 odoo.modules.loading: loading crm/views/crm_team_views.xml 
2026-09-02 16:18:46,956 518 INFO wave4_kyc_final2 odoo.modules.loading: loading crm/views/crm_menu_views.xml 
2026-09-02 16:18:47,402 518 INFO wave4_kyc_final2 odoo.modules.loading: loading crm/views/crm_helper_templates.xml 
2026-09-02 16:18:47,770 518 INFO wave4_kyc_final2 odoo.modules.loading: Module crm loaded in 11.62s, 1989 queries (+1989 other) 
2026-09-02 16:18:47,770 518 INFO wave4_kyc_final2 odoo.modules.loading: Loading module website (44/53) 
2026-09-02 16:18:48,946 518 INFO wave4_kyc_final2 odoo.registry: module website: creating or updating database tables 
2026-09-02 16:18:53,105 518 INFO wave4_kyc_final2 odoo.models: Prepare computation of ir.ui.view.is_seo_optimized 
2026-09-02 16:18:53,129 518 INFO wave4_kyc_final2 odoo.models: Prepare computation of res.company.website_id 
2026-09-02 16:19:13,390 518 INFO wave4_kyc_final2 odoo.modules.loading: loading website/security/website_security.xml 
2026-09-02 16:19:13,890 518 INFO wave4_kyc_final2 odoo.modules.loading: loading website/security/ir.model.access.csv 
2026-09-02 16:19:13,992 518 INFO wave4_kyc_final2 odoo.modules.loading: loading website/data/image_library.xml 
2026-09-02 16:19:17,030 518 INFO wave4_kyc_final2 odoo.modules.loading: loading website/data/ir_asset.xml 
2026-09-02 16:19:17,079 518 INFO wave4_kyc_final2 odoo.modules.loading: loading website/data/ir_cron_data.xml 
2026-09-02 16:19:17,269 518 INFO wave4_kyc_final2 odoo.modules.loading: loading website/data/mail_mail_data.xml 
2026-09-02 16:19:17,358 518 INFO wave4_kyc_final2 odoo.modules.loading: loading website/data/website_data.xml 
2026-09-02 16:19:18,124 518 INFO wave4_kyc_final2 odoo.modules.loading: loading website/data/website_visitor_cron.xml 
2026-09-02 16:19:18,215 518 INFO wave4_kyc_final2 odoo.modules.loading: loading website/data/digest_data.xml 
2026-09-02 16:19:18,286 518 INFO wave4_kyc_final2 odoo.modules.loading: loading website/views/website_technical_views.xml 
2026-09-02 16:19:18,346 518 INFO wave4_kyc_final2 odoo.modules.loading: loading website/views/website_templates.xml 
2026-09-02 16:19:25,044 518 INFO wave4_kyc_final2 odoo.modules.loading: loading website/views/snippets/snippets.xml 
2026-09-02 16:19:25,241 518 INFO wave4_kyc_final2 odoo.modules.loading: loading website/views/snippets/s_announcement_scroll.xml 
2026-09-02 16:19:25,270 518 INFO wave4_kyc_final2 odoo.modules.loading: loading website/views/snippets/s_framed_intro.xml 
2026-09-02 16:19:25,304 518 INFO wave4_kyc_final2 odoo.modules.loading: loading website/views/snippets/s_title.xml 
2026-09-02 16:19:25,356 518 INFO wave4_kyc_final2 odoo.modules.loading: loading website/views/snippets/s_cover.xml 
2026-09-02 16:19:25,539 518 INFO wave4_kyc_final2 odoo.modules.loading: loading website/views/snippets/s_text_cover.xml 
2026-09-02 16:19:25,578 518 INFO wave4_kyc_final2 odoo.modules.loading: loading website/views/snippets/s_image_text_box.xml 
2026-09-02 16:19:25,780 518 INFO wave4_kyc_final2 odoo.modules.loading: loading website/views/snippets/s_striped_top.xml 
2026-09-02 16:19:25,804 518 INFO wave4_kyc_final2 odoo.modules.loading: loading website/views/snippets/s_text_image.xml 
2026-09-02 16:19:25,897 518 INFO wave4_kyc_final2 odoo.modules.loading: loading website/views/snippets/s_image_text.xml 
2026-09-02 16:19:25,928 518 INFO wave4_kyc_final2 odoo.modules.loading: loading website/views/snippets/s_mockup_image.xml 
2026-09-02 16:19:26,629 518 INFO wave4_kyc_final2 odoo.modules.loading: loading website/views/snippets/s_instagram_page.xml 
2026-09-02 16:19:26,731 518 INFO wave4_kyc_final2 odoo.modules.loading: loading website/views/snippets/s_image_text_overlap.xml 
2026-09-02 16:19:26,767 518 INFO wave4_kyc_final2 odoo.modules.loading: loading website/views/snippets/s_banner.xml 
2026-09-02 16:19:26,805 518 INFO wave4_kyc_final2 odoo.modules.loading: loading website/views/snippets/s_bento_block.xml 
2026-09-02 16:19:26,846 518 INFO wave4_kyc_final2 odoo.modules.loading: loading website/views/snippets/s_snippet_group.xml 
2026-09-02 16:19:26,881 518 INFO wave4_kyc_final2 odoo.modules.loading: loading website/views/snippets/s_text_block.xml 
2026-09-02 16:19:26,934 518 INFO wave4_kyc_final2 odoo.modules.loading: loading website/views/snippets/s_features.xml 
2026-09-02 16:19:26,970 518 INFO wave4_kyc_final2 odoo.modules.loading: loading website/views/snippets/s_features_wall.xml 
2026-09-02 16:19:27,122 518 INFO wave4_kyc_final2 odoo.modules.loading: loading website/views/snippets/s_three_columns.xml 
2026-09-02 16:19:27,256 518 INFO wave4_kyc_final2 odoo.modules.loading: loading website/views/snippets/s_key_benefits.xml 
2026-09-02 16:19:27,324 518 INFO wave4_kyc_final2 odoo.modules.loading: loading website/views/snippets/s_picture.xml 
2026-09-02 16:19:27,383 518 INFO wave4_kyc_final2 odoo.modules.loading: loading website/views/snippets/s_image_punchy.xml 
2026-09-02 16:19:27,459 518 INFO wave4_kyc_final2 odoo.modules.loading: loading website/views/snippets/s_bento_grid.xml 
2026-09-02 16:19:27,558 518 INFO wave4_kyc_final2 odoo.modules.loading: loading website/views/snippets/s_carousel.xml 
2026-09-02 16:19:27,618 518 INFO wave4_kyc_final2 odoo.modules.loading: loading website/views/snippets/s_carousel_intro.xml 
2026-09-02 16:19:27,672 518 INFO wave4_kyc_final2 odoo.modules.loading: loading website/views/snippets/s_carousel_cards.xml 
2026-09-02 16:19:27,980 518 INFO wave4_kyc_final2 odoo.modules.loading: loading website/views/snippets/s_alert.xml 
2026-09-02 16:19:28,028 518 INFO wave4_kyc_final2 odoo.modules.loading: loading website/views/snippets/s_motto.xml 
2026-09-02 16:19:28,062 518 INFO wave4_kyc_final2 odoo.modules.loading: loading website/views/snippets/s_card.xml 
2026-09-02 16:19:28,108 518 INFO wave4_kyc_final2 odoo.modules.loading: loading website/views/snippets/s_cards_grid.xml 
2026-09-02 16:19:28,160 518 INFO wave4_kyc_final2 odoo.modules.loading: loading website/views/snippets/s_cards_soft.xml 
2026-09-02 16:19:28,195 518 INFO wave4_kyc_final2 odoo.modules.loading: loading website/views/snippets/s_share.xml 
2026-09-02 16:19:28,249 518 INFO wave4_kyc_final2 odoo.modules.loading: loading website/views/snippets/s_social_media.xml 
2026-09-02 16:19:28,292 518 INFO wave4_kyc_final2 odoo.modules.loading: loading website/views/snippets/s_rating.xml 
2026-09-02 16:19:28,347 518 INFO wave4_kyc_final2 odoo.modules.loading: loading website/views/snippets/s_hr.xml 
2026-09-02 16:19:28,392 518 INFO wave4_kyc_final2 odoo.modules.loading: loading website/views/snippets/s_closer_look.xml 
2026-09-02 16:19:28,418 518 INFO wave4_kyc_final2 odoo.modules.loading: loading website/views/snippets/s_facebook_page.xml 
2026-09-02 16:19:28,451 518 INFO wave4_kyc_final2 odoo.modules.loading: loading website/views/snippets/s_image_gallery.xml 
2026-09-02 16:19:28,548 518 INFO wave4_kyc_final2 odoo.modules.loading: loading website/views/snippets/s_countdown.xml 
2026-09-02 16:19:28,675 518 INFO wave4_kyc_final2 odoo.modules.loading: loading website/views/snippets/s_product_catalog.xml 
2026-09-02 16:19:28,744 518 INFO wave4_kyc_final2 odoo.modules.loading: loading website/views/snippets/s_comparisons.xml 
2026-09-02 16:19:28,807 518 INFO wave4_kyc_final2 odoo.modules.loading: loading website/views/snippets/s_comparisons_horizontal.xml 
2026-09-02 16:19:28,849 518 INFO wave4_kyc_final2 odoo.modules.loading: loading website/views/snippets/s_company_team.xml 
2026-09-02 16:19:28,940 518 INFO wave4_kyc_final2 odoo.modules.loading: loading website/views/snippets/s_company_team_basic.xml 
2026-09-02 16:19:28,979 518 INFO wave4_kyc_final2 odoo.modules.loading: loading website/views/snippets/s_company_team_shapes.xml 
2026-09-02 16:19:29,027 518 INFO wave4_kyc_final2 odoo.modules.loading: loading website/views/snippets/s_company_team_detail.xml 
2026-09-02 16:19:29,084 518 INFO wave4_kyc_final2 odoo.modules.loading: loading website/views/snippets/s_company_team_spotlight.xml 
2026-09-02 16:19:29,120 518 INFO wave4_kyc_final2 odoo.modules.loading: loading website/views/snippets/s_company_team_grid.xml 
2026-09-02 16:19:29,170 518 INFO wave4_kyc_final2 odoo.modules.loading: loading website/views/snippets/s_company_team_card.xml 
2026-09-02 16:19:29,209 518 INFO wave4_kyc_final2 odoo.modules.loading: loading website/views/snippets/s_call_to_action.xml 
2026-09-02 16:19:29,245 518 INFO wave4_kyc_final2 odoo.modules.loading: loading website/views/snippets/s_references.xml 
2026-09-02 16:19:29,304 518 INFO wave4_kyc_final2 odoo.modules.loading: loading website/views/snippets/s_references_social.xml 
2026-09-02 16:19:29,361 518 INFO wave4_kyc_final2 odoo.modules.loading: loading website/views/snippets/s_references_grid.xml 
2026-09-02 16:19:29,405 518 INFO wave4_kyc_final2 odoo.modules.loading: loading website/views/snippets/s_popup.xml 
2026-09-02 16:19:29,473 518 INFO wave4_kyc_final2 odoo.modules.loading: loading website/views/snippets/s_faq_list.xml 
2026-09-02 16:19:29,509 518 INFO wave4_kyc_final2 odoo.modules.loading: loading website/views/snippets/s_faq_collapse.xml 
2026-09-02 16:19:29,555 518 INFO wave4_kyc_final2 odoo.modules.loading: loading website/views/snippets/s_features_grid.xml 
2026-09-02 16:19:29,605 518 INFO wave4_kyc_final2 odoo.modules.loading: loading website/views/snippets/s_features_wave.xml 
2026-09-02 16:19:29,646 518 INFO wave4_kyc_final2 odoo.modules.loading: loading website/views/snippets/s_tabs.xml 
2026-09-02 16:19:29,722 518 INFO wave4_kyc_final2 odoo.modules.loading: loading website/views/snippets/s_tabs_images.xml 
2026-09-02 16:19:29,773 518 INFO wave4_kyc_final2 odoo.modules.loading: loading website/views/snippets/s_table_of_content.xml 
2026-09-02 16:19:29,824 518 INFO wave4_kyc_final2 odoo.modules.loading: loading website/views/snippets/s_images_constellation.xml 
2026-09-02 16:19:29,880 518 INFO wave4_kyc_final2 odoo.modules.loading: loading website/views/snippets/s_chart.xml 
2026-09-02 16:19:29,930 518 INFO wave4_kyc_final2 odoo.modules.loading: loading website/views/snippets/s_parallax.xml 
2026-09-02 16:19:29,965 518 INFO wave4_kyc_final2 odoo.modules.loading: loading website/views/snippets/s_quotes_carousel.xml 
2026-09-02 16:19:30,068 518 INFO wave4_kyc_final2 odoo.modules.loading: loading website/views/snippets/s_numbers_grid.xml 
2026-09-02 16:19:30,115 518 INFO wave4_kyc_final2 odoo.modules.loading: loading website/views/snippets/s_quotes_carousel_minimal.xml 
2026-09-02 16:19:30,155 518 INFO wave4_kyc_final2 odoo.modules.loading: loading website/views/snippets/s_quotes_carousel_compact.xml 
2026-09-02 16:19:30,197 518 INFO wave4_kyc_final2 odoo.modules.loading: loading website/views/snippets/s_numbers.xml 
2026-09-02 16:19:30,280 518 INFO wave4_kyc_final2 odoo.modules.loading: loading website/views/snippets/s_contact_info.xml 
2026-09-02 16:19:30,307 518 INFO wave4_kyc_final2 odoo.modules.loading: loading website/views/snippets/s_numbers_boxed.xml 
2026-09-02 16:19:30,338 518 INFO wave4_kyc_final2 odoo.modules.loading: loading website/views/snippets/s_cta_box.xml 
2026-09-02 16:19:30,367 518 INFO wave4_kyc_final2 odoo.modules.loading: loading website/views/snippets/s_numbers_framed.xml 
2026-09-02 16:19:30,407 518 INFO wave4_kyc_final2 odoo.modules.loading: loading website/views/snippets/s_masonry_block.xml 
2026-09-02 16:19:30,650 518 INFO wave4_kyc_final2 odoo.modules.loading: loading website/views/snippets/s_sidegrid.xml 
2026-09-02 16:19:30,680 518 INFO wave4_kyc_final2 odoo.modules.loading: loading website/views/snippets/s_media_list.xml 
2026-09-02 16:19:30,732 518 INFO wave4_kyc_final2 odoo.modules.loading: loading website/views/snippets/s_showcase.xml 
2026-09-02 16:19:30,854 518 INFO wave4_kyc_final2 odoo.modules.loading: loading website/views/snippets/s_faq_horizontal.xml 
2026-09-02 16:19:30,900 518 INFO wave4_kyc_final2 odoo.modules.loading: loading website/views/snippets/s_floating_blocks.xml 
2026-09-02 16:19:30,949 518 INFO wave4_kyc_final2 odoo.modules.loading: loading website/views/snippets/s_opening_hours.xml 
2026-09-02 16:19:30,981 518 INFO wave4_kyc_final2 odoo.modules.loading: loading website/views/snippets/s_timeline.xml 
2026-09-02 16:19:31,058 518 INFO wave4_kyc_final2 odoo.modules.loading: loading website/views/snippets/s_timeline_images.xml 
2026-09-02 16:19:31,099 518 INFO wave4_kyc_final2 odoo.modules.loading: loading website/views/snippets/s_timeline_list.xml 
2026-09-02 16:19:31,142 518 INFO wave4_kyc_final2 odoo.modules.loading: loading website/views/snippets/s_process_steps.xml 
2026-09-02 16:19:31,204 518 INFO wave4_kyc_final2 odoo.modules.loading: loading website/views/snippets/s_accordion.xml 
2026-09-02 16:19:31,264 518 INFO wave4_kyc_final2 odoo.modules.loading: loading website/views/snippets/s_website_form_info.xml 
2026-09-02 16:19:31,294 518 INFO wave4_kyc_final2 odoo.modules.loading: loading website/views/snippets/s_numbers_showcase.xml 
2026-09-02 16:19:31,322 518 INFO wave4_kyc_final2 odoo.modules.loading: loading website/views/snippets/s_numbers_charts.xml 
2026-09-02 16:19:31,358 518 INFO wave4_kyc_final2 odoo.modules.loading: loading website/views/snippets/s_accordion_image.xml 
2026-09-02 16:19:31,390 518 INFO wave4_kyc_final2 odoo.modules.loading: loading website/views/snippets/s_pricelist_boxed.xml 
2026-09-02 16:19:31,465 518 INFO wave4_kyc_final2 odoo.modules.loading: loading website/views/snippets/s_adventure.xml 
2026-09-02 16:19:31,497 518 INFO wave4_kyc_final2 odoo.modules.loading: loading website/views/snippets/s_image_title.xml 
2026-09-02 16:19:31,531 518 INFO wave4_kyc_final2 odoo.modules.loading: loading website/views/snippets/s_key_images.xml 
2026-09-02 16:19:31,574 518 INFO wave4_kyc_final2 odoo.modules.loading: loading website/views/snippets/s_kickoff.xml 
2026-09-02 16:19:31,616 518 INFO wave4_kyc_final2 odoo.modules.loading: loading website/views/snippets/s_discovery.xml 
2026-09-02 16:19:31,662 518 INFO wave4_kyc_final2 odoo.modules.loading: loading website/views/snippets/s_bento_banner.xml 
2026-09-02 16:19:31,706 518 INFO wave4_kyc_final2 odoo.modules.loading: loading website/views/snippets/s_striped.xml 
2026-09-02 16:19:31,743 518 INFO wave4_kyc_final2 odoo.modules.loading: loading website/views/snippets/s_intro_pill.xml 
2026-09-02 16:19:31,789 518 INFO wave4_kyc_final2 odoo.modules.loading: loading website/views/snippets/s_big_number.xml 
2026-09-02 16:19:31,824 518 INFO wave4_kyc_final2 odoo.modules.loading: loading website/views/snippets/s_wavy_grid.xml 
2026-09-02 16:19:31,884 518 INFO wave4_kyc_final2 odoo.modules.loading: loading website/views/snippets/s_images_mosaic.xml 
2026-09-02 16:19:31,922 518 INFO wave4_kyc_final2 odoo.modules.loading: loading website/views/snippets/s_shape_image.xml 
2026-09-02 16:19:31,964 518 INFO wave4_kyc_final2 odoo.modules.loading: loading website/views/snippets/s_empowerment.xml 
2026-09-02 16:19:32,002 518 INFO wave4_kyc_final2 odoo.modules.loading: loading website/views/snippets/s_split_intro.xml 
2026-09-02 16:19:32,049 518 INFO wave4_kyc_final2 odoo.modules.loading: loading website/views/snippets/s_text_highlight.xml 
2026-09-02 16:19:32,095 518 INFO wave4_kyc_final2 odoo.modules.loading: loading website/views/snippets/s_pricelist_cafe.xml 
2026-09-02 16:19:32,183 518 INFO wave4_kyc_final2 odoo.modules.loading: loading website/views/snippets/s_progress_bar.xml 
2026-09-02 16:19:32,228 518 INFO wave4_kyc_final2 odoo.modules.loading: loading website/views/snippets/s_blockquote.xml 
2026-09-02 16:19:32,290 518 INFO wave4_kyc_final2 odoo.modules.loading: loading website/views/snippets/s_badge.xml 
2026-09-02 16:19:32,344 518 INFO wave4_kyc_final2 odoo.modules.loading: loading website/views/snippets/s_color_blocks_2.xml 
2026-09-02 16:19:32,383 518 INFO wave4_kyc_final2 odoo.modules.loading: loading website/views/snippets/s_attributes_horizontal.xml 
2026-09-02 16:19:32,438 518 INFO wave4_kyc_final2 odoo.modules.loading: loading website/views/snippets/s_attributes_vertical.xml 
2026-09-02 16:19:32,488 518 INFO wave4_kyc_final2 odoo.modules.loading: loading website/views/snippets/s_product_list.xml 
2026-09-02 16:19:32,575 518 INFO wave4_kyc_final2 odoo.modules.loading: loading website/views/snippets/s_mega_menu_multi_menus.xml 
2026-09-02 16:19:32,626 518 INFO wave4_kyc_final2 odoo.modules.loading: loading website/views/snippets/s_mega_menu_menu_image_menu.xml 
2026-09-02 16:19:32,674 518 INFO wave4_kyc_final2 odoo.modules.loading: loading website/views/snippets/s_mega_menu_thumbnails.xml 
2026-09-02 16:19:32,752 518 INFO wave4_kyc_final2 odoo.modules.loading: loading website/views/snippets/s_mega_menu_little_icons.xml 
2026-09-02 16:19:32,839 518 INFO wave4_kyc_final2 odoo.modules.loading: loading website/views/snippets/s_mega_menu_images_subtitles.xml 
2026-09-02 16:19:32,958 518 INFO wave4_kyc_final2 odoo.modules.loading: loading website/views/snippets/s_mega_menu_menus_logos.xml 
2026-09-02 16:19:33,023 518 INFO wave4_kyc_final2 odoo.modules.loading: loading website/views/snippets/s_mega_menu_odoo_menu.xml 
2026-09-02 16:19:33,161 518 INFO wave4_kyc_final2 odoo.modules.loading: loading website/views/snippets/s_mega_menu_big_icons_subtitles.xml 
2026-09-02 16:19:33,245 518 INFO wave4_kyc_final2 odoo.modules.loading: loading website/views/snippets/s_mega_menu_cards.xml 
2026-09-02 16:19:33,325 518 INFO wave4_kyc_final2 odoo.modules.loading: loading website/views/snippets/s_google_map.xml 
2026-09-02 16:19:33,373 518 INFO wave4_kyc_final2 odoo.modules.loading: loading website/views/snippets/s_cta_mockups.xml 
2026-09-02 16:19:33,424 518 INFO wave4_kyc_final2 odoo.modules.loading: loading website/views/snippets/s_map.xml 
2026-09-02 16:19:33,478 518 INFO wave4_kyc_final2 odoo.modules.loading: loading website/views/snippets/s_dynamic_snippet.xml 
2026-09-02 16:19:33,561 518 INFO wave4_kyc_final2 odoo.modules.loading: loading website/views/snippets/s_dynamic_snippet_carousel.xml 
2026-09-02 16:19:33,625 518 INFO wave4_kyc_final2 odoo.modules.loading: loading website/views/snippets/s_banner_product.xml 
2026-09-02 16:19:33,678 518 INFO wave4_kyc_final2 odoo.modules.loading: loading website/views/snippets/s_embed_code.xml 
2026-09-02 16:19:33,731 518 INFO wave4_kyc_final2 odoo.modules.loading: loading website/views/snippets/s_website_form.xml 
2026-09-02 16:19:33,836 518 INFO wave4_kyc_final2 odoo.modules.loading: loading website/views/snippets/s_website_form_overlay.xml 
2026-09-02 16:19:33,880 518 INFO wave4_kyc_final2 odoo.modules.loading: loading website/views/snippets/s_title_form.xml 
2026-09-02 16:19:33,924 518 INFO wave4_kyc_final2 odoo.modules.loading: loading website/views/snippets/s_searchbar.xml 
2026-09-02 16:19:34,006 518 INFO wave4_kyc_final2 odoo.modules.loading: loading website/views/snippets/s_inline_text.xml 
2026-09-02 16:19:34,051 518 INFO wave4_kyc_final2 odoo.modules.loading: loading website/views/snippets/s_button.xml 
2026-09-02 16:19:34,089 518 INFO wave4_kyc_final2 odoo.modules.loading: loading website/views/snippets/s_freegrid.xml 
2026-09-02 16:19:34,138 518 INFO wave4_kyc_final2 odoo.modules.loading: loading website/views/snippets/s_card_offset.xml 
2026-09-02 16:19:34,190 518 INFO wave4_kyc_final2 odoo.modules.loading: loading website/views/snippets/s_image.xml 
2026-09-02 16:19:34,227 518 INFO wave4_kyc_final2 odoo.modules.loading: loading website/views/snippets/s_video.xml 
2026-09-02 16:19:34,282 518 INFO wave4_kyc_final2 odoo.modules.loading: loading website/views/snippets/s_cta_badge.xml 
2026-09-02 16:19:34,376 518 INFO wave4_kyc_final2 odoo.modules.loading: loading website/views/snippets/s_unveil.xml 
2026-09-02 16:19:34,425 518 INFO wave4_kyc_final2 odoo.modules.loading: loading website/views/snippets/s_image_hexagonal.xml 
2026-09-02 16:19:34,471 518 INFO wave4_kyc_final2 odoo.modules.loading: loading website/views/snippets/s_striped_center_top.xml 
2026-09-02 16:19:34,607 518 INFO wave4_kyc_final2 odoo.modules.loading: loading website/views/snippets/s_numbers_list.xml 
2026-09-02 16:19:34,694 518 INFO wave4_kyc_final2 odoo.modules.loading: loading website/views/snippets/s_quadrant.xml 
2026-09-02 16:19:34,744 518 INFO wave4_kyc_final2 odoo.modules.loading: loading website/views/snippets/s_cta_card.xml 
2026-09-02 16:19:34,782 518 INFO wave4_kyc_final2 odoo.modules.loading: loading website/views/snippets/s_image_frame.xml 
2026-09-02 16:19:34,829 518 INFO wave4_kyc_final2 odoo.modules.loading: loading website/views/snippets/s_cta_mobile.xml 
2026-09-02 16:19:34,885 518 INFO wave4_kyc_final2 odoo.modules.loading: loading website/views/snippets/s_reviews_wall.xml 
2026-09-02 16:19:34,982 518 INFO wave4_kyc_final2 odoo.modules.loading: loading website/views/snippets/s_website_form_cover.xml 
2026-09-02 16:19:35,041 518 INFO wave4_kyc_final2 odoo.modules.loading: loading website/views/snippets/s_form_aside.xml 
2026-09-02 16:19:35,115 518 INFO wave4_kyc_final2 odoo.modules.loading: loading website/views/snippets/s_banner_connected.xml 
2026-09-02 16:19:35,176 518 INFO wave4_kyc_final2 odoo.modules.loading: loading website/views/snippets/s_ecomm_categories_showcase.xml 
2026-09-02 16:19:35,229 518 INFO wave4_kyc_final2 odoo.modules.loading: loading website/views/snippets/s_banner_categories.xml 
2026-09-02 16:19:35,292 518 INFO wave4_kyc_final2 odoo.modules.loading: loading website/views/new_page_template_templates.xml 
2026-09-02 16:19:42,858 518 INFO wave4_kyc_final2 odoo.addons.website.models.ir_module_module: Generated 227 primary snippet templates for 'website' 
2026-09-02 16:19:43,278 518 INFO wave4_kyc_final2 odoo.addons.website.models.ir_module_module: Generated 39 primary page templates for 'website' 
2026-09-02 16:19:43,278 518 INFO wave4_kyc_final2 odoo.modules.loading: loading website/views/website_views.xml 
2026-09-02 16:19:44,190 518 INFO wave4_kyc_final2 odoo.modules.loading: loading website/views/website_pages_views.xml 
2026-09-02 16:19:44,556 518 INFO wave4_kyc_final2 odoo.modules.loading: loading website/views/website_controller_pages_views.xml 
2026-09-02 16:19:44,697 518 INFO wave4_kyc_final2 odoo.modules.loading: loading website/views/website_visitor_views.xml 
2026-09-02 16:19:45,142 518 INFO wave4_kyc_final2 odoo.modules.loading: loading website/views/res_config_settings_views.xml 
2026-09-02 16:19:45,487 518 INFO wave4_kyc_final2 odoo.modules.loading: loading website/views/website_rewrite.xml 
2026-09-02 16:19:45,635 518 INFO wave4_kyc_final2 odoo.modules.loading: loading website/views/ir_actions_server_views.xml 
2026-09-02 16:19:45,780 518 INFO wave4_kyc_final2 odoo.modules.loading: loading website/views/ir_asset_views.xml 
2026-09-02 16:19:45,863 518 INFO wave4_kyc_final2 odoo.modules.loading: loading website/views/ir_attachment_views.xml 
2026-09-02 16:19:45,982 518 INFO wave4_kyc_final2 odoo.modules.loading: loading website/views/ir_model_views.xml 
2026-09-02 16:19:46,149 518 INFO wave4_kyc_final2 odoo.modules.loading: loading website/views/res_partner_views.xml 
2026-09-02 16:19:46,216 518 INFO wave4_kyc_final2 odoo.modules.loading: loading website/views/neutralize_views.xml 
2026-09-02 16:19:46,293 518 INFO wave4_kyc_final2 odoo.modules.loading: loading website/wizard/base_language_install_views.xml 
2026-09-02 16:19:46,363 518 INFO wave4_kyc_final2 odoo.modules.loading: loading website/wizard/blocked_third_party_domains.xml 
2026-09-02 16:19:46,399 518 INFO wave4_kyc_final2 odoo.modules.loading: loading website/wizard/website_robots.xml 
2026-09-02 16:19:46,441 518 INFO wave4_kyc_final2 odoo.modules.loading: loading website/data/update_theme_images.xml 
2026-09-02 16:19:46,780 518 INFO wave4_kyc_final2 odoo.modules.loading: loading website/views/website_templates_svg.xml 
2026-09-02 16:19:47,446 518 INFO wave4_kyc_final2 odoo.modules.loading: Module website loaded in 59.68s, 7869 queries (+7869 other) 
2026-09-02 16:19:47,446 518 INFO wave4_kyc_final2 odoo.modules.loading: Loading module crm_sms (45/53) 
2026-09-02 16:19:47,577 518 INFO wave4_kyc_final2 odoo.modules.loading: loading crm_sms/views/crm_lead_views.xml 
2026-09-02 16:19:47,894 518 INFO wave4_kyc_final2 odoo.modules.loading: loading crm_sms/security/ir.model.access.csv 
2026-09-02 16:19:47,929 518 INFO wave4_kyc_final2 odoo.modules.loading: loading crm_sms/security/sms_security.xml 
2026-09-02 16:19:48,028 518 INFO wave4_kyc_final2 odoo.modules.loading: Module crm_sms loaded in 0.58s, 87 queries (+87 other) 
2026-09-02 16:19:48,028 518 INFO wave4_kyc_final2 odoo.modules.loading: Loading module iap_crm (46/53) 
2026-09-02 16:19:48,092 518 INFO wave4_kyc_final2 odoo.registry: module iap_crm: creating or updating database tables 
2026-09-02 16:19:48,529 518 INFO wave4_kyc_final2 odoo.modules.loading: Module iap_crm loaded in 0.50s, 68 queries (+68 other) 
2026-09-02 16:19:48,529 518 INFO wave4_kyc_final2 odoo.modules.loading: Loading module kyc_management (47/53) 
2026-09-02 16:19:58,425 518 INFO wave4_kyc_final2 odoo.registry: module kyc_management: creating or updating database tables 
2026-09-02 16:20:00,153 518 INFO wave4_kyc_final2 odoo.models: Prepare computation of res.partner.x_is_pep 
<string>:8: (WARNING/2) Line block ends without a blank line.
<string>:8: (ERROR/3) Undefined substitution referenced: "-------".
2026-09-02 16:20:05,801 518 INFO wave4_kyc_final2 odoo.modules.loading: loading kyc_management/security/groups.xml 
2026-09-02 16:20:06,643 518 INFO wave4_kyc_final2 odoo.modules.loading: loading kyc_management/security/ir.model.access.csv 
2026-09-02 16:20:07,002 518 INFO wave4_kyc_final2 odoo.modules.loading: loading kyc_management/security/ir_rules.xml 
2026-09-02 16:20:07,277 518 INFO wave4_kyc_final2 odoo.modules.loading: loading kyc_management/data/legacy_security_compat.xml 
2026-09-02 16:20:07,554 518 INFO wave4_kyc_final2 odoo.modules.loading: loading kyc_management/data/crm_data.xml 
2026-09-02 16:20:07,776 518 INFO wave4_kyc_final2 odoo.modules.loading: loading kyc_management/reports/kyc_application_report.xml 
2026-09-02 16:20:07,976 518 INFO wave4_kyc_final2 odoo.modules.loading: loading kyc_management/reports/kyc_approvals_summary_report.xml 
2026-09-02 16:20:08,166 518 INFO wave4_kyc_final2 odoo.modules.loading: loading kyc_management/wizard/kyc_wizard_views.xml 
2026-09-02 16:20:08,447 518 INFO wave4_kyc_final2 odoo.modules.loading: loading kyc_management/views/kyc_application_views.xml 
2026-09-02 16:20:08,876 518 INFO wave4_kyc_final2 odoo.modules.loading: loading kyc_management/views/kyc_approval_views.xml 
2026-09-02 16:20:09,502 518 INFO wave4_kyc_final2 odoo.modules.loading: loading kyc_management/views/kyc_notification_views.xml 
2026-09-02 16:20:09,974 518 INFO wave4_kyc_final2 odoo.modules.loading: loading kyc_management/views/kyc_menu.xml 
2026-09-02 16:20:10,563 518 INFO wave4_kyc_final2 odoo.modules.loading: loading kyc_management/views/portal_kyc_templates.xml 
2026-09-02 16:20:12,161 518 INFO wave4_kyc_final2 odoo.modules.loading: Module kyc_management loaded in 23.63s, 1001 queries (+1001 other) 
2026-09-02 16:20:12,161 518 INFO wave4_kyc_final2 odoo.modules.loading: Loading module website_crm (48/53) 
2026-09-02 16:20:12,262 518 INFO wave4_kyc_final2 odoo.registry: module website_crm: creating or updating database tables 
2026-09-02 16:20:12,717 518 INFO wave4_kyc_final2 odoo.modules.loading: loading website_crm/security/ir.model.access.csv 
2026-09-02 16:20:12,757 518 INFO wave4_kyc_final2 odoo.modules.loading: loading website_crm/data/crm_lead_merge_template.xml 
2026-09-02 16:20:12,820 518 INFO wave4_kyc_final2 odoo.modules.loading: loading website_crm/data/ir_actions_data.xml 
2026-09-02 16:20:12,868 518 INFO wave4_kyc_final2 odoo.modules.loading: loading website_crm/data/ir_model_data.xml 
2026-09-02 16:20:12,932 518 INFO wave4_kyc_final2 odoo.modules.loading: loading website_crm/views/crm_lead_views.xml 
2026-09-02 16:20:13,018 518 INFO wave4_kyc_final2 odoo.modules.loading: loading website_crm/views/website_visitor_views.xml 
2026-09-02 16:20:13,190 518 INFO wave4_kyc_final2 odoo.modules.loading: loading website_crm/views/website_templates_contactus.xml 
2026-09-02 16:20:13,295 518 INFO wave4_kyc_final2 odoo.modules.loading: Module website_crm loaded in 1.13s, 228 queries (+228 other) 
2026-09-02 16:20:13,295 518 INFO wave4_kyc_final2 odoo.modules.loading: Loading module website_mail (49/53) 
2026-09-02 16:20:13,349 518 INFO wave4_kyc_final2 odoo.registry: module website_mail: creating or updating database tables 
2026-09-02 16:20:13,410 518 INFO wave4_kyc_final2 odoo.modules.loading: loading website_mail/views/website_mail_templates.xml 
2026-09-02 16:20:13,617 518 INFO wave4_kyc_final2 odoo.modules.loading: Module website_mail loaded in 0.32s, 31 queries (+31 other) 
2026-09-02 16:20:13,617 518 INFO wave4_kyc_final2 odoo.modules.loading: Loading module website_sms (50/53) 
2026-09-02 16:20:13,660 518 INFO wave4_kyc_final2 odoo.registry: module website_sms: creating or updating database tables 
2026-09-02 16:20:13,754 518 INFO wave4_kyc_final2 odoo.modules.loading: loading website_sms/views/website_visitor_views.xml 
2026-09-02 16:20:14,114 518 INFO wave4_kyc_final2 odoo.modules.loading: Module website_sms loaded in 0.50s, 76 queries (+76 other) 
2026-09-02 16:20:14,114 518 INFO wave4_kyc_final2 odoo.modules.loading: Loading module crm_iap_enrich (51/53) 
2026-09-02 16:20:14,199 518 INFO wave4_kyc_final2 odoo.registry: module crm_iap_enrich: creating or updating database tables 
2026-09-02 16:20:14,456 518 INFO wave4_kyc_final2 odoo.modules.loading: loading crm_iap_enrich/data/ir_cron.xml 
2026-09-02 16:20:14,679 518 INFO wave4_kyc_final2 odoo.modules.loading: loading crm_iap_enrich/data/ir_action.xml 
2026-09-02 16:20:14,722 518 INFO wave4_kyc_final2 odoo.modules.loading: loading crm_iap_enrich/data/mail_templates.xml 
2026-09-02 16:20:14,755 518 INFO wave4_kyc_final2 odoo.modules.loading: loading crm_iap_enrich/views/crm_lead_views.xml 
2026-09-02 16:20:14,877 518 INFO wave4_kyc_final2 odoo.modules.loading: loading crm_iap_enrich/views/res_config_settings_view.xml 
2026-09-02 16:20:15,139 518 INFO wave4_kyc_final2 odoo.modules.loading: Module crm_iap_enrich loaded in 1.02s, 171 queries (+171 other) 
2026-09-02 16:20:15,139 518 INFO wave4_kyc_final2 odoo.modules.loading: Loading module crm_iap_mine (52/53) 
2026-09-02 16:20:15,244 518 INFO wave4_kyc_final2 odoo.registry: module crm_iap_mine: creating or updating database tables 
2026-09-02 16:20:16,413 518 INFO wave4_kyc_final2 odoo.modules.loading: loading crm_iap_mine/data/crm.iap.lead.industry.csv 
2026-09-02 16:20:16,451 518 INFO wave4_kyc_final2 odoo.modules.loading: loading crm_iap_mine/data/crm.iap.lead.role.csv 
2026-09-02 16:20:16,467 518 INFO wave4_kyc_final2 odoo.modules.loading: loading crm_iap_mine/data/crm.iap.lead.seniority.csv 
2026-09-02 16:20:16,496 518 INFO wave4_kyc_final2 odoo.modules.loading: loading crm_iap_mine/data/mail_template_data.xml 
2026-09-02 16:20:16,526 518 INFO wave4_kyc_final2 odoo.modules.loading: loading crm_iap_mine/data/ir_sequence_data.xml 
2026-09-02 16:20:16,571 518 INFO wave4_kyc_final2 odoo.modules.loading: loading crm_iap_mine/security/ir.model.access.csv 
2026-09-02 16:20:16,612 518 INFO wave4_kyc_final2 odoo.modules.loading: loading crm_iap_mine/views/crm_lead_views.xml 
2026-09-02 16:20:16,843 518 INFO wave4_kyc_final2 odoo.modules.loading: loading crm_iap_mine/views/crm_iap_lead_mining_request_views.xml 
2026-09-02 16:20:17,008 518 INFO wave4_kyc_final2 odoo.modules.loading: loading crm_iap_mine/views/res_config_settings_views.xml 
2026-09-02 16:20:17,126 518 INFO wave4_kyc_final2 odoo.modules.loading: loading crm_iap_mine/views/mail_templates.xml 
2026-09-02 16:20:17,197 518 INFO wave4_kyc_final2 odoo.modules.loading: loading crm_iap_mine/views/crm_menus.xml 
2026-09-02 16:20:17,315 518 INFO wave4_kyc_final2 odoo.modules.loading: Module crm_iap_mine loaded in 2.18s, 426 queries (+426 other) 
2026-09-02 16:20:17,315 518 INFO wave4_kyc_final2 odoo.modules.loading: Loading module website_crm_sms (53/53) 
2026-09-02 16:20:17,367 518 INFO wave4_kyc_final2 odoo.registry: module website_crm_sms: creating or updating database tables 
2026-09-02 16:20:17,665 518 INFO wave4_kyc_final2 odoo.modules.loading: Module website_crm_sms loaded in 0.35s, 31 queries (+31 other) 
2026-09-02 16:20:17,665 518 INFO wave4_kyc_final2 odoo.modules.loading: 53 modules loaded in 233.07s, 31422 queries (+31423 extra) 
2026-09-02 16:20:20,528 518 INFO wave4_kyc_final2 odoo.modules.loading: Modules loaded. 
2026-09-02 16:20:20,616 518 INFO wave4_kyc_final2 odoo.registry: Registry changed, signaling through the database 
2026-09-02 16:20:20,636 518 INFO wave4_kyc_final2 odoo.registry: Registry loaded in 294.312s 
2026-09-02 16:20:20,637 518 INFO wave4_kyc_final2 odoo.service.server: Initiating shutdown 
2026-09-02 16:20:20,637 518 INFO wave4_kyc_final2 odoo.service.server: Hit CTRL-C again or send a second signal to force the shutdown. 
2026-09-02 16:20:20,637 518 INFO wave4_kyc_final2 odoo.sql_db: ConnectionPool(read/write;used=0/count=0/max=64): Closed 1 connections  
